    +----------------------------------------------------------------------+
    ¦                 • MobaXterm Personal Edition v21.5 •                 ¦
    ¦               (SSH client, X server and network tools)               ¦
    ¦                                                                      ¦
    ¦ ? SSH session to srishanm@10.138.129.9                               ¦
    ¦   • Direct SSH      :  ?                                             ¦
    ¦   • SSH compression :  ?                                             ¦
    ¦   • SSH-browser     :  ?                                             ¦
    ¦   • X11-forwarding  :  ?  (remote display is forwarded through SSH)  ¦
    ¦                                                                      ¦
    ¦ ? For more info, ctrl+click on help or visit our website.            ¦
    +----------------------------------------------------------------------+

Welcome to Ubuntu 20.04.4 LTS (GNU/Linux 5.15.0-56-generic x86_64)

 * Documentation:  https://help.ubuntu.com
 * Management:     https://landscape.canonical.com
 * Support:        https://ubuntu.com/advantage

106 updates can be applied immediately.
To see these additional updates run: apt list --upgradable

New release '22.04.1 LTS' available.
Run 'do-release-upgrade' to upgrade to it.

Your Hardware Enablement Stack (HWE) is supported until April 2025.
*** System restart required ***
Last login: Wed Feb  8 14:08:25 2023 from 10.136.38.122
srishanm@TRX40-1:~$ ssh root@10.136.9.228
^C
srishanm@TRX40-1:~$ ssh root@10.136.9.42
The authenticity of host '10.136.9.42 (10.136.9.42)' can't be established.
ED25519 key fingerprint is SHA256:WVf6a8GJ/C2bx20w8xZKmpXtTYTqweyOn+nLCZ8g5Bw.
Are you sure you want to continue connecting (yes/no/[fingerprint])? yes
Warning: Permanently added '10.136.9.42' (ED25519) to the list of known hosts.
Password:
localhost ~ # cd /
localhost / #
localhost / #
localhost / #
localhost / #
localhost / # ectool reboot_ec cold
localhost / # client_loop: send disconnect: Broken pipe
srishanm@TRX40-1:~$ ssh root@10.136.9.42
Password:
localhost ~ # cd /
localhost / #
localhost / # dmesg -w
[    0.000000] Linux version 5.15.89-15899-g3f5b246a25a2-dirty (srishanm@TRX40-1) (Chromium OS 15.0_pre465103_p20220825-r3 clang version 15.0.0 (/var/tmp/portage/sys-devel/llvm-15.0_pre465103_p20220825-r3/work/llvm-15.0_pre465103_p20220825/clang db1978b67431ca3462ad8935bf662c15750b8252), LLD 15.0.0) #61 SMP PREEMPT Wed Feb 8 14:30:44 IST 2023
[    0.000000] Command line: cros_secure console= loglevel=7 init=/sbin/init cros_secure drm.trace=0x106 root=PARTUUID=bdf929fd-305a-4c4b-9749-8752614e538d/PARTNROFF=1 rootwait rw dm_verity.error_behavior=3 dm_verity.max_bios=-1 dm_verity.dev_wait=0 dm="1 vroot none ro 1,0 5324800 verity payload=ROOT_DEV hashtree=HASH_DEV hashstart=5324800 alg=sha256 root_hexdigest=ddd391d2b48112249bff6272c04a7063386f5f699c7a242cf29f3fb51afcf1c6 salt=2865b5e366b3caa615851897e77216f91a279a3d71f783fdea545e6130252497" noinitrd cros_debug vt.global_cursor_default=0 kern_guid=bdf929fd-305a-4c4b-9749-8752614e538d add_efi_memmap boot=local noresume noswap i915.modeset=1 amdgpu.abmlevel=0x4 amdgpu.dcfeaturemask=0x8 rtc-cmos.use_acpi_alarm=1 amd-pmc.enable_stb=1 drm.debug=0x1FF log_buf_len=256M
[    0.000000] KERNEL supported cpus:
[    0.000000]   AMD AuthenticAMD
[    0.000000] x86/fpu: Supporting XSAVE feature 0x001: 'x87 floating point registers'
[    0.000000] x86/fpu: Supporting XSAVE feature 0x002: 'SSE registers'
[    0.000000] x86/fpu: Supporting XSAVE feature 0x004: 'AVX registers'
[    0.000000] x86/fpu: xstate_offset[2]:  576, xstate_sizes[2]:  256
[    0.000000] x86/fpu: Enabled xstate features 0x7, context size is 832 bytes, using 'compacted' format.
[    0.000000] signal: max sigframe size: 1776
[    0.000000] BIOS-provided physical RAM map:
[    0.000000] BIOS-e820: [mem 0x0000000000000000-0x0000000000000fff] reserved
[    0.000000] BIOS-e820: [mem 0x0000000000001000-0x000000000009ffff] usable
[    0.000000] BIOS-e820: [mem 0x00000000000a0000-0x00000000000fffff] reserved
[    0.000000] BIOS-e820: [mem 0x0000000000100000-0x0000000001ffffff] usable
[    0.000000] BIOS-e820: [mem 0x0000000002000000-0x0000000002181fff] reserved
[    0.000000] BIOS-e820: [mem 0x0000000002182000-0x00000000b826bfff] usable
[    0.000000] BIOS-e820: [mem 0x00000000b826c000-0x00000000bfffffff] reserved
[    0.000000] BIOS-e820: [mem 0x00000000f8000000-0x00000000fbffffff] reserved
[    0.000000] BIOS-e820: [mem 0x00000000fec10000-0x00000000fec10fff] reserved
[    0.000000] BIOS-e820: [mem 0x00000000fedc2000-0x00000000fedc5fff] reserved
[    0.000000] BIOS-e820: [mem 0x00000000fedc9000-0x00000000fedcafff] reserved
[    0.000000] BIOS-e820: [mem 0x0000000100000000-0x000000023e33ffff] usable
[    0.000000] BIOS-e820: [mem 0x000000023e340000-0x000000023fffffff] reserved
[    0.000000] NX (Execute Disable) protection: active
[    0.000000] SMBIOS 3.0 present.
[    0.000000] DMI: XXXXXX
[    0.000000] tsc: Fast TSC calibration using PIT
[    0.000000] tsc: Detected 1197.682 MHz processor
[    0.000316] e820: update [mem 0x00000000-0x00000fff] usable ==> reserved
[    0.000318] e820: remove [mem 0x000a0000-0x000fffff] usable
[    0.000323] last_pfn = 0x23e340 max_arch_pfn = 0x400000000
[    0.000562] x86/PAT: Configuration [0-7]: WB  WC  UC- UC  WB  WP  UC- WT
[    0.000987] last_pfn = 0xb826c max_arch_pfn = 0x400000000
[    0.004117] Using GB pages for direct mapping
[    0.288171] printk: log_buf_len: 268435456 bytes
[    0.288176] printk: early log buf free: 258952(98%)
[    0.288180] ACPI: Early table checksum verification disabled
[    0.288186] ACPI: RSDP 0x00000000000F0000 000024 (v02 COREv4)
[    0.288190] ACPI: XSDT 0x00000000B82840E0 00006C (v01 COREv4 COREBOOT 00000000 CORE 20220331)
[    0.288196] ACPI: FACP 0x00000000B8288870 000114 (v06 COREv4 COREBOOT 00000000 CORE 20220331)
[    0.288200] ACPI: DSDT 0x00000000B8284280 0045ED (v02 COREv4 COREBOOT 00010001 INTL 20220331)
[    0.288203] ACPI: FACS 0x00000000B8284240 000040
[    0.288205] ACPI: FACS 0x00000000B8284240 000040
[    0.288206] ACPI: SSDT 0x00000000B8288990 00324B (v02 COREv4 COREBOOT 0000002A CORE 20220331)
[    0.288208] ACPI: MCFG 0x00000000B828BBE0 00003C (v01 COREv4 COREBOOT 00000000 CORE 20220331)
[    0.288211] ACPI: TPM2 0x00000000B828BC20 00004C (v04 COREv4 COREBOOT 00000000 CORE 20220331)
[    0.288212] ACPI: APIC 0x00000000B828BC70 00007E (v03 COREv4 COREBOOT 00000000 CORE 20220331)
[    0.288215] ACPI: SSDT 0x00000000B828BCF0 007D72 (v02 AMD    AmdTable 00000002 MSFT 04000000)
[    0.288217] ACPI: IVRS 0x00000000B8293A70 000186 (v02 COREv4 COREBOOT 00000000 CORE 20220331)
[    0.288219] ACPI: HPET 0x00000000B8293C00 000038 (v01 COREv4 COREBOOT 00000000 CORE 20220331)
[    0.288221] ACPI: VFCT 0x00000000B8293C40 00AE69 (v01 COREv4 COREBOOT 00000000 CORE 20220331)
[    0.288223] ACPI: Reserving FACP table memory at [mem 0xb8288870-0xb8288983]
[    0.288225] ACPI: Reserving DSDT table memory at [mem 0xb8284280-0xb828886c]
[    0.288226] ACPI: Reserving FACS table memory at [mem 0xb8284240-0xb828427f]
[    0.288227] ACPI: Reserving FACS table memory at [mem 0xb8284240-0xb828427f]
[    0.288228] ACPI: Reserving SSDT table memory at [mem 0xb8288990-0xb828bbda]
[    0.288228] ACPI: Reserving MCFG table memory at [mem 0xb828bbe0-0xb828bc1b]
[    0.288229] ACPI: Reserving TPM2 table memory at [mem 0xb828bc20-0xb828bc6b]
[    0.288230] ACPI: Reserving APIC table memory at [mem 0xb828bc70-0xb828bced]
[    0.288231] ACPI: Reserving SSDT table memory at [mem 0xb828bcf0-0xb8293a61]
[    0.288232] ACPI: Reserving IVRS table memory at [mem 0xb8293a70-0xb8293bf5]
[    0.288233] ACPI: Reserving HPET table memory at [mem 0xb8293c00-0xb8293c37]
[    0.288233] ACPI: Reserving VFCT table memory at [mem 0xb8293c40-0xb829eaa8]
[    0.288266] Zone ranges:
[    0.288266]   DMA      [mem 0x0000000000001000-0x0000000000ffffff]
[    0.288268]   DMA32    [mem 0x0000000001000000-0x00000000ffffffff]
[    0.288270]   Normal   [mem 0x0000000100000000-0x000000023e33ffff]
[    0.288271] Movable zone start for each node
[    0.288272] Early memory node ranges
[    0.288272]   node   0: [mem 0x0000000000001000-0x000000000009ffff]
[    0.288274]   node   0: [mem 0x0000000000100000-0x0000000001ffffff]
[    0.288275]   node   0: [mem 0x0000000002182000-0x00000000b826bfff]
[    0.288276]   node   0: [mem 0x0000000100000000-0x000000023e33ffff]
[    0.288277] Initmem setup node 0 [mem 0x0000000000001000-0x000000023e33ffff]
[    0.288284] On node 0, zone DMA: 1 pages in unavailable ranges
[    0.288318] On node 0, zone DMA: 96 pages in unavailable ranges
[    0.294981] On node 0, zone DMA32: 386 pages in unavailable ranges
[    0.307004] On node 0, zone Normal: 32148 pages in unavailable ranges
[    0.307075] On node 0, zone Normal: 7360 pages in unavailable ranges
[    0.307478] ACPI: PM-Timer IO Port: 0x408
[    0.307485] ACPI: LAPIC_NMI (acpi_id[0xff] high edge lint[0x1])
[    0.307499] IOAPIC[0]: apic_id 0, version 33, address 0xfec00000, GSI 0-23
[    0.307504] IOAPIC[1]: apic_id 1, version 33, address 0xfec01000, GSI 24-55
[    0.307506] ACPI: INT_SRC_OVR (bus 0 bus_irq 0 global_irq 2 dfl dfl)
[    0.307508] ACPI: INT_SRC_OVR (bus 0 bus_irq 9 global_irq 9 low level)
[    0.307511] ACPI: Using ACPI (MADT) for SMP configuration information
[    0.307513] ACPI: HPET id: 0x10228201 base: 0xfed00000
[    0.307517] smpboot: Allowing 4 CPUs, 0 hotplug CPUs
[    0.307530] [mem 0xc0000000-0xf7ffffff] available for PCI devices
[    0.307533] clocksource: refined-jiffies: mask: 0xffffffff max_cycles: 0xffffffff, max_idle_ns: 1910969940391419 ns
[    0.311829] setup_percpu: NR_CPUS:64 nr_cpumask_bits:64 nr_cpu_ids:4 nr_node_ids:1
[    0.312112] percpu: Embedded 49 pages/cpu s161304 r8192 d31208 u524288
[    0.312117] pcpu-alloc: s161304 r8192 d31208 u524288 alloc=1*2097152
[    0.312119] pcpu-alloc: [0] 0 1 2 3
[    0.312133] Built 1 zonelists, mobility grouping on.  Total pages: 2024857
[    0.312136] Kernel command line: cros_secure console= loglevel=7 init=/sbin/init cros_secure drm.trace=0x106 root=PARTUUID=bdf929fd-305a-4c4b-9749-8752614e538d/PARTNROFF=1 rootwait rw dm_verity.error_behavior=3 dm_verity.max_bios=-1 dm_verity.dev_wait=0 dm="1 vroot none ro 1,0 5324800 verity payload=ROOT_DEV hashtree=HASH_DEV hashstart=5324800 alg=sha256 root_hexdigest=ddd391d2b48112249bff6272c04a7063386f5f699c7a242cf29f3fb51afcf1c6 salt=2865b5e366b3caa615851897e77216f91a279a3d71f783fdea545e6130252497" noinitrd cros_debug vt.global_cursor_default=0 kern_guid=bdf929fd-305a-4c4b-9749-8752614e538d add_efi_memmap boot=local noresume noswap i915.modeset=1 amdgpu.abmlevel=0x4 amdgpu.dcfeaturemask=0x8 rtc-cmos.use_acpi_alarm=1 amd-pmc.enable_stb=1 drm.debug=0x1FF log_buf_len=256M
[    0.312315] Unknown kernel command line parameters "cros_secure cros_debug noresume noswap dm=1 vroot none ro 1,0 5324800 verity payload=ROOT_DEV hashtree=HASH_DEV hashstart=5324800 alg=sha256 root_hexdigest=ddd391d2b48112249bff6272c04a7063386f5f699c7a242cf29f3fb51afcf1c6 salt=2865b5e366b3caa615851897e77216f91a279a3d71f783fdea545e6130252497 boot=local", will be passed to user space.
[    0.313238] Dentry cache hash table entries: 1048576 (order: 11, 8388608 bytes, linear)
[    0.313731] Inode-cache hash table entries: 524288 (order: 10, 4194304 bytes, linear)
[    0.313979] mem auto-init: stack:all(zero), heap alloc:off, heap free:off
[    0.350194] Memory: 6794528K/8228644K available (18442K kernel code, 2430K rwdata, 9892K rodata, 1840K init, 2940K bss, 1433856K reserved, 0K cma-reserved)
[    0.358866] SLUB: HWalign=64, Order=0-3, MinObjects=0, CPUs=4, Nodes=1
[    0.359228] ftrace: allocating 56387 entries in 221 pages
[    0.371937] ftrace: allocated 221 pages with 6 groups
[    0.372933] rcu: Preemptible hierarchical RCU implementation.
[    0.372935] rcu:     RCU restricting CPUs from NR_CPUS=64 to nr_cpu_ids=4.
[    0.372936]  Trampoline variant of Tasks RCU enabled.
[    0.372937]  Rude variant of Tasks RCU enabled.
[    0.372937]  Tracing variant of Tasks RCU enabled.
[    0.372938] rcu: RCU calculated value of scheduler-enlistment delay is 100 jiffies.
[    0.372940] rcu: Adjusting geometry for rcu_fanout_leaf=16, nr_cpu_ids=4
[    0.386205] NR_IRQS: 4352, nr_irqs: 1000, preallocated irqs: 16
[    0.386472] rcu:     Note: kernel parameter 'rcu_nocbs=', 'nohz_full', or 'isolcpus=' contains nonexistent CPUs.
[    0.386473] rcu:     Offload RCU callbacks from CPUs: 0-3.
[    0.386542] kfence: initialized - using 2097152 bytes for 255 objects at 0x(____ptrval____)-0x(____ptrval____)
[    0.386837] random: crng init done
[    0.386857] Console: colour dummy device 80x25
[    0.386864] ACPI: Core revision 20210730
[    0.386961] clocksource: hpet: mask: 0xffffffff max_cycles: 0xffffffff, max_idle_ns: 133484873504 ns
[    0.386981] APIC: Switch to symmetric I/O mode setup
[    0.387688] AMD-Vi: ivrs, add hid:AMDI0040, uid:, rdevid:152
[    0.388772] ..TIMER: vector=0x30 apic1=0 pin1=2 apic2=-1 pin2=-1
[    0.392988] clocksource: tsc-early: mask: 0xffffffffffffffff max_cycles: 0x11438e08dbd, max_idle_ns: 440795260735 ns
[    0.392992] Calibrating delay loop (skipped), value calculated using timer frequency.. 2395.36 BogoMIPS (lpj=1197682)
[    0.392994] pid_max: default: 32768 minimum: 301
[    0.393013] LSM: Security Framework initializing
[    0.393023] landlock: Up and running.
[    0.393024] Yama: becoming mindful.
[    0.393029] LoadPin: ready to pin (currently enforcing)
[    0.393033] Chromium OS LSM: enabled
[    0.393034] SELinux:  Initializing.
[    0.393088] Mount-cache hash table entries: 16384 (order: 5, 131072 bytes, linear)
[    0.393113] Mountpoint-cache hash table entries: 16384 (order: 5, 131072 bytes, linear)
[    0.393361] x86/cpu: User Mode Instruction Prevention (UMIP) activated
[    0.393640] LVT offset 1 assigned for vector 0xf9
[    0.393705] LVT offset 2 assigned for vector 0xf4
[    0.393719] Last level iTLB entries: 4KB 1024, 2MB 1024, 4MB 512
[    0.393720] Last level dTLB entries: 4KB 2048, 2MB 2048, 4MB 1024, 1GB 0
[    0.393723] Spectre V1 : Mitigation: usercopy/swapgs barriers and __user pointer sanitization
[    0.393728] Spectre V2 : Mitigation: Retpolines
[    0.393730] Spectre V2 : Spectre v2 / SpectreRSB mitigation: Filling RSB on context switch
[    0.393730] Spectre V2 : Spectre v2 / SpectreRSB : Filling RSB on VMEXIT
[    0.393731] Spectre V2 : Enabling Speculation Barrier for firmware calls
[    0.393732] RETBleed: Mitigation: untrained return thunk
[    0.393736] Spectre V2 : mitigation: Enabling conditional Indirect Branch Prediction Barrier
[    0.393740] Speculative Store Bypass: Mitigation: Speculative Store Bypass disabled via prctl and seccomp
[    0.401670] Freeing SMP alternatives memory: 36K
[    0.504895] smpboot: CPU0: AMD Ryzen 3 7320Ce with Radeon Graphics (family: 0x17, model: 0xa0, stepping: 0x0)
[    0.504991] Performance Events: Fam17h+ core perfctr, AMD PMU driver.
[    0.504991] ... version:                0
[    0.504991] ... bit width:              48
[    0.504991] ... generic registers:      6
[    0.504991] ... value mask:             0000ffffffffffff
[    0.504991] ... max period:             00007fffffffffff
[    0.504991] ... fixed-purpose events:   0
[    0.504991] ... event mask:             000000000000003f
[    0.504991] rcu: Hierarchical SRCU implementation.
[    0.504991] MCE: In-kernel MCE decoding enabled.
[    0.504991] NMI watchdog: Enabled. Permanently consumes one hw-PMU counter.
[    0.504991] smp: Bringing up secondary CPUs ...
[    0.504991] x86: Booting SMP configuration:
[    0.504991] .... node  #0, CPUs:      #1
[    0.002493] rdrand: disabled
[    0.506093]  #2 #3
[    0.508031] smp: Brought up 1 node, 4 CPUs
[    0.508031] smpboot: Max logical packages: 1
[    0.508031] smpboot: Total of 4 processors activated (9581.45 BogoMIPS)
[    0.509143] devtmpfs: initialized
[    0.509227] clocksource: jiffies: mask: 0xffffffff max_cycles: 0xffffffff, max_idle_ns: 1911260446275000 ns
[    0.509227] futex hash table entries: 1024 (order: 4, 65536 bytes, linear)
[    0.509227] pinctrl core: initialized pinctrl subsystem
[    0.509233] PM: RTC time: 09:34:16, date: 2023-02-08
[    0.509344] NET: Registered PF_NETLINK/PF_ROUTE protocol family
[    0.509493] audit: initializing netlink subsys (disabled)
[    0.509996] audit: type=2000 audit(1675848856.122:1): state=initialized audit_enabled=0 res=1
[    0.510054] thermal_sys: Registered thermal governor 'bang_bang'
[    0.510055] thermal_sys: Registered thermal governor 'step_wise'
[    0.510063] cpuidle: using governor ladder
[    0.510066] cpuidle: using governor menu
[    0.510071] NET: Registered PF_QIPCRTR protocol family
[    0.510098] ACPI: bus type PCI registered
[    0.510126] PCI: MMCONFIG for domain 0000 [bus 00-3f] at [mem 0xf8000000-0xfbffffff] (base 0xf8000000)
[    0.510130] PCI: MMCONFIG at [mem 0xf8000000-0xfbffffff] reserved in E820
[    0.510140] PCI: Using configuration type 1 for base access
[    0.512769] Kprobes globally optimized
[    0.513066] cryptd: max_cpu_qlen set to 1000
[    0.513066] ACPI: Added _OSI(Module Device)
[    0.513066] ACPI: Added _OSI(Processor Device)
[    0.513066] ACPI: Added _OSI(3.0 _SCP Extensions)
[    0.513066] ACPI: Added _OSI(Processor Aggregator Device)
[    0.513066] ACPI: Added _OSI(Linux-Dell-Video)
[    0.513066] ACPI: Added _OSI(Linux-Lenovo-NV-HDMI-Audio)
[    0.513066] ACPI: Added _OSI(Linux-HPI-Hybrid-Graphics)
[    0.517363] ACPI: 3 ACPI AML tables successfully acquired and loaded
[    0.518581] ACPI: EC: EC started
[    0.518581] ACPI: EC: interrupt blocked
[    0.526797] ACPI: EC: EC_CMD/EC_SC=0x66, EC_DATA=0x62
[    0.526799] ACPI: \_SB_.PCI0.LPCB.EC0_: Boot DSDT EC used to handle transactions
[    0.526800] ACPI: Interpreter enabled
[    0.526808] ACPI: PM: (supports S0 S1 S5)
[    0.526809] ACPI: Using IOAPIC for interrupt routing
[    0.526820] PCI: Using host bridge windows from ACPI; if necessary, use "pci=nocrs" and report a bug
[    0.527539] ACPI: PM: Power Resource [AOAC]
[    0.527636] ACPI: PM: Power Resource [AOAC]
[    0.527723] ACPI: PM: Power Resource [PR01]
[    0.532175] ACPI: PM: Power Resource [AOAC]
[    0.532354] ACPI: PM: Power Resource [AOAC]
[    0.532532] ACPI: PM: Power Resource [AOAC]
[    0.532715] ACPI: PM: Power Resource [AOAC]
[    0.532887] ACPI: PM: Power Resource [AOAC]
[    0.532969] ACPI: PM: Power Resource [PR00]
[    0.558318] ACPI: PM: Power Resource [AOAC]
[    0.559951] ACPI: PM: Power Resource [PR03]
[    0.582408] ACPI: PM: Power Resource [PR02]
[    0.585200] ACPI: PCI: Interrupt link INTA configured for IRQ 0
[    0.585202] ACPI: PCI: Interrupt link INTA disabled
[    0.585256] ACPI: PCI: Interrupt link INTB configured for IRQ 0
[    0.585256] ACPI: PCI: Interrupt link INTB disabled
[    0.585309] ACPI: PCI: Interrupt link INTC configured for IRQ 0
[    0.585309] ACPI: PCI: Interrupt link INTC disabled
[    0.585361] ACPI: PCI: Interrupt link INTD configured for IRQ 0
[    0.585362] ACPI: PCI: Interrupt link INTD disabled
[    0.585414] ACPI: PCI: Interrupt link INTE configured for IRQ 0
[    0.585415] ACPI: PCI: Interrupt link INTE disabled
[    0.585466] ACPI: PCI: Interrupt link INTF configured for IRQ 0
[    0.585467] ACPI: PCI: Interrupt link INTF disabled
[    0.585519] ACPI: PCI: Interrupt link INTG configured for IRQ 0
[    0.585520] ACPI: PCI: Interrupt link INTG disabled
[    0.585571] ACPI: PCI: Interrupt link INTH configured for IRQ 0
[    0.585572] ACPI: PCI: Interrupt link INTH disabled
[    0.586138] ACPI: PCI Root Bridge [PCI0] (domain 0000 [bus 00-3f])
[    0.586142] acpi PNP0A08:00: _OSC: OS supports [ExtendedConfig ASPM ClockPM Segments MSI HPX-Type3]
[    0.586166] acpi PNP0A08:00: _OSC: OS now controls [PCIeHotplug PME AER PCIeCapability LTR]
[    0.586209] PCI host bridge to bus 0000:00
[    0.586210] pci_bus 0000:00: root bus resource [io  0x0000-0x0cf7 window]
[    0.586212] pci_bus 0000:00: root bus resource [io  0x0d00-0xffff window]
[    0.586213] pci_bus 0000:00: root bus resource [mem 0x000a0000-0x000bffff]
[    0.586215] pci_bus 0000:00: root bus resource [mem 0x000c0000-0x000dffff]
[    0.586216] pci_bus 0000:00: root bus resource [mem 0xc0000000-0xf7ffffff]
[    0.586217] pci_bus 0000:00: root bus resource [bus 00-3f]
[    0.586236] pci 0000:00:00.0: [1022:14b5] type 00 class 0x060000
[    0.586313] pci 0000:00:00.2: [1022:14b6] type 00 class 0x080600
[    0.586390] pci 0000:00:01.0: [1022:14b7] type 00 class 0x060000
[    0.586457] pci 0000:00:02.0: [1022:14b7] type 00 class 0x060000
[    0.586536] pci 0000:00:02.1: [1022:14ba] type 01 class 0x060400
[    0.586630] pci 0000:00:02.1: PME# supported from D0 D3hot D3cold
[    0.586741] pci 0000:00:02.2: [1022:14ba] type 01 class 0x060400
[    0.586835] pci 0000:00:02.2: PME# supported from D0 D3hot D3cold
[    0.586941] pci 0000:00:02.3: [1022:14ba] type 01 class 0x060400
[    0.587037] pci 0000:00:02.3: PME# supported from D0 D3hot D3cold
[    0.587132] pci 0000:00:08.0: [1022:14b7] type 00 class 0x060000
[    0.587205] pci 0000:00:08.1: [1022:14b9] type 01 class 0x060400
[    0.587228] pci 0000:00:08.1: enabling Extended Tags
[    0.587265] pci 0000:00:08.1: PME# supported from D0 D3hot D3cold
[    0.587348] pci 0000:00:08.3: [1022:14b9] type 01 class 0x060400
[    0.587371] pci 0000:00:08.3: enabling Extended Tags
[    0.587410] pci 0000:00:08.3: PME# supported from D0 D3hot D3cold
[    0.587501] pci 0000:00:14.0: [1022:790b] type 00 class 0x0c0500
[    0.587624] pci 0000:00:14.3: [1022:790e] type 00 class 0x060100
[    0.587756] pci 0000:00:18.0: [1022:1724] type 00 class 0x060000
[    0.587811] pci 0000:00:18.1: [1022:1725] type 00 class 0x060000
[    0.587868] pci 0000:00:18.2: [1022:1726] type 00 class 0x060000
[    0.587923] pci 0000:00:18.3: [1022:1727] type 00 class 0x060000
[    0.587977] pci 0000:00:18.4: [1022:1728] type 00 class 0x060000
[    0.588035] pci 0000:00:18.5: [1022:1729] type 00 class 0x060000
[    0.588091] pci 0000:00:18.6: [1022:172a] type 00 class 0x060000
[    0.588146] pci 0000:00:18.7: [1022:172b] type 00 class 0x060000
[    0.588248] pci 0000:01:00.0: [10ec:c852] type 00 class 0x028000
[    0.588264] pci 0000:01:00.0: reg 0x10: [io  0x1000-0x10ff]
[    0.588286] pci 0000:01:00.0: reg 0x18: [mem 0xd0600000-0xd06fffff 64bit]
[    0.588384] pci 0000:01:00.0: PME# supported from D0 D3hot D3cold
[    0.588489] pci 0000:00:02.1: PCI bridge to [bus 01]
[    0.588494] pci 0000:00:02.1:   bridge window [io  0x1000-0x1fff]
[    0.588496] pci 0000:00:02.1:   bridge window [mem 0xd0600000-0xd06fffff]
[    0.588646] pci 0000:02:00.0: [17a0:9750] type 00 class 0x080501
[    0.588672] pci 0000:02:00.0: reg 0x10: [mem 0xd0700000-0xd0700fff]
[    0.589171] pci 0000:02:00.0: supports D1 D2
[    0.589172] pci 0000:02:00.0: PME# supported from D1 D2 D3hot D3cold
[    0.589615] pci 0000:00:02.2: PCI bridge to [bus 02]
[    0.589621] pci 0000:00:02.2:   bridge window [mem 0xd0700000-0xd07fffff]
[    0.589808] pci 0000:03:00.0: [1d97:2263] type 00 class 0x010802
[    0.589828] pci 0000:03:00.0: reg 0x10: [mem 0xd0800000-0xd0803fff 64bit]
[    0.589985] pci 0000:03:00.0: 15.752 Gb/s available PCIe bandwidth, limited by 8.0 GT/s PCIe x2 link at 0000:00:02.3 (capable of 31.504 Gb/s with 8.0 GT/s PCIe x4 link)
[    0.590092] pci 0000:00:02.3: PCI bridge to [bus 03]
[    0.590098] pci 0000:00:02.3:   bridge window [mem 0xd0800000-0xd08fffff]
[    0.590146] pci 0000:04:00.0: [1002:1506] type 00 class 0x030000
[    0.590158] pci 0000:04:00.0: reg 0x10: [mem 0xc0000000-0xcfffffff 64bit pref]
[    0.590166] pci 0000:04:00.0: reg 0x18: [mem 0xd0000000-0xd01fffff 64bit pref]
[    0.590172] pci 0000:04:00.0: reg 0x20: [io  0x2000-0x20ff]
[    0.590178] pci 0000:04:00.0: reg 0x24: [mem 0xd0500000-0xd057ffff]
[    0.590187] pci 0000:04:00.0: enabling Extended Tags
[    0.590200] pci 0000:04:00.0: Video device with shadowed ROM at [mem 0x000c0000-0x000dffff]
[    0.590246] pci 0000:04:00.0: PME# supported from D1 D2 D3hot D3cold
[    0.590324] pci 0000:04:00.1: [1002:1640] type 00 class 0x040300
[    0.590333] pci 0000:04:00.1: reg 0x10: [mem 0xd05c0000-0xd05c3fff]
[    0.590363] pci 0000:04:00.1: enabling Extended Tags
[    0.590396] pci 0000:04:00.1: PME# supported from D1 D2 D3hot D3cold
[    0.590448] pci 0000:04:00.2: [1022:1649] type 00 class 0x108000
[    0.590466] pci 0000:04:00.2: reg 0x18: [mem 0xd0200000-0xd02fffff]
[    0.590480] pci 0000:04:00.2: reg 0x24: [mem 0xd05c4000-0xd05c5fff]
[    0.590489] pci 0000:04:00.2: enabling Extended Tags
[    0.590574] pci 0000:04:00.3: [1022:1503] type 00 class 0x0c0330
[    0.590585] pci 0000:04:00.3: reg 0x10: [mem 0xd0300000-0xd03fffff 64bit]
[    0.590611] pci 0000:04:00.3: enabling Extended Tags
[    0.590646] pci 0000:04:00.3: PME# supported from D0 D3hot D3cold
[    0.590714] pci 0000:04:00.4: [1022:1504] type 00 class 0x0c0330
[    0.590725] pci 0000:04:00.4: reg 0x10: [mem 0xd0400000-0xd04fffff 64bit]
[    0.590751] pci 0000:04:00.4: enabling Extended Tags
[    0.590786] pci 0000:04:00.4: PME# supported from D0 D3hot D3cold
[    0.590856] pci 0000:04:00.5: [1022:15e2] type 00 class 0x048000
[    0.590865] pci 0000:04:00.5: reg 0x10: [mem 0xd0580000-0xd05bffff]
[    0.590895] pci 0000:04:00.5: enabling Extended Tags
[    0.590928] pci 0000:04:00.5: PME# supported from D0 D3hot D3cold
[    0.590992] pci 0000:04:00.7: [1022:164a] type 00 class 0x118000
[    0.591007] pci 0000:04:00.7: reg 0x18: [mem 0x00000000-0x000fffff]
[    0.591017] pci 0000:04:00.7: reg 0x24: [mem 0x00000000-0x00001fff]
[    0.591025] pci 0000:04:00.7: enabling Extended Tags
[    0.591132] pci 0000:00:08.1: PCI bridge to [bus 04]
[    0.591135] pci 0000:00:08.1:   bridge window [io  0x2000-0x2fff]
[    0.591137] pci 0000:00:08.1:   bridge window [mem 0xd0200000-0xd05fffff]
[    0.591141] pci 0000:00:08.1:   bridge window [mem 0xc0000000-0xd01fffff 64bit pref]
[    0.591182] pci 0000:05:00.0: [1022:1505] type 00 class 0x0c0330
[    0.591197] pci 0000:05:00.0: reg 0x10: [mem 0xd0900000-0xd09fffff 64bit]
[    0.591228] pci 0000:05:00.0: enabling Extended Tags
[    0.591272] pci 0000:05:00.0: PME# supported from D0 D3hot D3cold
[    0.591351] pci 0000:00:08.3: PCI bridge to [bus 05]
[    0.591355] pci 0000:00:08.3:   bridge window [mem 0xd0900000-0xd09fffff]
[    0.591382] pci_bus 0000:00: on NUMA node 0
[    0.593660] ACPI: EC: interrupt unblocked
[    0.593661] ACPI: EC: event unblocked
[    0.593668] ACPI: EC: EC_CMD/EC_SC=0x66, EC_DATA=0x62
[    0.593669] ACPI: EC: GPE=0x18
[    0.593670] ACPI: \_SB_.PCI0.LPCB.EC0_: Boot DSDT EC initialization complete
[    0.593672] ACPI: \_SB_.PCI0.LPCB.EC0_: EC: Used to handle transactions and events
[    0.593713] iommu: Default domain type: Translated
[    0.593713] iommu: DMA domain TLB invalidation policy: lazy mode
[    0.593713] SCSI subsystem initialized
[    0.593713] ACPI: bus type USB registered
[    0.593713] usbcore: registered new interface driver usbfs
[    0.593713] usbcore: registered new interface driver hub
[    0.593713] usbcore: registered new device driver usb
[    0.595061] i2c_designware AMDI0010:00: GPIO lookup for consumer scl
[    0.595062] i2c_designware AMDI0010:00: using ACPI for GPIO lookup
[    0.595064] acpi AMDI0010:00: GPIO: looking up scl-gpios
[    0.595065] acpi AMDI0010:00: GPIO: looking up scl-gpio
[    0.595066] i2c_designware AMDI0010:00: using lookup tables for GPIO lookup
[    0.595067] i2c_designware AMDI0010:00: No GPIO consumer scl found
[    0.597051] i2c_designware AMDI0010:01: GPIO lookup for consumer scl
[    0.597053] i2c_designware AMDI0010:01: using ACPI for GPIO lookup
[    0.597053] acpi AMDI0010:01: GPIO: looking up scl-gpios
[    0.597054] acpi AMDI0010:01: GPIO: looking up scl-gpio
[    0.597055] i2c_designware AMDI0010:01: using lookup tables for GPIO lookup
[    0.597056] i2c_designware AMDI0010:01: No GPIO consumer scl found
[    0.598054] i2c_designware AMDI0010:02: GPIO lookup for consumer scl
[    0.598056] i2c_designware AMDI0010:02: using ACPI for GPIO lookup
[    0.598056] acpi AMDI0010:02: GPIO: looking up scl-gpios
[    0.598057] acpi AMDI0010:02: GPIO: looking up scl-gpio
[    0.598058] i2c_designware AMDI0010:02: using lookup tables for GPIO lookup
[    0.598059] i2c_designware AMDI0010:02: No GPIO consumer scl found
[    0.600051] i2c_designware AMDI0019:00: I2C bus managed by AMD PSP
[    0.600137] i2c_designware AMDI0019:00: GPIO lookup for consumer scl
[    0.600138] i2c_designware AMDI0019:00: using ACPI for GPIO lookup
[    0.600139] acpi AMDI0019:00: GPIO: looking up scl-gpios
[    0.600140] acpi AMDI0019:00: GPIO: looking up scl-gpio
[    0.600141] i2c_designware AMDI0019:00: using lookup tables for GPIO lookup
[    0.600141] i2c_designware AMDI0019:00: No GPIO consumer scl found
[    0.600201] mc: Linux media interface: v0.10
[    0.600205] videodev: Linux video capture interface: v2.00
[    0.600219] EDAC MC: Ver: 3.0.0
[    0.600374] chromeos_acpi: registering CHSW 0
[    0.601049] chromeos_acpi: registering VBNV 0
[    0.601050] chromeos_acpi: registering VBNV 1
[    0.601185] chromeos_acpi: truncating buffer from 3072 to 1336
[    0.601282] chromeos_acpi: installed
[    0.601297] Advanced Linux Sound Architecture Driver Initialized.
[    0.601387] PCI: Using ACPI for IRQ routing
[    0.603497] PCI: pci_cache_line_size set to 64 bytes
[    0.603731] e820: reserve RAM buffer [mem 0x02000000-0x03ffffff]
[    0.603732] e820: reserve RAM buffer [mem 0xb826c000-0xbbffffff]
[    0.603733] e820: reserve RAM buffer [mem 0x23e340000-0x23fffffff]
[    0.603735] hpet0: at MMIO 0xfed00000, IRQs 2, 8, 0
[    0.603735] hpet0: 3 comparators, 32-bit 14.318180 MHz counter
[    0.605022] clocksource: Switched to clocksource tsc-early
[    0.614539] VFS: Disk quotas dquot_6.6.0
[    0.614556] VFS: Dquot-cache hash table entries: 512 (order 0, 4096 bytes)
[    0.614601] pnp: PnP ACPI init
[    0.614921] system 00:00: [mem 0xfec10000-0xfec10fff] has been reserved
[    0.614924] system 00:00: [mem 0xfec20000-0xfec20fff] has been reserved
[    0.614992] system 00:03: [io  0x0900-0x09fe] has been reserved
[    0.615018] system 00:04: [io  0x0200] has been reserved
[    0.615019] system 00:04: [io  0x0204] has been reserved
[    0.615020] system 00:04: [io  0x0800-0x087f] has been reserved
[    0.615022] system 00:04: [io  0x0880-0x08ff] has been reserved
[    0.616034] pnp: PnP ACPI: found 6 devices
[    0.621714] clocksource: acpi_pm: mask: 0xffffff max_cycles: 0xffffff, max_idle_ns: 2085701024 ns
[    0.621850] NET: Registered PF_INET protocol family
[    0.621998] IP idents hash table entries: 131072 (order: 8, 1048576 bytes, linear)
[    0.623072] tcp_listen_portaddr_hash hash table entries: 4096 (order: 4, 65536 bytes, linear)
[    0.623080] Table-perturb hash table entries: 65536 (order: 6, 262144 bytes, linear)
[    0.623083] TCP established hash table entries: 65536 (order: 7, 524288 bytes, linear)
[    0.623140] TCP bind hash table entries: 65536 (order: 8, 1048576 bytes, linear)
[    0.623239] TCP: Hash tables configured (established 65536 bind 65536)
[    0.623263] UDP hash table entries: 4096 (order: 5, 131072 bytes, linear)
[    0.623278] UDP-Lite hash table entries: 4096 (order: 5, 131072 bytes, linear)
[    0.623311] NET: Registered PF_UNIX/PF_LOCAL protocol family
[    0.623321] pci 0000:00:02.1: bridge window [mem 0x00100000-0x000fffff 64bit pref] to [bus 01] add_size 200000 add_align 100000
[    0.623325] pci 0000:00:02.2: bridge window [io  0x1000-0x0fff] to [bus 02] add_size 1000
[    0.623327] pci 0000:00:02.2: bridge window [mem 0x00100000-0x000fffff 64bit pref] to [bus 02] add_size 200000 add_align 100000
[    0.623329] pci 0000:00:02.3: bridge window [io  0x1000-0x0fff] to [bus 03] add_size 1000
[    0.623331] pci 0000:00:02.3: bridge window [mem 0x00100000-0x000fffff 64bit pref] to [bus 03] add_size 200000 add_align 100000
[    0.623340] pci 0000:00:02.1: BAR 9: assigned [mem 0xd0a00000-0xd0bfffff 64bit pref]
[    0.623343] pci 0000:00:02.2: BAR 9: assigned [mem 0xd0c00000-0xd0dfffff 64bit pref]
[    0.623345] pci 0000:00:02.3: BAR 9: assigned [mem 0xd0e00000-0xd0ffffff 64bit pref]
[    0.623347] pci 0000:00:02.2: BAR 7: assigned [io  0x3000-0x3fff]
[    0.623349] pci 0000:00:02.3: BAR 7: assigned [io  0x4000-0x4fff]
[    0.623351] pci 0000:00:02.1: PCI bridge to [bus 01]
[    0.623354] pci 0000:00:02.1:   bridge window [io  0x1000-0x1fff]
[    0.623358] pci 0000:00:02.1:   bridge window [mem 0xd0600000-0xd06fffff]
[    0.623360] pci 0000:00:02.1:   bridge window [mem 0xd0a00000-0xd0bfffff 64bit pref]
[    0.623365] pci 0000:00:02.2: PCI bridge to [bus 02]
[    0.623366] pci 0000:00:02.2:   bridge window [io  0x3000-0x3fff]
[    0.623370] pci 0000:00:02.2:   bridge window [mem 0xd0700000-0xd07fffff]
[    0.623372] pci 0000:00:02.2:   bridge window [mem 0xd0c00000-0xd0dfffff 64bit pref]
[    0.623376] pci 0000:00:02.3: PCI bridge to [bus 03]
[    0.623378] pci 0000:00:02.3:   bridge window [io  0x4000-0x4fff]
[    0.623381] pci 0000:00:02.3:   bridge window [mem 0xd0800000-0xd08fffff]
[    0.623384] pci 0000:00:02.3:   bridge window [mem 0xd0e00000-0xd0ffffff 64bit pref]
[    0.623389] pci 0000:04:00.7: BAR 2: no space for [mem size 0x00100000]
[    0.623391] pci 0000:04:00.7: BAR 2: failed to assign [mem size 0x00100000]
[    0.623393] pci 0000:04:00.7: BAR 5: assigned [mem 0xd05c6000-0xd05c7fff]
[    0.623401] pci 0000:00:08.1: PCI bridge to [bus 04]
[    0.623403] pci 0000:00:08.1:   bridge window [io  0x2000-0x2fff]
[    0.623405] pci 0000:00:08.1:   bridge window [mem 0xd0200000-0xd05fffff]
[    0.623407] pci 0000:00:08.1:   bridge window [mem 0xc0000000-0xd01fffff 64bit pref]
[    0.623411] pci 0000:00:08.3: PCI bridge to [bus 05]
[    0.623413] pci 0000:00:08.3:   bridge window [mem 0xd0900000-0xd09fffff]
[    0.623419] pci_bus 0000:00: Some PCI device resources are unassigned, try booting with pci=realloc
[    0.623421] pci_bus 0000:00: resource 4 [io  0x0000-0x0cf7 window]
[    0.623422] pci_bus 0000:00: resource 5 [io  0x0d00-0xffff window]
[    0.623423] pci_bus 0000:00: resource 6 [mem 0x000a0000-0x000bffff]
[    0.623425] pci_bus 0000:00: resource 7 [mem 0x000c0000-0x000dffff]
[    0.623426] pci_bus 0000:00: resource 8 [mem 0xc0000000-0xf7ffffff]
[    0.623427] pci_bus 0000:01: resource 0 [io  0x1000-0x1fff]
[    0.623428] pci_bus 0000:01: resource 1 [mem 0xd0600000-0xd06fffff]
[    0.623430] pci_bus 0000:01: resource 2 [mem 0xd0a00000-0xd0bfffff 64bit pref]
[    0.623431] pci_bus 0000:02: resource 0 [io  0x3000-0x3fff]
[    0.623432] pci_bus 0000:02: resource 1 [mem 0xd0700000-0xd07fffff]
[    0.623433] pci_bus 0000:02: resource 2 [mem 0xd0c00000-0xd0dfffff 64bit pref]
[    0.623435] pci_bus 0000:03: resource 0 [io  0x4000-0x4fff]
[    0.623436] pci_bus 0000:03: resource 1 [mem 0xd0800000-0xd08fffff]
[    0.623437] pci_bus 0000:03: resource 2 [mem 0xd0e00000-0xd0ffffff 64bit pref]
[    0.623438] pci_bus 0000:04: resource 0 [io  0x2000-0x2fff]
[    0.623439] pci_bus 0000:04: resource 1 [mem 0xd0200000-0xd05fffff]
[    0.623440] pci_bus 0000:04: resource 2 [mem 0xc0000000-0xd01fffff 64bit pref]
[    0.623442] pci_bus 0000:05: resource 1 [mem 0xd0900000-0xd09fffff]
[    0.623627] pci 0000:04:00.1: D0 power state depends on 0000:04:00.0
[    0.623666] pci 0000:00:08.1: can't derive routing for PCI INT A
[    0.623667] pci 0000:00:08.1: PCI INT A: no GSI
[    0.623838] pci 0000:00:08.3: can't derive routing for PCI INT A
[    0.623840] pci 0000:00:08.3: PCI INT A: no GSI
[    0.623895] PCI: CLS 64 bytes, default 64
[    0.623904] pci 0000:00:00.2: AMD-Vi: IOMMU performance counters supported
[    0.623919] pci 0000:00:00.2: can't derive routing for PCI INT A
[    0.623920] pci 0000:00:00.2: PCI INT A: no GSI
[    0.623937] pci 0000:00:01.0: Adding to iommu group 0
[    0.623952] pci 0000:00:02.0: Adding to iommu group 1
[    0.623962] pci 0000:00:02.1: Adding to iommu group 2
[    0.623971] pci 0000:00:02.2: Adding to iommu group 3
[    0.623980] pci 0000:00:02.3: Adding to iommu group 4
[    0.623992] pci 0000:00:08.0: Adding to iommu group 5
[    0.624000] pci 0000:00:08.1: Adding to iommu group 6
[    0.624008] pci 0000:00:08.3: Adding to iommu group 7
[    0.624020] pci 0000:00:14.0: Adding to iommu group 8
[    0.624036] pci 0000:00:14.3: Adding to iommu group 8
[    0.624061] pci 0000:00:18.0: Adding to iommu group 9
[    0.624067] pci 0000:00:18.1: Adding to iommu group 9
[    0.624074] pci 0000:00:18.2: Adding to iommu group 9
[    0.624090] pci 0000:00:18.3: Adding to iommu group 9
[    0.624102] pci 0000:00:18.4: Adding to iommu group 9
[    0.624109] pci 0000:00:18.5: Adding to iommu group 9
[    0.624116] pci 0000:00:18.6: Adding to iommu group 9
[    0.624123] pci 0000:00:18.7: Adding to iommu group 9
[    0.624132] pci 0000:01:00.0: Adding to iommu group 10
[    0.624141] pci 0000:02:00.0: Adding to iommu group 11
[    0.624151] pci 0000:03:00.0: Adding to iommu group 12
[    0.624170] pci 0000:04:00.0: Adding to iommu group 13
[    0.624178] pci 0000:04:00.1: Adding to iommu group 14
[    0.624187] pci 0000:04:00.2: Adding to iommu group 15
[    0.624197] pci 0000:04:00.3: Adding to iommu group 16
[    0.624207] pci 0000:04:00.4: Adding to iommu group 17
[    0.624217] pci 0000:04:00.5: Adding to iommu group 18
[    0.624226] pci 0000:04:00.7: Adding to iommu group 19
[    0.624235] pci 0000:05:00.0: Adding to iommu group 20
[    0.625255] pci 0000:00:00.2: AMD-Vi: Found IOMMU cap 0x40
[    0.625258] AMD-Vi: Extended features (0x246577efa2254afe): PPR X2APIC NX GT [5] IA GA PC GA_vAPIC
[    0.625264] AMD-Vi: Interrupt remapping enabled
[    0.625264] AMD-Vi: X2APIC enabled
[    0.686933] AMD-Vi: Virtual APIC enabled
[    0.687133] PCI-DMA: Using software bounce buffering for IO (SWIOTLB)
[    0.687135] software IO TLB: mapped [mem 0x00000000b426c000-0x00000000b826c000] (64MB)
[    0.687563] RAPL PMU: API unit is 2^-32 Joules, 1 fixed counters, 163840 ms ovfl timer
[    0.687566] RAPL PMU: hw unit of domain package 2^-16 Joules
[    0.687571] LVT offset 0 assigned for vector 0x400
[    0.687681] perf: AMD IBS detected (0x000003ff)
[    0.687686] amd_uncore: 4  amd_df counters detected
[    0.687692] amd_uncore: 6  amd_l3 counters detected
[    0.687898] perf/amd_iommu: Detected AMD IOMMU #0 (2 banks, 4 counters/bank).
[    0.688033] kvm: Nested Virtualization enabled
[    0.688034] SVM: kvm: Nested Paging enabled
[    0.688036] SEV supported: 14 ASIDs
[    0.688040] SVM: Virtual VMLOAD VMSAVE supported
[    0.688041] SVM: Virtual GIF supported
[    0.690726] Initialise system trusted keyrings
[    0.690745] workingset: timestamp_bits=62 max_order=21 bucket_order=0
[    0.691752] squashfs: version 4.0 (2009/01/31) Phillip Lougher
[    0.691790] Registering esdfs 0.2
[    0.691817] alt_syscall: table 'read_write_test' available.
[    0.691823] alt_syscall: table 'android' available.
[    0.691827] alt_syscall: table 'android_permissive' available.
[    0.691833] alt_syscall: table 'third_party' available.
[    0.691836] alt_syscall: table 'third_party_permissive' available.
[    0.691840] alt_syscall: table 'complete' available.
[    0.691843] alt_syscall: table 'complete_permissive' available.
[    0.694311] Key type asymmetric registered
[    0.694312] Asymmetric key parser 'x509' registered
[    0.694321] Block layer SCSI generic (bsg) driver version 0.4 loaded (major 246)
[    0.694322] io scheduler mq-deadline registered
[    0.694323] io scheduler kyber registered
[    0.694348] io scheduler bfq registered
[    0.694911] gpiochip_find_base: found new base at 768
[    0.695261] gpio gpiochip0: Persistence not supported for GPIO 44
[    0.695298] gpio gpiochip0: (AMD0030:00): added GPIO chardev (254:0)
[    0.695310] gpio gpiochip0: registered GPIOs 768 to 1023 on AMD0030:00
[    0.695312] gpio gpiochip0: (AMD0030:00): created GPIO range 0->255 ==> AMD0030:00 PIN 0->255
[    0.695371] pci 0000:00:02.1: attach allowed to drvr pcieport [internal device]
[    0.695457] pcieport 0000:00:02.1: PME: Signaling with IRQ 26
[    0.695508] pcieport 0000:00:02.1: AER: enabled with IRQ 26
[    0.695525] pcieport 0000:00:02.1: pciehp: Slot #0 AttnBtn- PwrCtrl- MRL- AttnInd- PwrInd- HotPlug+ Surprise- Interlock- NoCompl+ IbPresDis- LLActRep+
[    0.695618] pci 0000:00:02.2: attach allowed to drvr pcieport [internal device]
[    0.695626] pcieport 0000:00:02.2: enabling device (0006 -> 0007)
[    0.695697] pcieport 0000:00:02.2: PME: Signaling with IRQ 27
[    0.695743] pcieport 0000:00:02.2: AER: enabled with IRQ 27
[    0.695762] pcieport 0000:00:02.2: pciehp: Slot #0 AttnBtn- PwrCtrl- MRL- AttnInd- PwrInd- HotPlug+ Surprise- Interlock- NoCompl+ IbPresDis- LLActRep+
[    0.695850] pci 0000:00:02.3: attach allowed to drvr pcieport [internal device]
[    0.695860] pcieport 0000:00:02.3: enabling device (0006 -> 0007)
[    0.695925] pcieport 0000:00:02.3: PME: Signaling with IRQ 28
[    0.695976] pcieport 0000:00:02.3: AER: enabled with IRQ 28
[    0.695989] pcieport 0000:00:02.3: pciehp: Slot #0 AttnBtn- PwrCtrl- MRL- AttnInd- PwrInd- HotPlug+ Surprise- Interlock- NoCompl+ IbPresDis- LLActRep+
[    0.696078] pci 0000:00:08.1: attach allowed to drvr pcieport [internal device]
[    0.696138] pcieport 0000:00:08.1: PME: Signaling with IRQ 29
[    0.696191] pci 0000:00:08.3: attach allowed to drvr pcieport [internal device]
[    0.696247] pcieport 0000:00:08.3: PME: Signaling with IRQ 30
[    0.696287] pcieport 0000:00:08.3: AER: enabled with IRQ 30
[    0.696407] input: Lid Switch as /devices/LNXSYSTM:00/LNXSYBUS:00/PNP0A08:00/device:00/PNP0C09:00/PNP0C0D:00/input/input0
[    0.697084] ACPI: button: Lid Switch [LID0]
[    0.697159] input: Power Button as /devices/LNXSYSTM:00/LNXPWRBN:00/input/input1
[    0.698037] ACPI: button: Power Button [PWRF]
[    0.698065] input: Sleep Button as /devices/LNXSYSTM:00/LNXSLPBN:00/input/input2
[    0.698079] ACPI: button: Sleep Button [SLPF]
[    0.698085] ACPI Error: Could not enable SleepButton event (20210730/evxfevnt-182)
[    0.698088] ACPI Warning: Could not enable fixed event - SleepButton (3) (20210730/evxface-618)
[    0.698107] button: probe of LNXSLPBN:00 failed with error -22
[    0.698143] Monitor-Mwait will be used to enter C-1 state
[    0.698146] ACPI: \_SB_.CP00: Found 3 idle states
[    0.698212] ACPI: \_SB_.CP01: Found 3 idle states
[    0.698272] ACPI: \_SB_.CP02: Found 3 idle states
[    0.698335] ACPI: \_SB_.CP03: Found 3 idle states
[    0.698586] thermal LNXTHERM:00: registered as thermal_zone0
[    0.698587] ACPI: thermal: Thermal Zone [TM00] (35 C)
[    0.698721] thermal LNXTHERM:01: registered as thermal_zone1
[    0.698723] ACPI: thermal: Thermal Zone [TM01] (32 C)
[    0.698858] thermal LNXTHERM:02: registered as thermal_zone2
[    0.698859] ACPI: thermal: Thermal Zone [TM02] (48 C)
[    0.699000] thermal LNXTHERM:03: registered as thermal_zone3
[    0.699001] ACPI: thermal: Thermal Zone [TM03] (34 C)
[    0.699053] Serial: 8250/16550 driver, 4 ports, IRQ sharing disabled
[    0.699402] dw-apb-uart AMDI0020:00: GPIO lookup for consumer rs485-term
[    0.699406] dw-apb-uart AMDI0020:00: using ACPI for GPIO lookup
[    0.699409] acpi AMDI0020:00: GPIO: looking up rs485-term-gpios
[    0.699411] acpi AMDI0020:00: GPIO: looking up rs485-term-gpio
[    0.699413] dw-apb-uart AMDI0020:00: using lookup tables for GPIO lookup
[    0.699415] dw-apb-uart AMDI0020:00: No GPIO consumer rs485-term found
[    0.699419] AMDI0020:00: ttyS0 at MMIO 0xfedc9000 (irq = 4, base_baud = 3000000) is a 16550A
[    0.699521] ACPI: battery: Slot [BAT0] (battery present)
[    0.699871] dw-apb-uart AMDI0020:01: GPIO lookup for consumer rs485-term
[    0.699872] dw-apb-uart AMDI0020:01: using ACPI for GPIO lookup
[    0.699873] acpi AMDI0020:01: GPIO: looking up rs485-term-gpios
[    0.699874] acpi AMDI0020:01: GPIO: looking up rs485-term-gpio
[    0.699875] dw-apb-uart AMDI0020:01: using lookup tables for GPIO lookup
[    0.699875] dw-apb-uart AMDI0020:01: No GPIO consumer rs485-term found
[    0.699877] AMDI0020:01: ttyS1 at MMIO 0xfedca000 (irq = 3, base_baud = 3000000) is a 16550A
[    0.699929] serial serial0: tty port ttyS1 registered
[    0.700767] acpi AMDI0020:02: GPIO: looking up 0 in _CRS
[    0.700788] dw-apb-uart AMDI0020:02: IRQ index 0 not found
[    0.702993] acpi AMDI0020:03: GPIO: looking up 0 in _CRS
[    0.703012] dw-apb-uart AMDI0020:03: IRQ index 0 not found
[    0.705043] acpi AMDI0020:04: GPIO: looking up 0 in _CRS
[    0.705066] dw-apb-uart AMDI0020:04: IRQ index 0 not found
[    0.706360] Non-volatile memory driver v1.3
[    0.706450] acpi GOOG0005:00: GPIO: looking up 0 in _CRS
[    0.706474] gpio gpiochip0: Persistence not supported for GPIO 18
[    0.707933] cr50_i2c i2c-GOOG0005:00: ti50 TPM 2.0 (i2c 0x50 irq 31 id 0x504a)
[    0.763244] AMD-Vi: AMD IOMMUv2 loaded and initialized
[    0.773358] ACPI: bus type drm_connector registered
[    0.773365] [drm:drm_core_init] Initialized
[    0.773384] [drm] amdgpu kernel modesetting enabled.
[    0.773431] amdgpu: CRAT table not found
[    0.773433] amdgpu: Virtual CRAT table created for CPU
[    0.773441] amdgpu: Topology: Add CPU node
[    0.773484] pci 0000:04:00.0: attach allowed to drvr amdgpu [internal device]
[    0.773593] [drm] initializing kernel modesetting (IP DISCOVERY 0x1002:0x1506 0x1002:0x1506 0xDC).
[    0.773599] [drm] register mmio base: 0xD0500000
[    0.773600] [drm] register mmio size: 524288
[    0.774867] [drm:amdgpu_discovery_set_ip_blocks] number of dies: 1
[    0.774870] [drm:amdgpu_discovery_set_ip_blocks] number of hardware IPs on die0: 32
[    0.774872] [drm:amdgpu_discovery_set_ip_blocks] ACP(14) #0 v6.0.0:
[    0.774875] [drm:amdgpu_discovery_set_ip_blocks]     0x00480000
[    0.774876] [drm:amdgpu_discovery_set_ip_blocks]     0x02403800
[    0.774878] [drm:amdgpu_discovery_set_ip_blocks] ATHUB(35) #0 v2.4.0:
[    0.774880] [drm:amdgpu_discovery_set_ip_blocks]     0x00000c00
[    0.774882] [drm:amdgpu_discovery_set_ip_blocks]     0x00013300
[    0.774883] [drm:amdgpu_discovery_set_ip_blocks]     0x02408c00
[    0.774885] [drm:amdgpu_discovery_set_ip_blocks] set register base offset for ATHUB
[    0.774886] [drm:amdgpu_discovery_set_ip_blocks] CLKA(6) #0 v13.0.8:
[    0.774888] [drm:amdgpu_discovery_set_ip_blocks]     0x00016c00
[    0.774890] [drm:amdgpu_discovery_set_ip_blocks]     0x02401800
[    0.774891] [drm:amdgpu_discovery_set_ip_blocks] set register base offset for CLKA
[    0.774893] [drm:amdgpu_discovery_set_ip_blocks] CLKA(6) #1 v13.0.8:
[    0.774894] [drm:amdgpu_discovery_set_ip_blocks]     0x00016e00
[    0.774896] [drm:amdgpu_discovery_set_ip_blocks]     0x02401c00
[    0.774897] [drm:amdgpu_discovery_set_ip_blocks] set register base offset for CLKA
[    0.774899] [drm:amdgpu_discovery_set_ip_blocks] CLKA(6) #2 v13.0.8:
[    0.774900] [drm:amdgpu_discovery_set_ip_blocks]     0x00017000
[    0.774902] [drm:amdgpu_discovery_set_ip_blocks]     0x02402000
[    0.774903] [drm:amdgpu_discovery_set_ip_blocks] set register base offset for CLKA
[    0.774905] [drm:amdgpu_discovery_set_ip_blocks] CLKA(6) #3 v13.0.8:
[    0.774906] [drm:amdgpu_discovery_set_ip_blocks]     0x00017200
[    0.774908] [drm:amdgpu_discovery_set_ip_blocks]     0x02402400
[    0.774909] [drm:amdgpu_discovery_set_ip_blocks] set register base offset for CLKA
[    0.774911] [drm:amdgpu_discovery_set_ip_blocks] CLKA(6) #4 v13.0.8:
[    0.774912] [drm:amdgpu_discovery_set_ip_blocks]     0x0001b000
[    0.774914] [drm:amdgpu_discovery_set_ip_blocks]     0x0242d800
[    0.774915] [drm:amdgpu_discovery_set_ip_blocks] set register base offset for CLKA
[    0.774917] [drm:amdgpu_discovery_set_ip_blocks] CLKA(6) #5 v13.0.8:
[    0.774918] [drm:amdgpu_discovery_set_ip_blocks]     0x0001b200
[    0.774920] [drm:amdgpu_discovery_set_ip_blocks]     0x0242dc00
[    0.774921] [drm:amdgpu_discovery_set_ip_blocks] set register base offset for CLKA
[    0.774923] [drm:amdgpu_discovery_set_ip_blocks] CLKA(6) #6 v13.0.8:
[    0.774924] [drm:amdgpu_discovery_set_ip_blocks]     0x0001b400
[    0.774926] [drm:amdgpu_discovery_set_ip_blocks]     0x0242e000
[    0.774927] [drm:amdgpu_discovery_set_ip_blocks] set register base offset for CLKA
[    0.774928] [drm:amdgpu_discovery_set_ip_blocks] DBGU_IO(45) #0 v2.0.1:
[    0.774930] [drm:amdgpu_discovery_set_ip_blocks]     0x000001e0
[    0.774932] [drm:amdgpu_discovery_set_ip_blocks]     0x00000260
[    0.774933] [drm:amdgpu_discovery_set_ip_blocks]     0x00000280
[    0.774935] [drm:amdgpu_discovery_set_ip_blocks]     0x0240b400
[    0.774936] [drm:amdgpu_discovery_set_ip_blocks]     0x02413c00
[    0.774937] [drm:amdgpu_discovery_set_ip_blocks]     0x02416000
[    0.774939] [drm:amdgpu_discovery_set_ip_blocks] DMU(271) #0 v3.1.6:
[    0.774941] [drm:amdgpu_discovery_set_ip_blocks]     0x00000012
[    0.774942] [drm:amdgpu_discovery_set_ip_blocks]     0x000000c0
[    0.774944] [drm:amdgpu_discovery_set_ip_blocks]     0x000034c0
[    0.774945] [drm:amdgpu_discovery_set_ip_blocks]     0x00009000
[    0.774946] [drm:amdgpu_discovery_set_ip_blocks]     0x02403c00
[    0.774948] [drm:amdgpu_discovery_set_ip_blocks] set register base offset for DMU
[    0.774949] [drm:amdgpu_discovery_set_ip_blocks] DF(46) #0 v3.0.3:
[    0.774951] [drm:amdgpu_discovery_set_ip_blocks]     0x00007000
[    0.774953] [drm:amdgpu_discovery_set_ip_blocks]     0x00c00000
[    0.774954] [drm:amdgpu_discovery_set_ip_blocks]     0x0240b800
[    0.774955] [drm:amdgpu_discovery_set_ip_blocks]     0x02447800
[    0.774957] [drm:amdgpu_discovery_set_ip_blocks]     0x03640000
[    0.774958] [drm:amdgpu_discovery_set_ip_blocks] set register base offset for DF
[    0.774960] [drm:amdgpu_discovery_set_ip_blocks] FCH(48) #0 v8.1.1:
[    0.774962] [drm:amdgpu_discovery_set_ip_blocks]     0x00b40000
[    0.774963] [drm:amdgpu_discovery_set_ip_blocks]     0x0240c000
[    0.774965] [drm:amdgpu_discovery_set_ip_blocks]     0x11000000
[    0.774966] [drm:amdgpu_discovery_set_ip_blocks] FUSE(5) #0 v13.0.8:
[    0.774970] [drm:amdgpu_discovery_set_ip_blocks]     0x00017400
[    0.774971] [drm:amdgpu_discovery_set_ip_blocks]     0x02401400
[    0.774973] [drm:amdgpu_discovery_set_ip_blocks] GC(11) #0 v10.3.7:
[    0.774974] [drm:amdgpu_discovery_set_ip_blocks]     0x00001260
[    0.774976] [drm:amdgpu_discovery_set_ip_blocks]     0x0000a000
[    0.774977] [drm:amdgpu_discovery_set_ip_blocks]     0x02402c00
[    0.774979] [drm:amdgpu_discovery_set_ip_blocks] set register base offset for GC
[    0.774980] [drm:amdgpu_discovery_set_ip_blocks] HDP(41) #0 v5.2.0:
[    0.774982] [drm:amdgpu_discovery_set_ip_blocks]     0x00000f20
[    0.774983] [drm:amdgpu_discovery_set_ip_blocks]     0x0240a400
[    0.774985] [drm:amdgpu_discovery_set_ip_blocks] set register base offset for HDP
[    0.774986] [drm:amdgpu_discovery_set_ip_blocks] IOHC(24) #0 v7.0.1:
[    0.774988] [drm:amdgpu_discovery_set_ip_blocks]     0x00010000
[    0.774989] [drm:amdgpu_discovery_set_ip_blocks]     0x02406000
[    0.774991] [drm:amdgpu_discovery_set_ip_blocks]     0x04ec0000
[    0.774992] [drm:amdgpu_discovery_set_ip_blocks] MMHUB(34) #0 v2.4.0:
[    0.774994] [drm:amdgpu_discovery_set_ip_blocks]     0x00013200
[    0.774995] [drm:amdgpu_discovery_set_ip_blocks]     0x0001a000
[    0.774997] [drm:amdgpu_discovery_set_ip_blocks]     0x02408800
[    0.774998] [drm:amdgpu_discovery_set_ip_blocks] set register base offset for MMHUB
[    0.775000] [drm:amdgpu_discovery_set_ip_blocks] MP0(255) #0 v13.0.8:
[    0.775002] [drm:amdgpu_discovery_set_ip_blocks]     0x00016000
[    0.775003] [drm:amdgpu_discovery_set_ip_blocks]     0x00dc0000
[    0.775004] [drm:amdgpu_discovery_set_ip_blocks]     0x00e00000
[    0.775006] [drm:amdgpu_discovery_set_ip_blocks]     0x00e40000
[    0.775007] [drm:amdgpu_discovery_set_ip_blocks]     0x0243fc00
[    0.775009] [drm:amdgpu_discovery_set_ip_blocks] set register base offset for MP0
[    0.775010] [drm:amdgpu_discovery_set_ip_blocks] MP1(1) #0 v13.0.8:
[    0.775012] [drm:amdgpu_discovery_set_ip_blocks]     0x00016000
[    0.775013] [drm:amdgpu_discovery_set_ip_blocks]     0x00dc0000
[    0.775015] [drm:amdgpu_discovery_set_ip_blocks]     0x00e00000
[    0.775016] [drm:amdgpu_discovery_set_ip_blocks]     0x00e40000
[    0.775017] [drm:amdgpu_discovery_set_ip_blocks]     0x0243fc00
[    0.775020] [drm:amdgpu_discovery_set_ip_blocks] set register base offset for MP1
[    0.775021] [drm:amdgpu_discovery_set_ip_blocks] MP2(2) #0 v13.0.8:
[    0.775023] [drm:amdgpu_discovery_set_ip_blocks]     0x00016000
[    0.775024] [drm:amdgpu_discovery_set_ip_blocks]     0x00dc0000
[    0.775026] [drm:amdgpu_discovery_set_ip_blocks]     0x00e00000
[    0.775027] [drm:amdgpu_discovery_set_ip_blocks]     0x00e40000
[    0.775028] [drm:amdgpu_discovery_set_ip_blocks]     0x0243fc00
[    0.775030] [drm:amdgpu_discovery_set_ip_blocks] NBIF(108) #0 v7.5.1:
[    0.775032] [drm:amdgpu_discovery_set_ip_blocks]     0x00000000
[    0.775033] [drm:amdgpu_discovery_set_ip_blocks]     0x00000014
[    0.775035] [drm:amdgpu_discovery_set_ip_blocks]     0x00000d20
[    0.775036] [drm:amdgpu_discovery_set_ip_blocks]     0x00010400
[    0.775037] [drm:amdgpu_discovery_set_ip_blocks]     0x0241b000
[    0.775039] [drm:amdgpu_discovery_set_ip_blocks]     0x04040000
[    0.775040] [drm:amdgpu_discovery_set_ip_blocks] set register base offset for NBIF
[    0.775042] [drm:amdgpu_discovery_set_ip_blocks] set register base offset for NBIF
[    0.775043] [drm:amdgpu_discovery_set_ip_blocks] OSSSYS(40) #0 v5.2.1:
[    0.775045] [drm:amdgpu_discovery_set_ip_blocks]     0x000010a0
[    0.775047] [drm:amdgpu_discovery_set_ip_blocks]     0x0240a000
[    0.775048] [drm:amdgpu_discovery_set_ip_blocks] set register base offset for OSSSYS
[    0.775050] [drm:amdgpu_discovery_set_ip_blocks] PCIE(70) #0 v6.0.1:
[    0.775051] [drm:amdgpu_discovery_set_ip_blocks]     0x00000000
[    0.775053] [drm:amdgpu_discovery_set_ip_blocks]     0x00000014
[    0.775054] [drm:amdgpu_discovery_set_ip_blocks]     0x00000d20
[    0.775056] [drm:amdgpu_discovery_set_ip_blocks]     0x00010400
[    0.775057] [drm:amdgpu_discovery_set_ip_blocks]     0x0241b000
[    0.775058] [drm:amdgpu_discovery_set_ip_blocks]     0x04040000
[    0.775060] [drm:amdgpu_discovery_set_ip_blocks] set register base offset for PCIE
[    0.775061] [drm:amdgpu_discovery_set_ip_blocks] PCIE(70) #1 v6.0.1:
[    0.775063] [drm:amdgpu_discovery_set_ip_blocks]     0x00000000
[    0.775064] [drm:amdgpu_discovery_set_ip_blocks]     0x00000014
[    0.775066] [drm:amdgpu_discovery_set_ip_blocks]     0x00000d20
[    0.775067] [drm:amdgpu_discovery_set_ip_blocks]     0x00010400
[    0.775068] [drm:amdgpu_discovery_set_ip_blocks]     0x0241b000
[    0.775070] [drm:amdgpu_discovery_set_ip_blocks]     0x04040000
[    0.775071] [drm:amdgpu_discovery_set_ip_blocks] set register base offset for PCIE
[    0.775073] [drm:amdgpu_discovery_set_ip_blocks] SDMA0(42) #0 v5.2.7:
[    0.775075] [drm:amdgpu_discovery_set_ip_blocks]     0x00001260
[    0.775076] [drm:amdgpu_discovery_set_ip_blocks]     0x0000a000
[    0.775077] [drm:amdgpu_discovery_set_ip_blocks]     0x02402c00
[    0.775079] [drm:amdgpu_discovery_set_ip_blocks] set register base offset for SDMA0
[    0.775080] [drm:amdgpu_discovery_set_ip_blocks] SMUIO(4) #0 v13.0.9:
[    0.775082] [drm:amdgpu_discovery_set_ip_blocks]     0x00016800
[    0.775083] [drm:amdgpu_discovery_set_ip_blocks]     0x00016a00
[    0.775085] [drm:amdgpu_discovery_set_ip_blocks]     0x0001bc00
[    0.775086] [drm:amdgpu_discovery_set_ip_blocks]     0x00440000
[    0.775088] [drm:amdgpu_discovery_set_ip_blocks]     0x02401000
[    0.775089] [drm:amdgpu_discovery_set_ip_blocks]     0x0242d400
[    0.775090] [drm:amdgpu_discovery_set_ip_blocks] set register base offset for SMUIO
[    0.775092] [drm:amdgpu_discovery_set_ip_blocks] THM(3) #0 v13.0.8:
[    0.775094] [drm:amdgpu_discovery_set_ip_blocks]     0x00016600
[    0.775095] [drm:amdgpu_discovery_set_ip_blocks]     0x02400c00
[    0.775097] [drm:amdgpu_discovery_set_ip_blocks] set register base offset for THM
[    0.775098] [drm:amdgpu_discovery_set_ip_blocks] UMC(150) #0 v10.0.1:
[    0.775100] [drm:amdgpu_discovery_set_ip_blocks]     0x00014000
[    0.775101] [drm:amdgpu_discovery_set_ip_blocks]     0x02425800
[    0.775103] [drm:amdgpu_discovery_set_ip_blocks]     0x02447c00
[    0.775104] [drm:amdgpu_discovery_set_ip_blocks]     0x03680000
[    0.775106] [drm:amdgpu_discovery_set_ip_blocks] set register base offset for UMC
[    0.775107] [drm:amdgpu_discovery_set_ip_blocks] UMC(150) #1 v10.0.1:
[    0.775109] [drm:amdgpu_discovery_set_ip_blocks]     0x00054000
[    0.775110] [drm:amdgpu_discovery_set_ip_blocks]     0x02425c00
[    0.775111] [drm:amdgpu_discovery_set_ip_blocks]     0x02448000
[    0.775113] [drm:amdgpu_discovery_set_ip_blocks]     0x036c0000
[    0.775114] [drm:amdgpu_discovery_set_ip_blocks] set register base offset for UMC
[    0.775116] [drm:amdgpu_discovery_set_ip_blocks] UVD(12) #0 v3.1.1:
[    0.775118] [drm:amdgpu_discovery_set_ip_blocks]     0x00007800
[    0.775119] [drm:amdgpu_discovery_set_ip_blocks]     0x00007e00
[    0.775120] [drm:amdgpu_discovery_set_ip_blocks]     0x02403000
[    0.775122] [drm:amdgpu_discovery_set_ip_blocks] set register base offset for UVD
[    0.775123] [drm:amdgpu_discovery_set_ip_blocks] XGBE(216) #0 v1.1.0:
[    0.775125] [drm:amdgpu_discovery_set_ip_blocks]     0x02436000
[    0.775126] [drm:amdgpu_discovery_set_ip_blocks]     0x058c0000
[    0.775130] [drm:amdgpu_discovery_set_ip_blocks] number of dies: 1
[    0.775135] [drm:amdgpu_discovery_set_ip_blocks] num_ips:32
[    0.775137] [drm:amdgpu_discovery_set_ip_blocks] match:1 @ ip_offset:520
[    0.775143] [drm:amdgpu_discovery_set_ip_blocks] match:2 @ ip_offset:548
[    0.775149] [drm:amdgpu_discovery_set_ip_blocks] match:3 @ ip_offset:740
[    0.775155] [drm:amdgpu_discovery_set_ip_blocks] match:4 @ ip_offset:708
[    0.775160] [drm:amdgpu_discovery_set_ip_blocks] match:5 @ ip_offset:400
[    0.775165] [drm:amdgpu_discovery_set_ip_blocks] match:6 @ ip_offset:180
[    0.775171] [drm:amdgpu_discovery_set_ip_blocks] match:6 @ ip_offset:196
[    0.775175] [drm:amdgpu_discovery_set_ip_blocks] match:6 @ ip_offset:212
[    0.775179] [drm:amdgpu_discovery_set_ip_blocks] match:6 @ ip_offset:228
[    0.775184] [drm:amdgpu_discovery_set_ip_blocks] match:6 @ ip_offset:244
[    0.775187] [drm:amdgpu_discovery_set_ip_blocks] match:6 @ ip_offset:260
[    0.775191] [drm:amdgpu_discovery_set_ip_blocks] match:6 @ ip_offset:276
[    0.775195] [drm:amdgpu_discovery_set_ip_blocks] match:11 @ ip_offset:416
[    0.775201] [drm:amdgpu_discovery_set_ip_blocks] match:12 @ ip_offset:804
[    0.775208] [drm:amdgpu_discovery_set_ip_blocks] match:14 @ ip_offset:144
[    0.775214] [drm:amdgpu_discovery_set_ip_blocks] match:24 @ ip_offset:452
[    0.775221] [drm:amdgpu_discovery_set_ip_blocks] match:34 @ ip_offset:472
[    0.775226] [drm:amdgpu_discovery_set_ip_blocks] match:35 @ ip_offset:160
[    0.775232] [drm:amdgpu_discovery_set_ip_blocks] match:40 @ ip_offset:608
[    0.775238] [drm:amdgpu_discovery_set_ip_blocks] match:41 @ ip_offset:436
[    0.775244] [drm:amdgpu_discovery_set_ip_blocks] match:42 @ ip_offset:688
[    0.775249] [drm:amdgpu_discovery_set_ip_blocks] match:45 @ ip_offset:292
[    0.775256] [drm:amdgpu_discovery_set_ip_blocks] match:46 @ ip_offset:352
[    0.775261] [drm:amdgpu_discovery_set_ip_blocks] match:48 @ ip_offset:380
[    0.775268] [drm:amdgpu_discovery_set_ip_blocks] match:70 @ ip_offset:624
[    0.775274] [drm:amdgpu_discovery_set_ip_blocks] match:70 @ ip_offset:656
[    0.775282] [drm:amdgpu_discovery_set_ip_blocks] match:108 @ ip_offset:576
[    0.775292] [drm:amdgpu_discovery_set_ip_blocks] match:150 @ ip_offset:756
[    0.775298] [drm:amdgpu_discovery_set_ip_blocks] match:150 @ ip_offset:780
[    0.775309] [drm:amdgpu_discovery_set_ip_blocks] match:216 @ ip_offset:824
[    0.775318] [drm:amdgpu_discovery_set_ip_blocks] match:255 @ ip_offset:492
[    0.775326] [drm:amdgpu_discovery_set_ip_blocks] match:271 @ ip_offset:324
[    0.775335] [drm] add ip block number 0 <nv_common>
[    0.775337] [drm] add ip block number 1 <gmc_v10_0>
[    0.775338] [drm] add ip block number 2 <navi10_ih>
[    0.775339] [drm] add ip block number 3 <psp>
[    0.775340] [drm] add ip block number 4 <smu>
[    0.775341] [drm] add ip block number 5 <dm>
[    0.775342] [drm] add ip block number 6 <gfx_v10_0>
[    0.775343] [drm] add ip block number 7 <sdma_v5_2>
[    0.775344] [drm] add ip block number 8 <vcn_v3_0>
[    0.775345] [drm] add ip block number 9 <jpeg_v3_0>
[    0.775361] [drm:check_atom_bios] ATOMBIOS detected
[    0.775364] amdgpu 0000:04:00.0: amdgpu: Fetched VBIOS from VFCT
[    0.775366] amdgpu: ATOM BIOS: 102-MENDOCINO-004
[    0.775368] [drm:amdgpu_atomfirmware_allocate_fb_scratch] atom firmware requested 0000f800 2048kb fw 0kb drv
[    0.775377] [drm] VCN(0) decode is enabled in VM mode
[    0.775378] [drm] VCN(0) encode is enabled in VM mode
[    0.775379] [drm] JPEG decode is enabled in VM mode
[    0.775380] amdgpu 0000:04:00.0: amdgpu: Trusted Memory Zone (TMZ) feature enabled
[    0.775382] amdgpu 0000:04:00.0: amdgpu: PCIE atomic ops is not supported
[    0.775408] [drm] vm size is 262144 GB, 4 levels, block size is 9-bit, fragment size is 9-bit
[    0.775414] amdgpu 0000:04:00.0: amdgpu: VRAM: 64M 0x000000F400000000 - 0x000000F403FFFFFF (64M used)
[    0.775416] amdgpu 0000:04:00.0: amdgpu: GART: 1024M 0x0000000000000000 - 0x000000003FFFFFFF
[    0.775417] amdgpu 0000:04:00.0: amdgpu: AGP: 267419648M 0x000000F800000000 - 0x0000FFFFFFFFFFFF
[    0.775422] [drm] Detected VRAM RAM=64M, BAR=64M
[    0.775424] [drm] RAM width 128bits LPDDR5
[    0.775443] [drm:amdgpu_ttm_init] memory training does not support!
[    0.775461] [drm] amdgpu: 64M of VRAM memory ready
[    0.775462] [drm] amdgpu: 3317M of GTT memory ready.
[    0.775471] [drm] GART: num cpu pages 262144, num gpu pages 262144
[    0.775807] [drm] PCIE GART of 1024M enabled (table at 0x000000F403C00000).
[    0.775891] [drm:amdgpu_irq_init] amdgpu: irq initialized.
[    0.775896] amdgpu 0000:04:00.0: amdgpu: PSP runtime database doesn't exist
[    0.775898] amdgpu 0000:04:00.0: amdgpu: PSP runtime database doesn't exist
[    0.775899] [drm:psp_sw_init] memory training is not supported!
[    0.775936] [drm] Loading DMUB firmware via PSP: version=0x00007000
[    0.775941] [drm:gfx_v10_0_me_init]
[    0.775964] amdgpu 0000:04:00.0: [drm:amdgpu_fence_driver_start_ring] fence driver on ring gfx_0.0.0 use gpu addr 0x0000000000401080
[    0.775984] amdgpu 0000:04:00.0: [drm:amdgpu_fence_driver_start_ring] fence driver on ring comp_1.0.0 use gpu addr 0x0000000000401120
[    0.776005] amdgpu 0000:04:00.0: [drm:amdgpu_fence_driver_start_ring] fence driver on ring comp_1.1.0 use gpu addr 0x00000000004011c0
[    0.776015] amdgpu 0000:04:00.0: [drm:amdgpu_fence_driver_start_ring] fence driver on ring comp_1.2.0 use gpu addr 0x0000000000401260
[    0.776036] amdgpu 0000:04:00.0: [drm:amdgpu_fence_driver_start_ring] fence driver on ring comp_1.3.0 use gpu addr 0x0000000000401300
[    0.776047] amdgpu 0000:04:00.0: [drm:amdgpu_fence_driver_start_ring] fence driver on ring comp_1.0.1 use gpu addr 0x00000000004013a0
[    0.776058] amdgpu 0000:04:00.0: [drm:amdgpu_fence_driver_start_ring] fence driver on ring comp_1.1.1 use gpu addr 0x0000000000401440
[    0.776069] amdgpu 0000:04:00.0: [drm:amdgpu_fence_driver_start_ring] fence driver on ring comp_1.2.1 use gpu addr 0x00000000004014e0
[    0.776078] amdgpu 0000:04:00.0: [drm:amdgpu_fence_driver_start_ring] fence driver on ring comp_1.3.1 use gpu addr 0x0000000000401580
[    0.776109] amdgpu 0000:04:00.0: [drm:amdgpu_fence_driver_start_ring] fence driver on ring kiq_2.1.0 use gpu addr 0x0000000000401620
[    0.776443] [drm:sdma_v5_2_sw_init]
[    0.776446] [drm:sdma_v5_2_sw_init] psp_load == 'true'
[    0.776448] [drm] use_doorbell being set to: [true]
[    0.776449] amdgpu 0000:04:00.0: [drm:amdgpu_fence_driver_start_ring] fence driver on ring sdma0 use gpu addr 0x00000000004016c0
[    0.776467] [drm] Found VCN firmware Version ENC: 1.23 DEC: 2 VEP: 0 Revision: 5
[    0.776471] amdgpu 0000:04:00.0: amdgpu: Will use PSP to load VCN firmware
[    0.776500] amdgpu 0000:04:00.0: [drm:amdgpu_fence_driver_start_ring] fence driver on ring vcn_dec_0 use gpu addr 0x0000000000401760
[    0.776512] amdgpu 0000:04:00.0: [drm:amdgpu_fence_driver_start_ring] fence driver on ring vcn_enc_0.0 use gpu addr 0x0000000000401800
[    0.776522] amdgpu 0000:04:00.0: [drm:amdgpu_fence_driver_start_ring] fence driver on ring vcn_enc_0.1 use gpu addr 0x00000000004018a0
[    0.776533] amdgpu 0000:04:00.0: [drm:amdgpu_fence_driver_start_ring] fence driver on ring jpeg_dec use gpu addr 0x0000000000401940
[    0.800032] [drm] reserve 0xa00000 from 0xf402000000 for PSP TMR
[    0.803026] [drm:amdgpu_ucode_print_sdma_hdr] SDMA
[    0.803034] [drm:amdgpu_ucode_print_common_hdr] size_bytes: 34048
[    0.803038] [drm:amdgpu_ucode_print_common_hdr] header_size_bytes: 48
[    0.803043] [drm:amdgpu_ucode_print_common_hdr] header_version_major: 1
[    0.803047] [drm:amdgpu_ucode_print_common_hdr] header_version_minor: 0
[    0.803050] [drm:amdgpu_ucode_print_common_hdr] ip_version_major: 5
[    0.803054] [drm:amdgpu_ucode_print_common_hdr] ip_version_minor: 2
[    0.803058] [drm:amdgpu_ucode_print_common_hdr] ucode_version: 0x00000001
[    0.803062] [drm:amdgpu_ucode_print_common_hdr] ucode_size_bytes: 33792
[    0.803066] [drm:amdgpu_ucode_print_common_hdr] ucode_array_offset_bytes: 256
[    0.803070] [drm:amdgpu_ucode_print_sdma_hdr] crc32: 0x2f844ded
[    0.803074] [drm:amdgpu_ucode_print_sdma_hdr] ucode_feature_version: 52
[    0.803078] [drm:amdgpu_ucode_print_sdma_hdr] ucode_change_version: 0
[    0.803082] [drm:amdgpu_ucode_print_sdma_hdr] jt_offset: 8192
[    0.803086] [drm:amdgpu_ucode_print_sdma_hdr] jt_size: 128
[    0.806026] [drm:amdgpu_ucode_print_gfx_hdr] GFX
[    0.806030] [drm:amdgpu_ucode_print_common_hdr] size_bytes: 263296
[    0.806034] [drm:amdgpu_ucode_print_common_hdr] header_size_bytes: 44
[    0.806037] [drm:amdgpu_ucode_print_common_hdr] header_version_major: 1
[    0.806041] [drm:amdgpu_ucode_print_common_hdr] header_version_minor: 0
[    0.806045] [drm:amdgpu_ucode_print_common_hdr] ip_version_major: 10
[    0.806048] [drm:amdgpu_ucode_print_common_hdr] ip_version_minor: 3
[    0.806052] [drm:amdgpu_ucode_print_common_hdr] ucode_version: 0x00000001
[    0.806055] [drm:amdgpu_ucode_print_common_hdr] ucode_size_bytes: 263040
[    0.806059] [drm:amdgpu_ucode_print_common_hdr] ucode_array_offset_bytes: 256
[    0.806063] [drm:amdgpu_ucode_print_gfx_hdr] crc32: 0x6c2217b8
[    0.806067] [drm:amdgpu_ucode_print_gfx_hdr] ucode_feature_version: 38
[    0.806070] [drm:amdgpu_ucode_print_gfx_hdr] jt_offset: 65536
[    0.806074] [drm:psp_load_non_psp_fw] jt_size: 96
[    0.816169] [drm:amdgpu_ucode_print_gfx_hdr] GFX
[    0.816178] [drm:amdgpu_ucode_print_common_hdr] size_bytes: 263424
[    0.816184] [drm:amdgpu_ucode_print_common_hdr] header_size_bytes: 44
[    0.816188] [drm:amdgpu_ucode_print_common_hdr] header_version_major: 1
[    0.816191] [drm:amdgpu_ucode_print_common_hdr] header_version_minor: 0
[    0.816195] [drm:amdgpu_ucode_print_common_hdr] ip_version_major: 10
[    0.816199] [drm:amdgpu_ucode_print_common_hdr] ip_version_minor: 3
[    0.816202] [drm:amdgpu_ucode_print_common_hdr] ucode_version: 0x00000005
[    0.816206] [drm:amdgpu_ucode_print_common_hdr] ucode_size_bytes: 263168
[    0.816210] [drm:amdgpu_ucode_print_common_hdr] ucode_array_offset_bytes: 256
[    0.816214] [drm:amdgpu_ucode_print_gfx_hdr] crc32: 0x95c6ee20
[    0.816218] [drm:amdgpu_ucode_print_gfx_hdr] ucode_feature_version: 38
[    0.816222] [drm:amdgpu_ucode_print_gfx_hdr] jt_offset: 65536
[    0.816226] [drm:psp_load_non_psp_fw] jt_size: 128
[    0.826082] [drm:amdgpu_ucode_print_gfx_hdr] GFX
[    0.826096] [drm:amdgpu_ucode_print_common_hdr] size_bytes: 263424
[    0.826101] [drm:amdgpu_ucode_print_common_hdr] header_size_bytes: 44
[    0.826105] [drm:amdgpu_ucode_print_common_hdr] header_version_major: 1
[    0.826109] [drm:amdgpu_ucode_print_common_hdr] header_version_minor: 0
[    0.826113] [drm:amdgpu_ucode_print_common_hdr] ip_version_major: 10
[    0.826117] [drm:amdgpu_ucode_print_common_hdr] ip_version_minor: 3
[    0.826120] [drm:amdgpu_ucode_print_common_hdr] ucode_version: 0x00000003
[    0.826125] [drm:amdgpu_ucode_print_common_hdr] ucode_size_bytes: 263168
[    0.826129] [drm:amdgpu_ucode_print_common_hdr] ucode_array_offset_bytes: 256
[    0.826133] [drm:amdgpu_ucode_print_gfx_hdr] crc32: 0x66bdf234
[    0.826137] [drm:amdgpu_ucode_print_gfx_hdr] ucode_feature_version: 38
[    0.826141] [drm:amdgpu_ucode_print_gfx_hdr] jt_offset: 65536
[    0.826145] [drm:psp_load_non_psp_fw] jt_size: 128
[    0.836172] [drm:amdgpu_ucode_print_gfx_hdr] GFX
[    0.836184] [drm:amdgpu_ucode_print_common_hdr] size_bytes: 268592
[    0.836190] [drm:amdgpu_ucode_print_common_hdr] header_size_bytes: 44
[    0.836194] [drm:amdgpu_ucode_print_common_hdr] header_version_major: 1
[    0.836198] [drm:amdgpu_ucode_print_common_hdr] header_version_minor: 0
[    0.836202] [drm:amdgpu_ucode_print_common_hdr] ip_version_major: 10
[    0.836205] [drm:amdgpu_ucode_print_common_hdr] ip_version_minor: 3
[    0.836209] [drm:amdgpu_ucode_print_common_hdr] ucode_version: 0x00000006
[    0.836213] [drm:amdgpu_ucode_print_common_hdr] ucode_size_bytes: 268336
[    0.836217] [drm:amdgpu_ucode_print_common_hdr] ucode_array_offset_bytes: 256
[    0.836221] [drm:amdgpu_ucode_print_gfx_hdr] crc32: 0xc63f6c11
[    0.836226] [drm:amdgpu_ucode_print_gfx_hdr] ucode_feature_version: 38
[    0.836230] [drm:amdgpu_ucode_print_gfx_hdr] jt_offset: 66860
[    0.836233] [drm:psp_load_non_psp_fw] jt_size: 224
[    0.871169] [drm:amdgpu_ucode_print_rlc_hdr] RLC
[    0.871182] [drm:amdgpu_ucode_print_common_hdr] size_bytes: 44992
[    0.871188] [drm:amdgpu_ucode_print_common_hdr] header_size_bytes: 172
[    0.871192] [drm:amdgpu_ucode_print_common_hdr] header_version_major: 2
[    0.871196] [drm:amdgpu_ucode_print_common_hdr] header_version_minor: 2
[    0.871199] [drm:amdgpu_ucode_print_common_hdr] ip_version_major: 10
[    0.871203] [drm:amdgpu_ucode_print_common_hdr] ip_version_minor: 3
[    0.871207] [drm:amdgpu_ucode_print_common_hdr] ucode_version: 0x0000000e
[    0.871211] [drm:amdgpu_ucode_print_common_hdr] ucode_size_bytes: 25088
[    0.871215] [drm:amdgpu_ucode_print_common_hdr] ucode_array_offset_bytes: 256
[    0.871219] [drm:amdgpu_ucode_print_rlc_hdr] crc32: 0x4f3a37ab
[    0.871224] [drm:amdgpu_ucode_print_rlc_hdr] ucode_feature_version: 1
[    0.871228] [drm:amdgpu_ucode_print_rlc_hdr] jt_offset: 0
[    0.871231] [drm:amdgpu_ucode_print_rlc_hdr] jt_size: 0
[    0.871235] [drm:amdgpu_ucode_print_rlc_hdr] save_and_restore_offset: 0
[    0.871239] [drm:amdgpu_ucode_print_rlc_hdr] clear_state_descriptor_offset: 0
[    0.871243] [drm:amdgpu_ucode_print_rlc_hdr] avail_scratch_ram_locations: 0
[    0.871246] [drm:amdgpu_ucode_print_rlc_hdr] reg_restore_list_size: 95
[    0.871250] [drm:amdgpu_ucode_print_rlc_hdr] reg_list_format_start: 96
[    0.871254] [drm:amdgpu_ucode_print_rlc_hdr] reg_list_format_separate_start: 182
[    0.871257] [drm:amdgpu_ucode_print_rlc_hdr] starting_offsets_start: 203
[    0.871261] [drm:amdgpu_ucode_print_rlc_hdr] reg_list_format_size_bytes: 0
[    0.871265] [drm:amdgpu_ucode_print_rlc_hdr] reg_list_format_array_offset_bytes: 25344
[    0.871269] [drm:amdgpu_ucode_print_rlc_hdr] reg_list_size_bytes: 0
[    0.871272] [drm:amdgpu_ucode_print_rlc_hdr] reg_list_array_offset_bytes: 25344
[    0.871276] [drm:amdgpu_ucode_print_rlc_hdr] reg_list_format_separate_size_bytes: 0
[    0.871280] [drm:amdgpu_ucode_print_rlc_hdr] reg_list_format_separate_array_offset_bytes: 0
[    0.871284] [drm:amdgpu_ucode_print_rlc_hdr] reg_list_separate_size_bytes: 0
[    0.871287] [drm:amdgpu_ucode_print_rlc_hdr] reg_list_separate_array_offset_bytes: 0
[    0.895529] [drm:amdgpu_ih_process] amdgpu_ih_process: rptr 0, wptr 32
[    0.895543] [drm:amdgpu_irq_dispatch] Unregistered interrupt client_id: 4 src_id: 5
[    0.924167] amdgpu 0000:04:00.0: amdgpu: RAS: optional ras ta ucode is not available
[    0.934167] amdgpu 0000:04:00.0: amdgpu: RAP: optional rap ta ucode is not available
[    0.934176] amdgpu 0000:04:00.0: amdgpu: SECUREDISPLAY: securedisplay ta ucode is not available
[    0.935920] amdgpu 0000:04:00.0: amdgpu: SMU is initialized successfully!
[    0.935923] [drm:amdgpu_dm_irq_init] DM_IRQ
[    0.935946] [drm:dal_firmware_parser_init_cmd_tbl] Don't have dig_encoder_control for v0
[    0.935950] [drm:dal_firmware_parser_init_cmd_tbl] Don't have transmitter_control for v0
[    0.935952] [drm:dal_firmware_parser_init_cmd_tbl] Don't have set_pixel_clock for v0
[    0.935954] [drm:dal_firmware_parser_init_cmd_tbl] Don't have set_crtc_timing for v0
[    0.935956] [drm:dal_firmware_parser_init_cmd_tbl] Don't have enable_crtc for v0
[    0.935959] [drm:dal_firmware_parser_init_cmd_tbl] Don't have set_dce_clock for v0
[    0.936252] [drm:create_links] BIOS object table - number of connectors: 5
[    0.936255] [drm:create_links] DC: create_links: connectors_num: physical:5, virtual:0
[    0.936257] [drm:create_links] BIOS object table - printing link object info for connector number: 0, link_index: 0
[    0.936259] [drm:link_create] BIOS object table - link_id: 20
[    0.936261] [drm:link_create] BIOS object table - is_internal_display: 0
[    0.936266] [drm:link_create] BIOS object table - hpd_gpio id: 3
[    0.936268] [drm:link_create] BIOS object table - hpd_gpio en: 0
[    0.936269] [drm:link_create] Connector[0] description:signal 128
[    0.936271] [drm:dal_ddc_service_create] BIOS object table - i2c_line: 0
[    0.936273] [drm:dal_ddc_service_create] BIOS object table - i2c_engine_id: 1
[    0.936276] [drm:link_create] BIOS object table - DP_IS_USB_C: 0
[    0.936278] [drm:link_create] BIOS object table - IS_DP2_CAPABLE: 0
[    0.936279] [drm:link_create] BIOS object table - device_tag.acpi_device: 0
[    0.936281] [drm:link_create] BIOS object table - device_tag.dev_id.device_type: 1
[    0.936282] [drm:link_create] BIOS object table - device_tag.dev_id.enum_id: 1
[    0.936283] [drm:link_create] BIOS object table - ddi_channel_mapping: 0x00E4
[    0.936285] [drm:link_create] BIOS object table - chip_caps: 0
[    0.936287] [drm:link_create] BIOS object table - dc_link_construct_legacy finished successfully.
[    0.936289] [drm:create_links] BIOS object table - printing link object info for connector number: 1, link_index: 1
[    0.936291] [drm:link_create] BIOS object table - link_id: 12
[    0.936293] [drm:link_create] BIOS object table - is_internal_display: 0
[    0.936296] [drm:link_create] BIOS object table - hpd_gpio id: 3
[    0.936297] [drm:link_create] BIOS object table - hpd_gpio en: 1
[    0.936298] [drm:link_create] Connector[1] description:signal 4
[    0.936300] [drm:dal_ddc_service_create] BIOS object table - i2c_line: 1
[    0.936301] [drm:dal_ddc_service_create] BIOS object table - i2c_engine_id: 1
[    0.936303] [drm:link_create] BIOS object table - DP_IS_USB_C: 0
[    0.936305] [drm:link_create] BIOS object table - IS_DP2_CAPABLE: 0
[    0.936306] [drm:link_create] BIOS object table - device_tag.acpi_device: 0
[    0.936307] [drm:link_create] BIOS object table - device_tag.dev_id.device_type: 3
[    0.936309] [drm:link_create] BIOS object table - device_tag.dev_id.enum_id: 3
[    0.936310] [drm:link_create] BIOS object table - ddi_channel_mapping: 0x00E4
[    0.936311] [drm:link_create] BIOS object table - chip_caps: 0
[    0.936317] [drm:link_create] BIOS object table - dc_link_construct_legacy finished successfully.
[    0.936319] [drm:create_links] BIOS object table - printing link object info for connector number: 2, link_index: 2
[    0.936321] [drm:link_create] BIOS object table - link_id: 19
[    0.936322] [drm:link_create] BIOS object table - is_internal_display: 0
[    0.936325] [drm:link_create] BIOS object table - hpd_gpio id: 3
[    0.936326] [drm:link_create] BIOS object table - hpd_gpio en: 2
[    0.936328] [drm:link_create] Connector[2] description:signal 32
[    0.936329] [drm:dal_ddc_service_create] BIOS object table - i2c_line: 2
[    0.936331] [drm:dal_ddc_service_create] BIOS object table - i2c_engine_id: 1
[    0.936333] [drm:link_create] BIOS object table - DP_IS_USB_C: 1
[    0.936335] [drm:link_create] BIOS object table - IS_DP2_CAPABLE: 1
[    0.936336] [drm:link_create] BIOS object table - device_tag.acpi_device: 0
[    0.936337] [drm:link_create] BIOS object table - device_tag.dev_id.device_type: 3
[    0.936338] [drm:link_create] BIOS object table - device_tag.dev_id.enum_id: 1
[    0.936340] [drm:link_create] BIOS object table - ddi_channel_mapping: 0x00E4
[    0.936341] [drm:link_create] BIOS object table - chip_caps: 256
[    0.936347] [drm:link_create] BIOS object table - dc_link_construct_legacy finished successfully.
[    0.936348] [drm:create_links] BIOS object table - printing link object info for connector number: 3, link_index: 3
[    0.936350] [drm:link_create] BIOS object table - link_id: 0
[    0.936351] [drm:link_create] BIOS object table - is_internal_display: 0
[    0.936353] [drm:link_create] dc_link_construct_legacy: Invalid Connector ObjectID from Adapter Service for connector index:3! type 0 expected 3
[    0.936355] [drm:link_create] BIOS object table - dc_link_construct_legacy failed.
[    0.936356] [drm:create_links] BIOS object table - printing link object info for connector number: 4, link_index: 3
[    0.936358] [drm:link_create] BIOS object table - link_id: 19
[    0.936359] [drm:link_create] BIOS object table - is_internal_display: 0
[    0.936362] [drm:link_create] BIOS object table - hpd_gpio id: 3
[    0.936363] [drm:link_create] BIOS object table - hpd_gpio en: 3
[    0.936365] [drm:link_create] Connector[4] description:signal 32
[    0.936367] [drm:dal_ddc_service_create] BIOS object table - i2c_line: 3
[    0.936368] [drm:dal_ddc_service_create] BIOS object table - i2c_engine_id: 1
[    0.936373] [drm:link_create] BIOS object table - DP_IS_USB_C: 1
[    0.936374] [drm:link_create] BIOS object table - IS_DP2_CAPABLE: 1
[    0.936375] [drm:link_create] BIOS object table - device_tag.acpi_device: 0
[    0.936377] [drm:link_create] BIOS object table - device_tag.dev_id.device_type: 3
[    0.936378] [drm:link_create] BIOS object table - device_tag.dev_id.enum_id: 2
[    0.936379] [drm:link_create] BIOS object table - ddi_channel_mapping: 0x00E4
[    0.936380] [drm:link_create] BIOS object table - chip_caps: 256
[    0.936387] [drm:link_create] BIOS object table - dc_link_construct_legacy finished successfully.
[    0.936388] [drm:create_links] BIOS object table - end
[    0.936390] [drm:dc_create] Display Core initialized
[    0.936392] [drm] Display Core initialized with v3.2.198!
[    0.937589] [drm] DMUB hardware initialized: version=0x00007000
[    0.937644] [drm:dce110_edp_power_control] dce110_edp_power_control: Skipping Panel Power action: On
[    0.958235] [drm:mpc2_assert_idle_mpcc] REG_WAIT taking a while: 8ms in mpc2_assert_idle_mpcc line:480
[    0.958250] [drm:dcn20_plane_atomic_disable] Power gated front end 0
[    0.958253] [drm:dcn10_init_pipes] Power down front end 0
[    0.958270] [drm:dcn20_plane_atomic_disable] Power gated front end 1
[    0.958273] [drm:dcn10_init_pipes] Power down front end 1
[    0.958288] [drm:dcn20_plane_atomic_disable] Power gated front end 2
[    0.958290] [drm:dcn10_init_pipes] Power down front end 2
[    0.958306] [drm:dcn20_plane_atomic_disable] Power gated front end 3
[    0.958308] [drm:dcn10_init_pipes] Power down front end 3
[    0.959237] [drm:dm_hw_init] amdgpu: freesync_module init done 00000000b58316db.
[    0.959313] [drm:dm_hw_init] amdgpu: hdcp_workqueue init done 00000000efdeb547.
[    0.959423] [drm:amdgpu_dm_irq_register_interrupt] DM_IRQ: added irq handler: 000000006ae8889a for: dal_src=96, irq context=0
[    0.959427] [drm:dm_hw_init] amdgpu_dm_connector_init()
[    0.959504] [drm:dce110_edp_power_control] dce110_edp_power_control: Skipping Panel Power action: On
[    0.959546] [drm:dce110_edp_power_control] dce110_edp_power_control: Skipping Panel Power action: On
[    0.959558] SRINI----   back tracing aux drm_dp_dpcd_read----
[    0.959565] ------------[ cut here ]------------
[    0.959566] WARNING: CPU: 1 PID: 1 at drivers/gpu/drm/display/drm_dp_helper.c:582 drm_dp_dpcd_read+0x2a/0x112
[    0.959571] Modules linked in:
[    0.959573] CPU: 1 PID: 1 Comm: swapper/0 Not tainted 5.15.89-15899-g3f5b246a25a2-dirty #61 14c0a8f192e1b96cf9d6e3f7a46d52fba9410308
[    0.959575] Hardware name: XXXXXX
[    0.959577] RIP: 0010:drm_dp_dpcd_read+0x2a/0x112
[    0.959579] Code: 0f 1f 44 00 00 55 48 89 e5 41 57 41 56 41 55 41 54 53 49 89 cd 49 89 d7 41 89 f6 48 89 fb 48 c7 c7 c8 5d a0 ad e8 f6 92 7f 00 <0f> 0b 80 bb 10 05 00 00 00 74 2b 48 89 df 44 89 f6 4c 89 fa 4c 89
[    0.959581] RSP: 0018:ffffb3c84001b4e0 EFLAGS: 00010246
[    0.959582] RAX: 0000000000000031 RBX: ffff912a80916cb8 RCX: 4b405568f3feb800
[    0.959584] RDX: 0000000000000000 RSI: 00000000ff7fffff RDI: 0000000000000001
[    0.959585] RBP: ffffb3c84001b508 R08: 0000000000000000 R09: ffffb3c84001b2e0
[    0.959586] R10: 00000000ff7fffff R11: ffff912b761fd000 R12: 0000000000000001
[    0.959587] R13: 0000000000000001 R14: 0000000000000101 R15: ffffb3c84001b590
[    0.959588] FS:  0000000000000000(0000) GS:ffff912b6de80000(0000) knlGS:0000000000000000
[    0.959589] CS:  0010 DS: 0000 ES: 0000 CR0: 0000000080050033
[    0.959591] CR2: 0000000000000000 CR3: 000000007900c000 CR4: 0000000000350ee0
[    0.959592] Call Trace:
[    0.959594]  <TASK>
[    0.959596]  dm_helpers_dp_read_dpcd+0x2c/0x4d
[    0.959599]  core_link_read_dpcd+0xf8/0x15f
[    0.959601]  read_current_link_settings_on_detect+0x4e/0x143
[    0.959604]  dc_link_detect+0x258/0xf1e
[    0.959606]  ? dm_read_reg_func+0x3e/0xa6
[    0.959609]  ? dal_gpio_destroy_irq+0x28/0x3a
[    0.959611]  ? dc_link_detect_sink+0xec/0x131
[    0.959613]  dm_hw_init+0x1063/0x188e
[    0.959616]  ? update_config+0x2c2/0x2c2
[    0.959618]  ? lp_read_dpcd+0x21/0x21
[    0.959621]  ? smu_hw_init+0x224/0x26b
[    0.959623]  amdgpu_device_ip_hw_init_phase2+0x46/0x96
[    0.959626]  amdgpu_device_ip_init+0x2cf/0x475
[    0.959629]  amdgpu_device_init+0x13e7/0x1928
[    0.959632]  amdgpu_driver_load_kms+0x1a/0x135
[    0.959634]  amdgpu_pci_probe+0x165/0x2fe
[    0.959636]  pci_device_probe+0xa1/0x128
[    0.959638]  really_probe+0xdc/0x2f7
[    0.959640]  __driver_probe_device+0x9e/0xd7
[    0.959642]  driver_probe_device+0x24/0x80
[    0.959644]  __driver_attach+0x9b/0xe5
[    0.959645]  ? driver_attach+0x1f/0x1f
[    0.959647]  bus_for_each_dev+0x8e/0xc4
[    0.959649]  bus_add_driver+0x120/0x1fb
[    0.959652]  driver_register+0x60/0xe8
[    0.959653]  ? drm_sched_fence_slab_init+0x40/0x40
[    0.959656]  do_one_initcall+0x137/0x2a1
[    0.959661]  do_initcall_level+0xd5/0xf6
[    0.959663]  do_initcalls+0x4e/0x77
[    0.959665]  kernel_init_freeable+0xec/0x150
[    0.959666]  ? rest_init+0xc4/0xc4
[    0.959669]  kernel_init+0x1a/0x117
[    0.959670]  ret_from_fork+0x22/0x30
[    0.959673]  </TASK>
[    0.959675] ---[ end trace 2d288d4bc234d682 ]---
[    0.959953] amdgpu 0000:04:00.0: [drm:drm_dp_dpcd_probe] AMDGPU DM aux hw bus 0: 0x00000 AUX -> (ret=  1) 11
[    0.960228] amdgpu 0000:04:00.0: [drm:drm_dp_dpcd_read] AMDGPU DM aux hw bus 0: 0x00101 AUX -> (ret=  1) 82
[    0.960232] SRINI----   back tracing aux drm_dp_dpcd_read----
[    0.960235] ------------[ cut here ]------------
[    0.960236] WARNING: CPU: 1 PID: 1 at drivers/gpu/drm/display/drm_dp_helper.c:582 drm_dp_dpcd_read+0x2a/0x112
[    0.960238] Modules linked in:
[    0.960239] CPU: 1 PID: 1 Comm: swapper/0 Tainted: G        W         5.15.89-15899-g3f5b246a25a2-dirty #61 14c0a8f192e1b96cf9d6e3f7a46d52fba9410308
[    0.960241] Hardware name: XXXXXX
[    0.960242] RIP: 0010:drm_dp_dpcd_read+0x2a/0x112
[    0.960244] Code: 0f 1f 44 00 00 55 48 89 e5 41 57 41 56 41 55 41 54 53 49 89 cd 49 89 d7 41 89 f6 48 89 fb 48 c7 c7 c8 5d a0 ad e8 f6 92 7f 00 <0f> 0b 80 bb 10 05 00 00 00 74 2b 48 89 df 44 89 f6 4c 89 fa 4c 89
[    0.960245] RSP: 0018:ffffb3c84001b4e0 EFLAGS: 00010246
[    0.960246] RAX: 0000000000000031 RBX: ffff912a80916cb8 RCX: 4b405568f3feb800
[    0.960247] RDX: 0000000000000000 RSI: 00000000ff7fffff RDI: 0000000000000001
[    0.960248] RBP: ffffb3c84001b508 R08: 0000000000000000 R09: ffffb3c84001b2e0
[    0.960249] R10: 00000000ff7fffff R11: ffff912b761fd000 R12: 0000000000000001
[    0.960250] R13: 0000000000000001 R14: 0000000000000100 R15: ffffb3c84001b58f
[    0.960251] FS:  0000000000000000(0000) GS:ffff912b6de80000(0000) knlGS:0000000000000000
[    0.960252] CS:  0010 DS: 0000 ES: 0000 CR0: 0000000080050033
[    0.960253] CR2: 0000000000000000 CR3: 000000007900c000 CR4: 0000000000350ee0
[    0.960254] Call Trace:
[    0.960255]  <TASK>
[    0.960256]  dm_helpers_dp_read_dpcd+0x2c/0x4d
[    0.960257]  core_link_read_dpcd+0xf8/0x15f
[    0.960259]  read_current_link_settings_on_detect+0x8a/0x143
[    0.960261]  dc_link_detect+0x258/0xf1e
[    0.960264]  ? dm_read_reg_func+0x3e/0xa6
[    0.960266]  ? dal_gpio_destroy_irq+0x28/0x3a
[    0.960268]  ? dc_link_detect_sink+0xec/0x131
[    0.960269]  dm_hw_init+0x1063/0x188e
[    0.960272]  ? update_config+0x2c2/0x2c2
[    0.960274]  ? lp_read_dpcd+0x21/0x21
[    0.960277]  ? smu_hw_init+0x224/0x26b
[    0.960278]  amdgpu_device_ip_hw_init_phase2+0x46/0x96
[    0.960281]  amdgpu_device_ip_init+0x2cf/0x475
[    0.960283]  amdgpu_device_init+0x13e7/0x1928
[    0.960286]  amdgpu_driver_load_kms+0x1a/0x135
[    0.960288]  amdgpu_pci_probe+0x165/0x2fe
[    0.960290]  pci_device_probe+0xa1/0x128
[    0.960291]  really_probe+0xdc/0x2f7
[    0.960293]  __driver_probe_device+0x9e/0xd7
[    0.960294]  driver_probe_device+0x24/0x80
[    0.960296]  __driver_attach+0x9b/0xe5
[    0.960297]  ? driver_attach+0x1f/0x1f
[    0.960298]  bus_for_each_dev+0x8e/0xc4
[    0.960301]  bus_add_driver+0x120/0x1fb
[    0.960303]  driver_register+0x60/0xe8
[    0.960304]  ? drm_sched_fence_slab_init+0x40/0x40
[    0.960306]  do_one_initcall+0x137/0x2a1
[    0.960310]  do_initcall_level+0xd5/0xf6
[    0.960311]  do_initcalls+0x4e/0x77
[    0.960313]  kernel_init_freeable+0xec/0x150
[    0.960314]  ? rest_init+0xc4/0xc4
[    0.960316]  kernel_init+0x1a/0x117
[    0.960317]  ret_from_fork+0x22/0x30
[    0.960320]  </TASK>
[    0.960320] ---[ end trace 2d288d4bc234d683 ]---
[    0.960597] amdgpu 0000:04:00.0: [drm:drm_dp_dpcd_probe] AMDGPU DM aux hw bus 0: 0x00000 AUX -> (ret=  1) 11
[    0.960871] amdgpu 0000:04:00.0: [drm:drm_dp_dpcd_read] AMDGPU DM aux hw bus 0: 0x00100 AUX -> (ret=  1) 0a
[    0.960874] SRINI----   back tracing aux drm_dp_dpcd_read----
[    0.960878] ------------[ cut here ]------------
[    0.960878] WARNING: CPU: 1 PID: 1 at drivers/gpu/drm/display/drm_dp_helper.c:582 drm_dp_dpcd_read+0x2a/0x112
[    0.960881] Modules linked in:
[    0.960881] CPU: 1 PID: 1 Comm: swapper/0 Tainted: G        W         5.15.89-15899-g3f5b246a25a2-dirty #61 14c0a8f192e1b96cf9d6e3f7a46d52fba9410308
[    0.960883] Hardware name: XXXXXX
[    0.960884] RIP: 0010:drm_dp_dpcd_read+0x2a/0x112
[    0.960886] Code: 0f 1f 44 00 00 55 48 89 e5 41 57 41 56 41 55 41 54 53 49 89 cd 49 89 d7 41 89 f6 48 89 fb 48 c7 c7 c8 5d a0 ad e8 f6 92 7f 00 <0f> 0b 80 bb 10 05 00 00 00 74 2b 48 89 df 44 89 f6 4c 89 fa 4c 89
[    0.960887] RSP: 0018:ffffb3c84001b4e0 EFLAGS: 00010246
[    0.960888] RAX: 0000000000000031 RBX: ffff912a80916cb8 RCX: 4b405568f3feb800
[    0.960889] RDX: 0000000000000000 RSI: 00000000ff7fffff RDI: 0000000000000001
[    0.960890] RBP: ffffb3c84001b508 R08: 0000000000000000 R09: ffffb3c84001b2e0
[    0.960891] R10: 00000000ff7fffff R11: ffff912b761fd000 R12: 0000000000000001
[    0.960891] R13: 0000000000000001 R14: 0000000000000003 R15: ffffb3c84001b588
[    0.960892] FS:  0000000000000000(0000) GS:ffff912b6de80000(0000) knlGS:0000000000000000
[    0.960893] CS:  0010 DS: 0000 ES: 0000 CR0: 0000000080050033
[    0.960894] CR2: 0000000000000000 CR3: 000000007900c000 CR4: 0000000000350ee0
[    0.960895] Call Trace:
[    0.960896]  <TASK>
[    0.960897]  dm_helpers_dp_read_dpcd+0x2c/0x4d
[    0.960899]  core_link_read_dpcd+0xf8/0x15f
[    0.960900]  read_current_link_settings_on_detect+0x110/0x143
[    0.960902]  dc_link_detect+0x258/0xf1e
[    0.960905]  ? dm_read_reg_func+0x3e/0xa6
[    0.960907]  ? dal_gpio_destroy_irq+0x28/0x3a
[    0.960909]  ? dc_link_detect_sink+0xec/0x131
[    0.960910]  dm_hw_init+0x1063/0x188e
[    0.960913]  ? update_config+0x2c2/0x2c2
[    0.960915]  ? lp_read_dpcd+0x21/0x21
[    0.960918]  ? smu_hw_init+0x224/0x26b
[    0.960919]  amdgpu_device_ip_hw_init_phase2+0x46/0x96
[    0.960921]  amdgpu_device_ip_init+0x2cf/0x475
[    0.960924]  amdgpu_device_init+0x13e7/0x1928
[    0.960927]  amdgpu_driver_load_kms+0x1a/0x135
[    0.960928]  amdgpu_pci_probe+0x165/0x2fe
[    0.960930]  pci_device_probe+0xa1/0x128
[    0.960932]  really_probe+0xdc/0x2f7
[    0.960933]  __driver_probe_device+0x9e/0xd7
[    0.960935]  driver_probe_device+0x24/0x80
[    0.960936]  __driver_attach+0x9b/0xe5
[    0.960937]  ? driver_attach+0x1f/0x1f
[    0.960939]  bus_for_each_dev+0x8e/0xc4
[    0.960941]  bus_add_driver+0x120/0x1fb
[    0.960943]  driver_register+0x60/0xe8
[    0.960944]  ? drm_sched_fence_slab_init+0x40/0x40
[    0.960946]  do_one_initcall+0x137/0x2a1
[    0.960950]  do_initcall_level+0xd5/0xf6
[    0.960951]  do_initcalls+0x4e/0x77
[    0.960952]  kernel_init_freeable+0xec/0x150
[    0.960954]  ? rest_init+0xc4/0xc4
[    0.960955]  kernel_init+0x1a/0x117
[    0.960957]  ret_from_fork+0x22/0x30
[    0.960959]  </TASK>
[    0.960960] ---[ end trace 2d288d4bc234d684 ]---
[    0.961236] amdgpu 0000:04:00.0: [drm:drm_dp_dpcd_probe] AMDGPU DM aux hw bus 0: 0x00000 AUX -> (ret=  1) 11
[    0.961510] amdgpu 0000:04:00.0: [drm:drm_dp_dpcd_read] AMDGPU DM aux hw bus 0: 0x00003 AUX -> (ret=  1) 41
[    0.961516] SRINI----   back tracing aux drm_dp_dpcd_read----
[    0.961520] ------------[ cut here ]------------
[    0.961520] WARNING: CPU: 1 PID: 1 at drivers/gpu/drm/display/drm_dp_helper.c:582 drm_dp_dpcd_read+0x2a/0x112
[    0.961522] Modules linked in:
[    0.961523] CPU: 1 PID: 1 Comm: swapper/0 Tainted: G        W         5.15.89-15899-g3f5b246a25a2-dirty #61 14c0a8f192e1b96cf9d6e3f7a46d52fba9410308
[    0.961524] Hardware name: XXXXXX
[    0.961525] RIP: 0010:drm_dp_dpcd_read+0x2a/0x112
[    0.961527] Code: 0f 1f 44 00 00 55 48 89 e5 41 57 41 56 41 55 41 54 53 49 89 cd 49 89 d7 41 89 f6 48 89 fb 48 c7 c7 c8 5d a0 ad e8 f6 92 7f 00 <0f> 0b 80 bb 10 05 00 00 00 74 2b 48 89 df 44 89 f6 4c 89 fa 4c 89
[    0.961528] RSP: 0018:ffffb3c84001b3b8 EFLAGS: 00010246
[    0.961529] RAX: 0000000000000031 RBX: ffff912a80916cb8 RCX: 4b405568f3feb800
[    0.961530] RDX: 0000000000000000 RSI: 00000000ff7fffff RDI: 0000000000000001
[    0.961531] RBP: ffffb3c84001b3e0 R08: 0000000000000000 R09: ffffb3c84001b1b0
[    0.961532] R10: 00000000ff7fffff R11: ffff912b761fd000 R12: 0000000000000008
[    0.961533] R13: 0000000000000008 R14: 00000000000f0000 R15: ffffb3c84001b468
[    0.961534] FS:  0000000000000000(0000) GS:ffff912b6de80000(0000) knlGS:0000000000000000
[    0.961535] CS:  0010 DS: 0000 ES: 0000 CR0: 0000000080050033
[    0.961536] CR2: 0000000000000000 CR3: 000000007900c000 CR4: 0000000000350ee0
[    0.961537] Call Trace:
[    0.961537]  <TASK>
[    0.961538]  dm_helpers_dp_read_dpcd+0x2c/0x4d
[    0.961540]  core_link_read_dpcd+0xf8/0x15f
[    0.961542]  dp_retrieve_lttpr_cap+0x8b/0x16c
[    0.961545]  retrieve_link_cap+0xdb/0xb6e
[    0.961547]  ? dm_helpers_dp_read_dpcd+0x2c/0x4d
[    0.961549]  detect_edp_sink_caps+0x37/0x2bc
[    0.961551]  ? read_current_link_settings_on_detect+0x110/0x143
[    0.961553]  dc_link_detect+0x260/0xf1e
[    0.961555]  ? dm_read_reg_func+0x3e/0xa6
[    0.961558]  ? dal_gpio_destroy_irq+0x28/0x3a
[    0.961559]  ? dc_link_detect_sink+0xec/0x131
[    0.961561]  dm_hw_init+0x1063/0x188e
[    0.961564]  ? update_config+0x2c2/0x2c2
[    0.961566]  ? lp_read_dpcd+0x21/0x21
[    0.961568]  ? smu_hw_init+0x224/0x26b
[    0.961570]  amdgpu_device_ip_hw_init_phase2+0x46/0x96
[    0.961572]  amdgpu_device_ip_init+0x2cf/0x475
[    0.961574]  amdgpu_device_init+0x13e7/0x1928
[    0.961578]  amdgpu_driver_load_kms+0x1a/0x135
[    0.961579]  amdgpu_pci_probe+0x165/0x2fe
[    0.961581]  pci_device_probe+0xa1/0x128
[    0.961582]  really_probe+0xdc/0x2f7
[    0.961584]  __driver_probe_device+0x9e/0xd7
[    0.961585]  driver_probe_device+0x24/0x80
[    0.961587]  __driver_attach+0x9b/0xe5
[    0.961588]  ? driver_attach+0x1f/0x1f
[    0.961589]  bus_for_each_dev+0x8e/0xc4
[    0.961592]  bus_add_driver+0x120/0x1fb
[    0.961594]  driver_register+0x60/0xe8
[    0.961595]  ? drm_sched_fence_slab_init+0x40/0x40
[    0.961597]  do_one_initcall+0x137/0x2a1
[    0.961600]  do_initcall_level+0xd5/0xf6
[    0.961602]  do_initcalls+0x4e/0x77
[    0.961603]  kernel_init_freeable+0xec/0x150
[    0.961604]  ? rest_init+0xc4/0xc4
[    0.961606]  kernel_init+0x1a/0x117
[    0.961608]  ret_from_fork+0x22/0x30
[    0.961610]  </TASK>
[    0.961610] ---[ end trace 2d288d4bc234d685 ]---
[    0.961887] amdgpu 0000:04:00.0: [drm:drm_dp_dpcd_probe] AMDGPU DM aux hw bus 0: 0x00000 AUX -> (ret=  1) 11
[    0.962219] amdgpu 0000:04:00.0: [drm:drm_dp_dpcd_read] AMDGPU DM aux hw bus 0: 0xf0000 AUX -> (ret=  8) 00 00 00 00 00 00 00 00
[    0.962223] SRINI----   back tracing aux drm_dp_dpcd_read----
[    0.962227] ------------[ cut here ]------------
[    0.962227] WARNING: CPU: 1 PID: 1 at drivers/gpu/drm/display/drm_dp_helper.c:582 drm_dp_dpcd_read+0x2a/0x112
[    0.962229] Modules linked in:
[    0.962230] CPU: 1 PID: 1 Comm: swapper/0 Tainted: G        W         5.15.89-15899-g3f5b246a25a2-dirty #61 14c0a8f192e1b96cf9d6e3f7a46d52fba9410308
[    0.962231] Hardware name: XXXXXX
[    0.962232] RIP: 0010:drm_dp_dpcd_read+0x2a/0x112
[    0.962234] Code: 0f 1f 44 00 00 55 48 89 e5 41 57 41 56 41 55 41 54 53 49 89 cd 49 89 d7 41 89 f6 48 89 fb 48 c7 c7 c8 5d a0 ad e8 f6 92 7f 00 <0f> 0b 80 bb 10 05 00 00 00 74 2b 48 89 df 44 89 f6 4c 89 fa 4c 89
[    0.962235] RSP: 0018:ffffb3c84001b3b8 EFLAGS: 00010246
[    0.962236] RAX: 0000000000000031 RBX: ffff912a80916cb8 RCX: 4b405568f3feb800
[    0.962237] RDX: 0000000000000000 RSI: 00000000ff7fffff RDI: 0000000000000001
[    0.962238] RBP: ffffb3c84001b3e0 R08: 0000000000000000 R09: ffffb3c84001b1b0
[    0.962239] R10: 00000000ff7fffff R11: ffff912b761fd000 R12: 0000000000000003
[    0.962240] R13: 0000000000000003 R14: 00000000000e000d R15: ffffb3c84001b46c
[    0.962241] FS:  0000000000000000(0000) GS:ffff912b6de80000(0000) knlGS:0000000000000000
[    0.962242] CS:  0010 DS: 0000 ES: 0000 CR0: 0000000080050033
[    0.962243] CR2: 0000000000000000 CR3: 000000007900c000 CR4: 0000000000350ee0
[    0.962244] Call Trace:
[    0.962244]  <TASK>
[    0.962245]  dm_helpers_dp_read_dpcd+0x2c/0x4d
[    0.962247]  core_link_read_dpcd+0xf8/0x15f
[    0.962249]  dpcd_get_tunneling_device_data+0x53/0xbb
[    0.962251]  retrieve_link_cap+0xe6/0xb6e
[    0.962253]  ? dm_helpers_dp_read_dpcd+0x2c/0x4d
[    0.962255]  detect_edp_sink_caps+0x37/0x2bc
[    0.962257]  ? read_current_link_settings_on_detect+0x110/0x143
[    0.962259]  dc_link_detect+0x260/0xf1e
[    0.962261]  ? dm_read_reg_func+0x3e/0xa6
[    0.962264]  ? dal_gpio_destroy_irq+0x28/0x3a
[    0.962265]  ? dc_link_detect_sink+0xec/0x131
[    0.962267]  dm_hw_init+0x1063/0x188e
[    0.962270]  ? update_config+0x2c2/0x2c2
[    0.962272]  ? lp_read_dpcd+0x21/0x21
[    0.962274]  ? smu_hw_init+0x224/0x26b
[    0.962276]  amdgpu_device_ip_hw_init_phase2+0x46/0x96
[    0.962278]  amdgpu_device_ip_init+0x2cf/0x475
[    0.962280]  amdgpu_device_init+0x13e7/0x1928
[    0.962284]  amdgpu_driver_load_kms+0x1a/0x135
[    0.962285]  amdgpu_pci_probe+0x165/0x2fe
[    0.962287]  pci_device_probe+0xa1/0x128
[    0.962288]  really_probe+0xdc/0x2f7
[    0.962290]  __driver_probe_device+0x9e/0xd7
[    0.962291]  driver_probe_device+0x24/0x80
[    0.962293]  __driver_attach+0x9b/0xe5
[    0.962294]  ? driver_attach+0x1f/0x1f
[    0.962295]  bus_for_each_dev+0x8e/0xc4
[    0.962298]  bus_add_driver+0x120/0x1fb
[    0.962300]  driver_register+0x60/0xe8
[    0.962301]  ? drm_sched_fence_slab_init+0x40/0x40
[    0.962303]  do_one_initcall+0x137/0x2a1
[    0.962307]  do_initcall_level+0xd5/0xf6
[    0.962308]  do_initcalls+0x4e/0x77
[    0.962309]  kernel_init_freeable+0xec/0x150
[    0.962311]  ? rest_init+0xc4/0xc4
[    0.962312]  kernel_init+0x1a/0x117
[    0.962314]  ret_from_fork+0x22/0x30
[    0.962316]  </TASK>
[    0.962317] ---[ end trace 2d288d4bc234d686 ]---
[    0.962593] amdgpu 0000:04:00.0: [drm:drm_dp_dpcd_probe] AMDGPU DM aux hw bus 0: 0x00000 AUX -> (ret=  1) 11
[    0.962879] amdgpu 0000:04:00.0: [drm:drm_dp_dpcd_read] AMDGPU DM aux hw bus 0: 0xe000d AUX -> (ret=  3) 00 00 00
[    0.962882] SRINI----   back tracing aux drm_dp_dpcd_read----
[    0.962886] ------------[ cut here ]------------
[    0.962886] WARNING: CPU: 1 PID: 1 at drivers/gpu/drm/display/drm_dp_helper.c:582 drm_dp_dpcd_read+0x2a/0x112
[    0.962889] Modules linked in:
[    0.962889] CPU: 1 PID: 1 Comm: swapper/0 Tainted: G        W         5.15.89-15899-g3f5b246a25a2-dirty #61 14c0a8f192e1b96cf9d6e3f7a46d52fba9410308
[    0.962891] Hardware name: XXXXXX
[    0.962891] RIP: 0010:drm_dp_dpcd_read+0x2a/0x112
[    0.962893] Code: 0f 1f 44 00 00 55 48 89 e5 41 57 41 56 41 55 41 54 53 49 89 cd 49 89 d7 41 89 f6 48 89 fb 48 c7 c7 c8 5d a0 ad e8 f6 92 7f 00 <0f> 0b 80 bb 10 05 00 00 00 74 2b 48 89 df 44 89 f6 4c 89 fa 4c 89
[    0.962894] RSP: 0018:ffffb3c84001b3b8 EFLAGS: 00010246
[    0.962895] RAX: 0000000000000031 RBX: ffff912a80916cb8 RCX: 4b405568f3feb800
[    0.962896] RDX: 0000000000000000 RSI: 00000000ff7fffff RDI: 0000000000000001
[    0.962897] RBP: ffffb3c84001b3e0 R08: 0000000000000000 R09: ffffb3c84001b1b0
[    0.962898] R10: 00000000ff7fffff R11: ffff912b761fd000 R12: 0000000000000005
[    0.962899] R13: 0000000000000005 R14: 00000000000e001b R15: ffffb3c84001b464
