    +----------------------------------------------------------------------+
    ¦                 • MobaXterm Personal Edition v21.5 •                 ¦
    ¦               (SSH client, X server and network tools)               ¦
    ¦                                                                      ¦
    ¦ ? SSH session to srishanm@10.138.129.9                               ¦
    ¦   • Direct SSH      :  ?                                             ¦
    ¦   • SSH compression :  ?                                             ¦
    ¦   • SSH-browser     :  ?                                             ¦
    ¦   • X11-forwarding  :  ?  (remote display is forwarded through SSH)  ¦
    ¦                                                                      ¦
    ¦ ? For more info, ctrl+click on help or visit our website.            ¦
    +----------------------------------------------------------------------+

Welcome to Ubuntu 20.04.4 LTS (GNU/Linux 5.15.0-56-generic x86_64)

 * Documentation:  https://help.ubuntu.com
 * Management:     https://landscape.canonical.com
 * Support:        https://ubuntu.com/advantage

108 updates can be applied immediately.
To see these additional updates run: apt list --upgradable

New release '22.04.1 LTS' available.
Run 'do-release-upgrade' to upgrade to it.

Your Hardware Enablement Stack (HWE) is supported until April 2025.
*** System restart required ***
Last login: Mon Feb 13 14:39:03 2023 from 10.136.38.122
srishanm@TRX40-1:~$ ssh root@10.136.9.122
Password:
localhost ~ # cd /
localhost / # dmesg -w
[    0.000000] Linux version 5.15.89-15899-g3f5b246a25a2-dirty (srishanm@TRX40-1) (Chromium OS 15.0_pre465103_p20220825-r3 clang version 15.0.0 (/var/tmp/portage/sys-devel/llvm-15.0_pre465103_p20220825-r3/work/llvm-15.0_pre465103_p20220825/clang db1978b67431ca3462ad8935bf662c15750b8252), LLD 15.0.0) #64 SMP PREEMPT Wed Feb 8 18:21:47 IST 2023
[    0.000000] Command line: cros_secure console= loglevel=7 init=/sbin/init cros_secure drm.trace=0x106 root=PARTUUID=bdf929fd-305a-4c4b-9749-8752614e538d/PARTNROFF=1 rootwait rw dm_verity.error_behavior=3 dm_verity.max_bios=-1 dm_verity.dev_wait=0 dm="1 vroot none ro 1,0 5324800 verity payload=ROOT_DEV hashtree=HASH_DEV hashstart=5324800 alg=sha256 root_hexdigest=ddd391d2b48112249bff6272c04a7063386f5f699c7a242cf29f3fb51afcf1c6 salt=2865b5e366b3caa615851897e77216f91a279a3d71f783fdea545e6130252497" noinitrd cros_debug vt.global_cursor_default=0 kern_guid=bdf929fd-305a-4c4b-9749-8752614e538d add_efi_memmap boot=local noresume noswap i915.modeset=1 amdgpu.abmlevel=0x4 amdgpu.dcfeaturemask=0x8 rtc-cmos.use_acpi_alarm=1 amd-pmc.enable_stb=1 drm.debug=0x1FF log_buf_len=256M
[    0.000000] KERNEL supported cpus:
[    0.000000]   AMD AuthenticAMD
[    0.000000] x86/fpu: Supporting XSAVE feature 0x001: 'x87 floating point registers'
[    0.000000] x86/fpu: Supporting XSAVE feature 0x002: 'SSE registers'
[    0.000000] x86/fpu: Supporting XSAVE feature 0x004: 'AVX registers'
[    0.000000] x86/fpu: xstate_offset[2]:  576, xstate_sizes[2]:  256
[    0.000000] x86/fpu: Enabled xstate features 0x7, context size is 832 bytes, using 'compacted' format.
[    0.000000] signal: max sigframe size: 1776
[    0.000000] BIOS-provided physical RAM map:
[    0.000000] BIOS-e820: [mem 0x0000000000000000-0x0000000000000fff] reserved
[    0.000000] BIOS-e820: [mem 0x0000000000001000-0x000000000009ffff] usable
[    0.000000] BIOS-e820: [mem 0x00000000000a0000-0x00000000000fffff] reserved
[    0.000000] BIOS-e820: [mem 0x0000000000100000-0x0000000001ffffff] usable
[    0.000000] BIOS-e820: [mem 0x0000000002000000-0x0000000002181fff] reserved
[    0.000000] BIOS-e820: [mem 0x0000000002182000-0x00000000b826bfff] usable
[    0.000000] BIOS-e820: [mem 0x00000000b826c000-0x00000000bfffffff] reserved
[    0.000000] BIOS-e820: [mem 0x00000000f8000000-0x00000000fbffffff] reserved
[    0.000000] BIOS-e820: [mem 0x00000000fec10000-0x00000000fec10fff] reserved
[    0.000000] BIOS-e820: [mem 0x00000000fedc2000-0x00000000fedc5fff] reserved
[    0.000000] BIOS-e820: [mem 0x00000000fedc9000-0x00000000fedcafff] reserved
[    0.000000] BIOS-e820: [mem 0x0000000100000000-0x000000023e33ffff] usable
[    0.000000] BIOS-e820: [mem 0x000000023e340000-0x000000023fffffff] reserved
[    0.000000] NX (Execute Disable) protection: active
[    0.000000] SMBIOS 3.0 present.
[    0.000000] DMI:  XXXXXX/XXXXXX, BIOS _XXXXXX
[    0.000000] tsc: Fast TSC calibration using PIT
[    0.000000] tsc: Detected 1197.638 MHz processor
[    0.000316] e820: update [mem 0x00000000-0x00000fff] usable ==> reserved
[    0.000318] e820: remove [mem 0x000a0000-0x000fffff] usable
[    0.000322] last_pfn = 0x23e340 max_arch_pfn = 0x400000000
[    0.000558] x86/PAT: Configuration [0-7]: WB  WC  UC- UC  WB  WP  UC- WT
[    0.000986] last_pfn = 0xb826c max_arch_pfn = 0x400000000
[    0.004121] Using GB pages for direct mapping
[    0.288145] printk: log_buf_len: 268435456 bytes
[    0.288150] printk: early log buf free: 258952(98%)
[    0.288154] ACPI: Early table checksum verification disabled
[    0.288160] ACPI: RSDP 0x00000000000F0000 000024 (v02 COREv4)
[    0.288164] ACPI: XSDT 0x00000000B82840E0 00006C (v01 COREv4 COREBOOT 00000000 CORE 20220331)
[    0.288170] ACPI: FACP 0x00000000B8288870 000114 (v06 COREv4 COREBOOT 00000000 CORE 20220331)
[    0.288174] ACPI: DSDT 0x00000000B8284280 0045ED (v02 COREv4 COREBOOT 00010001 INTL 20220331)
[    0.288177] ACPI: FACS 0x00000000B8284240 000040
[    0.288178] ACPI: FACS 0x00000000B8284240 000040
[    0.288180] ACPI: SSDT 0x00000000B8288990 00324B (v02 COREv4 COREBOOT 0000002A CORE 20220331)
[    0.288182] ACPI: MCFG 0x00000000B828BBE0 00003C (v01 COREv4 COREBOOT 00000000 CORE 20220331)
[    0.288185] ACPI: TPM2 0x00000000B828BC20 00004C (v04 COREv4 COREBOOT 00000000 CORE 20220331)
[    0.288187] ACPI: APIC 0x00000000B828BC70 00007E (v03 COREv4 COREBOOT 00000000 CORE 20220331)
[    0.288189] ACPI: SSDT 0x00000000B828BCF0 007D72 (v02 AMD    AmdTable 00000002 MSFT 04000000)
[    0.288191] ACPI: IVRS 0x00000000B8293A70 000186 (v02 COREv4 COREBOOT 00000000 CORE 20220331)
[    0.288193] ACPI: HPET 0x00000000B8293C00 000038 (v01 COREv4 COREBOOT 00000000 CORE 20220331)
[    0.288195] ACPI: VFCT 0x00000000B8293C40 00AE69 (v01 COREv4 COREBOOT 00000000 CORE 20220331)
[    0.288197] ACPI: Reserving FACP table memory at [mem 0xb8288870-0xb8288983]
[    0.288199] ACPI: Reserving DSDT table memory at [mem 0xb8284280-0xb828886c]
[    0.288200] ACPI: Reserving FACS table memory at [mem 0xb8284240-0xb828427f]
[    0.288201] ACPI: Reserving FACS table memory at [mem 0xb8284240-0xb828427f]
[    0.288202] ACPI: Reserving SSDT table memory at [mem 0xb8288990-0xb828bbda]
[    0.288203] ACPI: Reserving MCFG table memory at [mem 0xb828bbe0-0xb828bc1b]
[    0.288204] ACPI: Reserving TPM2 table memory at [mem 0xb828bc20-0xb828bc6b]
[    0.288204] ACPI: Reserving APIC table memory at [mem 0xb828bc70-0xb828bced]
[    0.288205] ACPI: Reserving SSDT table memory at [mem 0xb828bcf0-0xb8293a61]
[    0.288206] ACPI: Reserving IVRS table memory at [mem 0xb8293a70-0xb8293bf5]
[    0.288207] ACPI: Reserving HPET table memory at [mem 0xb8293c00-0xb8293c37]
[    0.288208] ACPI: Reserving VFCT table memory at [mem 0xb8293c40-0xb829eaa8]
[    0.288240] Zone ranges:
[    0.288241]   DMA      [mem 0x0000000000001000-0x0000000000ffffff]
[    0.288242]   DMA32    [mem 0x0000000001000000-0x00000000ffffffff]
[    0.288244]   Normal   [mem 0x0000000100000000-0x000000023e33ffff]
[    0.288245] Movable zone start for each node
[    0.288246] Early memory node ranges
[    0.288246]   node   0: [mem 0x0000000000001000-0x000000000009ffff]
[    0.288248]   node   0: [mem 0x0000000000100000-0x0000000001ffffff]
[    0.288249]   node   0: [mem 0x0000000002182000-0x00000000b826bfff]
[    0.288250]   node   0: [mem 0x0000000100000000-0x000000023e33ffff]
[    0.288252] Initmem setup node 0 [mem 0x0000000000001000-0x000000023e33ffff]
[    0.288259] On node 0, zone DMA: 1 pages in unavailable ranges
[    0.288295] On node 0, zone DMA: 96 pages in unavailable ranges
[    0.294907] On node 0, zone DMA32: 386 pages in unavailable ranges
[    0.306711] On node 0, zone Normal: 32148 pages in unavailable ranges
[    0.306781] On node 0, zone Normal: 7360 pages in unavailable ranges
[    0.307194] ACPI: PM-Timer IO Port: 0x408
[    0.307201] ACPI: LAPIC_NMI (acpi_id[0xff] high edge lint[0x1])
[    0.307214] IOAPIC[0]: apic_id 0, version 33, address 0xfec00000, GSI 0-23
[    0.307220] IOAPIC[1]: apic_id 1, version 33, address 0xfec01000, GSI 24-55
[    0.307221] ACPI: INT_SRC_OVR (bus 0 bus_irq 0 global_irq 2 dfl dfl)
[    0.307223] ACPI: INT_SRC_OVR (bus 0 bus_irq 9 global_irq 9 low level)
[    0.307227] ACPI: Using ACPI (MADT) for SMP configuration information
[    0.307228] ACPI: HPET id: 0x10228201 base: 0xfed00000
[    0.307233] smpboot: Allowing 4 CPUs, 0 hotplug CPUs
[    0.307245] [mem 0xc0000000-0xf7ffffff] available for PCI devices
[    0.307248] clocksource: refined-jiffies: mask: 0xffffffff max_cycles: 0xffffffff, max_idle_ns: 1910969940391419 ns
[    0.311544] setup_percpu: NR_CPUS:64 nr_cpumask_bits:64 nr_cpu_ids:4 nr_node_ids:1
[    0.311817] percpu: Embedded 49 pages/cpu s161304 r8192 d31208 u524288
[    0.311821] pcpu-alloc: s161304 r8192 d31208 u524288 alloc=1*2097152
[    0.311823] pcpu-alloc: [0] 0 1 2 3
[    0.311837] Built 1 zonelists, mobility grouping on.  Total pages: 2024857
[    0.311840] Kernel command line: cros_secure console= loglevel=7 init=/sbin/init cros_secure drm.trace=0x106 root=PARTUUID=bdf929fd-305a-4c4b-9749-8752614e538d/PARTNROFF=1 rootwait rw dm_verity.error_behavior=3 dm_verity.max_bios=-1 dm_verity.dev_wait=0 dm="1 vroot none ro 1,0 5324800 verity payload=ROOT_DEV hashtree=HASH_DEV hashstart=5324800 alg=sha256 root_hexdigest=ddd391d2b48112249bff6272c04a7063386f5f699c7a242cf29f3fb51afcf1c6 salt=2865b5e366b3caa615851897e77216f91a279a3d71f783fdea545e6130252497" noinitrd cros_debug vt.global_cursor_default=0 kern_guid=bdf929fd-305a-4c4b-9749-8752614e538d add_efi_memmap boot=local noresume noswap i915.modeset=1 amdgpu.abmlevel=0x4 amdgpu.dcfeaturemask=0x8 rtc-cmos.use_acpi_alarm=1 amd-pmc.enable_stb=1 drm.debug=0x1FF log_buf_len=256M
[    0.312021] Unknown kernel command line parameters "cros_secure cros_debug noresume noswap dm=1 vroot none ro 1,0 5324800 verity payload=ROOT_DEV hashtree=HASH_DEV hashstart=5324800 alg=sha256 root_hexdigest=ddd391d2b48112249bff6272c04a7063386f5f699c7a242cf29f3fb51afcf1c6 salt=2865b5e366b3caa615851897e77216f91a279a3d71f783fdea545e6130252497 boot=local", will be passed to user space.
[    0.312927] Dentry cache hash table entries: 1048576 (order: 11, 8388608 bytes, linear)
[    0.313411] Inode-cache hash table entries: 524288 (order: 10, 4194304 bytes, linear)
[    0.313659] mem auto-init: stack:all(zero), heap alloc:off, heap free:off
[    0.349561] Memory: 6794540K/8228644K available (18442K kernel code, 2430K rwdata, 9892K rodata, 1840K init, 2940K bss, 1433844K reserved, 0K cma-reserved)
[    0.358218] SLUB: HWalign=64, Order=0-3, MinObjects=0, CPUs=4, Nodes=1
[    0.358548] ftrace: allocating 56387 entries in 221 pages
[    0.373563] ftrace: allocated 221 pages with 6 groups
[    0.374555] rcu: Preemptible hierarchical RCU implementation.
[    0.374556] rcu:     RCU restricting CPUs from NR_CPUS=64 to nr_cpu_ids=4.
[    0.374558]  Trampoline variant of Tasks RCU enabled.
[    0.374558]  Rude variant of Tasks RCU enabled.
[    0.374559]  Tracing variant of Tasks RCU enabled.
[    0.374560] rcu: RCU calculated value of scheduler-enlistment delay is 100 jiffies.
[    0.374562] rcu: Adjusting geometry for rcu_fanout_leaf=16, nr_cpu_ids=4
[    0.387745] NR_IRQS: 4352, nr_irqs: 1000, preallocated irqs: 16
[    0.388015] rcu:     Note: kernel parameter 'rcu_nocbs=', 'nohz_full', or 'isolcpus=' contains nonexistent CPUs.
[    0.388016] rcu:     Offload RCU callbacks from CPUs: 0-3.
[    0.388086] kfence: initialized - using 2097152 bytes for 255 objects at 0x(____ptrval____)-0x(____ptrval____)
[    0.388381] random: crng init done
[    0.388402] Console: colour dummy device 80x25
[    0.388410] ACPI: Core revision 20210730
[    0.388505] clocksource: hpet: mask: 0xffffffff max_cycles: 0xffffffff, max_idle_ns: 133484873504 ns
[    0.388527] APIC: Switch to symmetric I/O mode setup
[    0.389232] AMD-Vi: ivrs, add hid:AMDI0040, uid:, rdevid:152
[    0.390323] ..TIMER: vector=0x30 apic1=0 pin1=2 apic2=-1 pin2=-1
[    0.394532] clocksource: tsc-early: mask: 0xffffffffffffffff max_cycles: 0x1143646a41f, max_idle_ns: 440795238436 ns
[    0.394535] Calibrating delay loop (skipped), value calculated using timer frequency.. 2395.27 BogoMIPS (lpj=1197638)
[    0.394537] pid_max: default: 32768 minimum: 301
[    0.394553] LSM: Security Framework initializing
[    0.394561] landlock: Up and running.
[    0.394562] Yama: becoming mindful.
[    0.394566] LoadPin: ready to pin (currently enforcing)
[    0.394570] Chromium OS LSM: enabled
[    0.394570] SELinux:  Initializing.
[    0.394609] Mount-cache hash table entries: 16384 (order: 5, 131072 bytes, linear)
[    0.394624] Mountpoint-cache hash table entries: 16384 (order: 5, 131072 bytes, linear)
[    0.394817] x86/cpu: User Mode Instruction Prevention (UMIP) activated
[    0.395090] LVT offset 1 assigned for vector 0xf9
[    0.395136] LVT offset 2 assigned for vector 0xf4
[    0.395146] Last level iTLB entries: 4KB 1024, 2MB 1024, 4MB 512
[    0.395148] Last level dTLB entries: 4KB 2048, 2MB 2048, 4MB 1024, 1GB 0
[    0.395149] Spectre V1 : Mitigation: usercopy/swapgs barriers and __user pointer sanitization
[    0.395154] Spectre V2 : Mitigation: Retpolines
[    0.395155] Spectre V2 : Spectre v2 / SpectreRSB mitigation: Filling RSB on context switch
[    0.395155] Spectre V2 : Spectre v2 / SpectreRSB : Filling RSB on VMEXIT
[    0.395156] Spectre V2 : Enabling Speculation Barrier for firmware calls
[    0.395157] RETBleed: Mitigation: untrained return thunk
[    0.395160] Spectre V2 : mitigation: Enabling conditional Indirect Branch Prediction Barrier
[    0.395164] Speculative Store Bypass: Mitigation: Speculative Store Bypass disabled via prctl and seccomp
[    0.402259] Freeing SMP alternatives memory: 36K
[    0.504840] smpboot: CPU0: AMD Ryzen 3 7320Ce with Radeon Graphics (family: 0x17, model: 0xa0, stepping: 0x0)
[    0.505007] Performance Events: Fam17h+ core perfctr, AMD PMU driver.
[    0.505013] ... version:                0
[    0.505014] ... bit width:              48
[    0.505015] ... generic registers:      6
[    0.505016] ... value mask:             0000ffffffffffff
[    0.505017] ... max period:             00007fffffffffff
[    0.505017] ... fixed-purpose events:   0
[    0.505018] ... event mask:             000000000000003f
[    0.505075] rcu: Hierarchical SRCU implementation.
[    0.505413] MCE: In-kernel MCE decoding enabled.
[    0.505452] NMI watchdog: Enabled. Permanently consumes one hw-PMU counter.
[    0.505495] smp: Bringing up secondary CPUs ...
[    0.505534] x86: Booting SMP configuration:
[    0.505534] .... node  #0, CPUs:      #1
[    0.002494] rdrand: disabled
[    0.506638]  #2 #3
[    0.508590] smp: Brought up 1 node, 4 CPUs
[    0.508590] smpboot: Max logical packages: 1
[    0.508590] smpboot: Total of 4 processors activated (9581.10 BogoMIPS)
[    0.509820] devtmpfs: initialized
[    0.509820] clocksource: jiffies: mask: 0xffffffff max_cycles: 0xffffffff, max_idle_ns: 1911260446275000 ns
[    0.509820] futex hash table entries: 1024 (order: 4, 65536 bytes, linear)
[    0.509820] pinctrl core: initialized pinctrl subsystem
[    0.509820] PM: RTC time: 09:15:15, date: 2023-02-13
[    0.510637] NET: Registered PF_NETLINK/PF_ROUTE protocol family
[    0.510783] audit: initializing netlink subsys (disabled)
[    0.510797] audit: type=2000 audit(1676279715.121:1): state=initialized audit_enabled=0 res=1
[    0.510797] thermal_sys: Registered thermal governor 'bang_bang'
[    0.510797] thermal_sys: Registered thermal governor 'step_wise'
[    0.510797] cpuidle: using governor ladder
[    0.510797] cpuidle: using governor menu
[    0.510797] NET: Registered PF_QIPCRTR protocol family
[    0.510797] ACPI: bus type PCI registered
[    0.510797] PCI: MMCONFIG for domain 0000 [bus 00-3f] at [mem 0xf8000000-0xfbffffff] (base 0xf8000000)
[    0.510797] PCI: MMCONFIG at [mem 0xf8000000-0xfbffffff] reserved in E820
[    0.510797] PCI: Using configuration type 1 for base access
[    0.513635] Kprobes globally optimized
[    0.513647] cryptd: max_cpu_qlen set to 1000
[    0.514555] ACPI: Added _OSI(Module Device)
[    0.514556] ACPI: Added _OSI(Processor Device)
[    0.514557] ACPI: Added _OSI(3.0 _SCP Extensions)
[    0.514558] ACPI: Added _OSI(Processor Aggregator Device)
[    0.514559] ACPI: Added _OSI(Linux-Dell-Video)
[    0.514560] ACPI: Added _OSI(Linux-Lenovo-NV-HDMI-Audio)
[    0.514561] ACPI: Added _OSI(Linux-HPI-Hybrid-Graphics)
[    0.518211] ACPI: 3 ACPI AML tables successfully acquired and loaded
[    0.519647] ACPI: EC: EC started
[    0.519648] ACPI: EC: interrupt blocked
[    0.528302] ACPI: EC: EC_CMD/EC_SC=0x66, EC_DATA=0x62
[    0.528304] ACPI: \_SB_.PCI0.LPCB.EC0_: Boot DSDT EC used to handle transactions
[    0.528306] ACPI: Interpreter enabled
[    0.528315] ACPI: PM: (supports S0 S1 S5)
[    0.528317] ACPI: Using IOAPIC for interrupt routing
[    0.528328] PCI: Using host bridge windows from ACPI; if necessary, use "pci=nocrs" and report a bug
[    0.529066] ACPI: PM: Power Resource [AOAC]
[    0.529170] ACPI: PM: Power Resource [AOAC]
[    0.529258] ACPI: PM: Power Resource [PR01]
[    0.533780] ACPI: PM: Power Resource [AOAC]
[    0.533978] ACPI: PM: Power Resource [AOAC]
[    0.534157] ACPI: PM: Power Resource [AOAC]
[    0.534340] ACPI: PM: Power Resource [AOAC]
[    0.534753] ACPI: PM: Power Resource [AOAC]
[    0.534961] ACPI: PM: Power Resource [PR00]
[    0.559865] ACPI: PM: Power Resource [AOAC]
[    0.562598] ACPI: PM: Power Resource [PR03]
[    0.584957] ACPI: PM: Power Resource [PR02]
[    0.588020] ACPI: PCI: Interrupt link INTA configured for IRQ 0
[    0.588022] ACPI: PCI: Interrupt link INTA disabled
[    0.588076] ACPI: PCI: Interrupt link INTB configured for IRQ 0
[    0.588077] ACPI: PCI: Interrupt link INTB disabled
[    0.588130] ACPI: PCI: Interrupt link INTC configured for IRQ 0
[    0.588131] ACPI: PCI: Interrupt link INTC disabled
[    0.588183] ACPI: PCI: Interrupt link INTD configured for IRQ 0
[    0.588184] ACPI: PCI: Interrupt link INTD disabled
[    0.588237] ACPI: PCI: Interrupt link INTE configured for IRQ 0
[    0.588237] ACPI: PCI: Interrupt link INTE disabled
[    0.588290] ACPI: PCI: Interrupt link INTF configured for IRQ 0
[    0.588290] ACPI: PCI: Interrupt link INTF disabled
[    0.588343] ACPI: PCI: Interrupt link INTG configured for IRQ 0
[    0.588344] ACPI: PCI: Interrupt link INTG disabled
[    0.588396] ACPI: PCI: Interrupt link INTH configured for IRQ 0
[    0.588397] ACPI: PCI: Interrupt link INTH disabled
[    0.589023] ACPI: PCI Root Bridge [PCI0] (domain 0000 [bus 00-3f])
[    0.589029] acpi PNP0A08:00: _OSC: OS supports [ExtendedConfig ASPM ClockPM Segments MSI HPX-Type3]
[    0.589052] acpi PNP0A08:00: _OSC: OS now controls [PCIeHotplug PME AER PCIeCapability LTR]
[    0.589109] PCI host bridge to bus 0000:00
[    0.589110] pci_bus 0000:00: root bus resource [io  0x0000-0x0cf7 window]
[    0.589113] pci_bus 0000:00: root bus resource [io  0x0d00-0xffff window]
[    0.589114] pci_bus 0000:00: root bus resource [mem 0x000a0000-0x000bffff]
[    0.589116] pci_bus 0000:00: root bus resource [mem 0x000c0000-0x000dffff]
[    0.589117] pci_bus 0000:00: root bus resource [mem 0xc0000000-0xf7ffffff]
[    0.589118] pci_bus 0000:00: root bus resource [bus 00-3f]
[    0.589141] pci 0000:00:00.0: [1022:14b5] type 00 class 0x060000
[    0.589237] pci 0000:00:00.2: [1022:14b6] type 00 class 0x080600
[    0.589329] pci 0000:00:01.0: [1022:14b7] type 00 class 0x060000
[    0.589405] pci 0000:00:02.0: [1022:14b7] type 00 class 0x060000
[    0.589494] pci 0000:00:02.1: [1022:14ba] type 01 class 0x060400
[    0.589603] pci 0000:00:02.1: PME# supported from D0 D3hot D3cold
[    0.589732] pci 0000:00:02.2: [1022:14ba] type 01 class 0x060400
[    0.589838] pci 0000:00:02.2: PME# supported from D0 D3hot D3cold
[    0.589958] pci 0000:00:02.3: [1022:14ba] type 01 class 0x060400
[    0.590064] pci 0000:00:02.3: PME# supported from D0 D3hot D3cold
[    0.590172] pci 0000:00:08.0: [1022:14b7] type 00 class 0x060000
[    0.590255] pci 0000:00:08.1: [1022:14b9] type 01 class 0x060400
[    0.590283] pci 0000:00:08.1: enabling Extended Tags
[    0.590327] pci 0000:00:08.1: PME# supported from D0 D3hot D3cold
[    0.590421] pci 0000:00:08.3: [1022:14b9] type 01 class 0x060400
[    0.590448] pci 0000:00:08.3: enabling Extended Tags
[    0.590495] pci 0000:00:08.3: PME# supported from D0 D3hot D3cold
[    0.590602] pci 0000:00:14.0: [1022:790b] type 00 class 0x0c0500
[    0.590731] pci 0000:00:14.3: [1022:790e] type 00 class 0x060100
[    0.590875] pci 0000:00:18.0: [1022:1724] type 00 class 0x060000
[    0.590944] pci 0000:00:18.1: [1022:1725] type 00 class 0x060000
[    0.591011] pci 0000:00:18.2: [1022:1726] type 00 class 0x060000
[    0.591078] pci 0000:00:18.3: [1022:1727] type 00 class 0x060000
[    0.591147] pci 0000:00:18.4: [1022:1728] type 00 class 0x060000
[    0.591214] pci 0000:00:18.5: [1022:1729] type 00 class 0x060000
[    0.591282] pci 0000:00:18.6: [1022:172a] type 00 class 0x060000
[    0.591348] pci 0000:00:18.7: [1022:172b] type 00 class 0x060000
[    0.591470] pci 0000:01:00.0: [10ec:c852] type 00 class 0x028000
[    0.591487] pci 0000:01:00.0: reg 0x10: [io  0x1000-0x10ff]
[    0.591511] pci 0000:01:00.0: reg 0x18: [mem 0xd0600000-0xd06fffff 64bit]
[    0.591619] pci 0000:01:00.0: PME# supported from D0 D3hot D3cold
[    0.591744] pci 0000:00:02.1: PCI bridge to [bus 01]
[    0.591749] pci 0000:00:02.1:   bridge window [io  0x1000-0x1fff]
[    0.591752] pci 0000:00:02.1:   bridge window [mem 0xd0600000-0xd06fffff]
[    0.591867] pci 0000:02:00.0: [17a0:9750] type 00 class 0x080501
[    0.591895] pci 0000:02:00.0: reg 0x10: [mem 0xd0700000-0xd0700fff]
[    0.592503] pci 0000:02:00.0: supports D1 D2
[    0.592505] pci 0000:02:00.0: PME# supported from D1 D2 D3hot D3cold
[    0.592900] pci 0000:00:02.2: PCI bridge to [bus 02]
[    0.592906] pci 0000:00:02.2:   bridge window [mem 0xd0700000-0xd07fffff]
[    0.593103] pci 0000:03:00.0: [1d97:2263] type 00 class 0x010802
[    0.593126] pci 0000:03:00.0: reg 0x10: [mem 0xd0800000-0xd0803fff 64bit]
[    0.593297] pci 0000:03:00.0: 15.752 Gb/s available PCIe bandwidth, limited by 8.0 GT/s PCIe x2 link at 0000:00:02.3 (capable of 31.504 Gb/s with 8.0 GT/s PCIe x4 link)
[    0.593413] pci 0000:00:02.3: PCI bridge to [bus 03]
[    0.593420] pci 0000:00:02.3:   bridge window [mem 0xd0800000-0xd08fffff]
[    0.593475] pci 0000:04:00.0: [1002:1506] type 00 class 0x030000
[    0.593488] pci 0000:04:00.0: reg 0x10: [mem 0xc0000000-0xcfffffff 64bit pref]
[    0.593497] pci 0000:04:00.0: reg 0x18: [mem 0xd0000000-0xd01fffff 64bit pref]
[    0.593504] pci 0000:04:00.0: reg 0x20: [io  0x2000-0x20ff]
[    0.593510] pci 0000:04:00.0: reg 0x24: [mem 0xd0500000-0xd057ffff]
[    0.593521] pci 0000:04:00.0: enabling Extended Tags
[    0.593549] pci 0000:04:00.0: Video device with shadowed ROM at [mem 0x000c0000-0x000dffff]
[    0.593603] pci 0000:04:00.0: PME# supported from D1 D2 D3hot D3cold
[    0.593693] pci 0000:04:00.1: [1002:1640] type 00 class 0x040300
[    0.593704] pci 0000:04:00.1: reg 0x10: [mem 0xd05c0000-0xd05c3fff]
[    0.593739] pci 0000:04:00.1: enabling Extended Tags
[    0.593777] pci 0000:04:00.1: PME# supported from D1 D2 D3hot D3cold
[    0.593837] pci 0000:04:00.2: [1022:1649] type 00 class 0x108000
[    0.593857] pci 0000:04:00.2: reg 0x18: [mem 0xd0200000-0xd02fffff]
[    0.593873] pci 0000:04:00.2: reg 0x24: [mem 0xd05c4000-0xd05c5fff]
[    0.593884] pci 0000:04:00.2: enabling Extended Tags
[    0.593982] pci 0000:04:00.3: [1022:1503] type 00 class 0x0c0330
[    0.593995] pci 0000:04:00.3: reg 0x10: [mem 0xd0300000-0xd03fffff 64bit]
[    0.594025] pci 0000:04:00.3: enabling Extended Tags
[    0.594065] pci 0000:04:00.3: PME# supported from D0 D3hot D3cold
[    0.594143] pci 0000:04:00.4: [1022:1504] type 00 class 0x0c0330
[    0.594156] pci 0000:04:00.4: reg 0x10: [mem 0xd0400000-0xd04fffff 64bit]
[    0.594186] pci 0000:04:00.4: enabling Extended Tags
[    0.594227] pci 0000:04:00.4: PME# supported from D0 D3hot D3cold
[    0.594305] pci 0000:04:00.5: [1022:15e2] type 00 class 0x048000
[    0.594315] pci 0000:04:00.5: reg 0x10: [mem 0xd0580000-0xd05bffff]
[    0.594350] pci 0000:04:00.5: enabling Extended Tags
[    0.594388] pci 0000:04:00.5: PME# supported from D0 D3hot D3cold
[    0.594465] pci 0000:04:00.7: [1022:164a] type 00 class 0x118000
[    0.594482] pci 0000:04:00.7: reg 0x18: [mem 0x00000000-0x000fffff]
[    0.594494] pci 0000:04:00.7: reg 0x24: [mem 0x00000000-0x00001fff]
[    0.594502] pci 0000:04:00.7: enabling Extended Tags
[    0.594627] pci 0000:00:08.1: PCI bridge to [bus 04]
[    0.594631] pci 0000:00:08.1:   bridge window [io  0x2000-0x2fff]
[    0.594633] pci 0000:00:08.1:   bridge window [mem 0xd0200000-0xd05fffff]
[    0.594637] pci 0000:00:08.1:   bridge window [mem 0xc0000000-0xd01fffff 64bit pref]
[    0.594680] pci 0000:05:00.0: [1022:1505] type 00 class 0x0c0330
[    0.594696] pci 0000:05:00.0: reg 0x10: [mem 0xd0900000-0xd09fffff 64bit]
[    0.594730] pci 0000:05:00.0: enabling Extended Tags
[    0.594782] pci 0000:05:00.0: PME# supported from D0 D3hot D3cold
[    0.594872] pci 0000:00:08.3: PCI bridge to [bus 05]
[    0.594877] pci 0000:00:08.3:   bridge window [mem 0xd0900000-0xd09fffff]
[    0.594908] pci_bus 0000:00: on NUMA node 0
[    0.597149] ACPI: EC: interrupt unblocked
[    0.597151] ACPI: EC: event unblocked
[    0.597158] ACPI: EC: EC_CMD/EC_SC=0x66, EC_DATA=0x62
[    0.597159] ACPI: EC: GPE=0x18
[    0.597160] ACPI: \_SB_.PCI0.LPCB.EC0_: Boot DSDT EC initialization complete
[    0.597161] ACPI: \_SB_.PCI0.LPCB.EC0_: EC: Used to handle transactions and events
[    0.597209] iommu: Default domain type: Translated
[    0.597209] iommu: DMA domain TLB invalidation policy: lazy mode
[    0.597209] SCSI subsystem initialized
[    0.597209] ACPI: bus type USB registered
[    0.597209] usbcore: registered new interface driver usbfs
[    0.597209] usbcore: registered new interface driver hub
[    0.597209] usbcore: registered new device driver usb
[    0.598618] i2c_designware AMDI0010:00: GPIO lookup for consumer scl
[    0.598620] i2c_designware AMDI0010:00: using ACPI for GPIO lookup
[    0.598622] acpi AMDI0010:00: GPIO: looking up scl-gpios
[    0.598623] acpi AMDI0010:00: GPIO: looking up scl-gpio
[    0.598624] i2c_designware AMDI0010:00: using lookup tables for GPIO lookup
[    0.598625] i2c_designware AMDI0010:00: No GPIO consumer scl found
[    0.600600] i2c_designware AMDI0010:01: GPIO lookup for consumer scl
[    0.600602] i2c_designware AMDI0010:01: using ACPI for GPIO lookup
[    0.600602] acpi AMDI0010:01: GPIO: looking up scl-gpios
[    0.600603] acpi AMDI0010:01: GPIO: looking up scl-gpio
[    0.600604] i2c_designware AMDI0010:01: using lookup tables for GPIO lookup
[    0.600605] i2c_designware AMDI0010:01: No GPIO consumer scl found
[    0.601610] i2c_designware AMDI0010:02: GPIO lookup for consumer scl
[    0.601610] i2c_designware AMDI0010:02: using ACPI for GPIO lookup
[    0.601610] acpi AMDI0010:02: GPIO: looking up scl-gpios
[    0.601610] acpi AMDI0010:02: GPIO: looking up scl-gpio
[    0.601610] i2c_designware AMDI0010:02: using lookup tables for GPIO lookup
[    0.601610] i2c_designware AMDI0010:02: No GPIO consumer scl found
[    0.603598] i2c_designware AMDI0019:00: I2C bus managed by AMD PSP
[    0.603692] i2c_designware AMDI0019:00: GPIO lookup for consumer scl
[    0.603693] i2c_designware AMDI0019:00: using ACPI for GPIO lookup
[    0.603694] acpi AMDI0019:00: GPIO: looking up scl-gpios
[    0.603694] acpi AMDI0019:00: GPIO: looking up scl-gpio
[    0.603695] i2c_designware AMDI0019:00: using lookup tables for GPIO lookup
[    0.603696] i2c_designware AMDI0019:00: No GPIO consumer scl found
[    0.603755] mc: Linux media interface: v0.10
[    0.603759] videodev: Linux video capture interface: v2.00
[    0.603774] EDAC MC: Ver: 3.0.0
[    0.604616] chromeos_acpi: registering CHSW 0
[    0.604651] chromeos_acpi: registering VBNV 0
[    0.604653] chromeos_acpi: registering VBNV 1
[    0.604785] chromeos_acpi: truncating buffer from 3072 to 1336
[    0.604885] chromeos_acpi: installed
[    0.604903] Advanced Linux Sound Architecture Driver Initialized.
[    0.605016] PCI: Using ACPI for IRQ routing
[    0.607461] PCI: pci_cache_line_size set to 64 bytes
[    0.607673] e820: reserve RAM buffer [mem 0x02000000-0x03ffffff]
[    0.607674] e820: reserve RAM buffer [mem 0xb826c000-0xbbffffff]
[    0.607675] e820: reserve RAM buffer [mem 0x23e340000-0x23fffffff]
[    0.607679] hpet0: at MMIO 0xfed00000, IRQs 2, 8, 0
[    0.607684] hpet0: 3 comparators, 32-bit 14.318180 MHz counter
[    0.609681] clocksource: Switched to clocksource tsc-early
[    0.621011] VFS: Disk quotas dquot_6.6.0
[    0.621035] VFS: Dquot-cache hash table entries: 512 (order 0, 4096 bytes)
[    0.621097] pnp: PnP ACPI init
[    0.621484] system 00:00: [mem 0xfec10000-0xfec10fff] has been reserved
[    0.621488] system 00:00: [mem 0xfec20000-0xfec20fff] has been reserved
[    0.621565] system 00:03: [io  0x0900-0x09fe] has been reserved
[    0.621592] system 00:04: [io  0x0200] has been reserved
[    0.621593] system 00:04: [io  0x0204] has been reserved
[    0.621594] system 00:04: [io  0x0800-0x087f] has been reserved
[    0.621595] system 00:04: [io  0x0880-0x08ff] has been reserved
[    0.622641] pnp: PnP ACPI: found 6 devices
[    0.628984] clocksource: acpi_pm: mask: 0xffffff max_cycles: 0xffffff, max_idle_ns: 2085701024 ns
[    0.629134] NET: Registered PF_INET protocol family
[    0.629346] IP idents hash table entries: 131072 (order: 8, 1048576 bytes, linear)
[    0.630789] tcp_listen_portaddr_hash hash table entries: 4096 (order: 4, 65536 bytes, linear)
[    0.630807] Table-perturb hash table entries: 65536 (order: 6, 262144 bytes, linear)
[    0.630814] TCP established hash table entries: 65536 (order: 7, 524288 bytes, linear)
[    0.631013] TCP bind hash table entries: 65536 (order: 8, 1048576 bytes, linear)
[    0.631237] TCP: Hash tables configured (established 65536 bind 65536)
[    0.631282] UDP hash table entries: 4096 (order: 5, 131072 bytes, linear)
[    0.631312] UDP-Lite hash table entries: 4096 (order: 5, 131072 bytes, linear)
[    0.631388] NET: Registered PF_UNIX/PF_LOCAL protocol family
[    0.631411] pci 0000:00:02.1: bridge window [mem 0x00100000-0x000fffff 64bit pref] to [bus 01] add_size 200000 add_align 100000
[    0.631422] pci 0000:00:02.2: bridge window [io  0x1000-0x0fff] to [bus 02] add_size 1000
[    0.631428] pci 0000:00:02.2: bridge window [mem 0x00100000-0x000fffff 64bit pref] to [bus 02] add_size 200000 add_align 100000
[    0.631434] pci 0000:00:02.3: bridge window [io  0x1000-0x0fff] to [bus 03] add_size 1000
[    0.631439] pci 0000:00:02.3: bridge window [mem 0x00100000-0x000fffff 64bit pref] to [bus 03] add_size 200000 add_align 100000
[    0.631460] pci 0000:00:02.1: BAR 9: assigned [mem 0xd0a00000-0xd0bfffff 64bit pref]
[    0.631468] pci 0000:00:02.2: BAR 9: assigned [mem 0xd0c00000-0xd0dfffff 64bit pref]
[    0.631474] pci 0000:00:02.3: BAR 9: assigned [mem 0xd0e00000-0xd0ffffff 64bit pref]
[    0.631480] pci 0000:00:02.2: BAR 7: assigned [io  0x3000-0x3fff]
[    0.631485] pci 0000:00:02.3: BAR 7: assigned [io  0x4000-0x4fff]
[    0.631493] pci 0000:00:02.1: PCI bridge to [bus 01]
[    0.631498] pci 0000:00:02.1:   bridge window [io  0x1000-0x1fff]
[    0.631505] pci 0000:00:02.1:   bridge window [mem 0xd0600000-0xd06fffff]
[    0.631511] pci 0000:00:02.1:   bridge window [mem 0xd0a00000-0xd0bfffff 64bit pref]
[    0.631519] pci 0000:00:02.2: PCI bridge to [bus 02]
[    0.631523] pci 0000:00:02.2:   bridge window [io  0x3000-0x3fff]
[    0.631529] pci 0000:00:02.2:   bridge window [mem 0xd0700000-0xd07fffff]
[    0.631534] pci 0000:00:02.2:   bridge window [mem 0xd0c00000-0xd0dfffff 64bit pref]
[    0.631542] pci 0000:00:02.3: PCI bridge to [bus 03]
[    0.631546] pci 0000:00:02.3:   bridge window [io  0x4000-0x4fff]
[    0.631552] pci 0000:00:02.3:   bridge window [mem 0xd0800000-0xd08fffff]
[    0.631558] pci 0000:00:02.3:   bridge window [mem 0xd0e00000-0xd0ffffff 64bit pref]
[    0.631569] pci 0000:04:00.7: BAR 2: no space for [mem size 0x00100000]
[    0.631573] pci 0000:04:00.7: BAR 2: failed to assign [mem size 0x00100000]
[    0.631577] pci 0000:04:00.7: BAR 5: assigned [mem 0xd05c6000-0xd05c7fff]
[    0.631590] pci 0000:00:08.1: PCI bridge to [bus 04]
[    0.631594] pci 0000:00:08.1:   bridge window [io  0x2000-0x2fff]
[    0.631599] pci 0000:00:08.1:   bridge window [mem 0xd0200000-0xd05fffff]
[    0.631602] pci 0000:00:08.1:   bridge window [mem 0xc0000000-0xd01fffff 64bit pref]
[    0.631609] pci 0000:00:08.3: PCI bridge to [bus 05]
[    0.631613] pci 0000:00:08.3:   bridge window [mem 0xd0900000-0xd09fffff]
[    0.631620] pci_bus 0000:00: Some PCI device resources are unassigned, try booting with pci=realloc
[    0.631621] pci_bus 0000:00: resource 4 [io  0x0000-0x0cf7 window]
[    0.631623] pci_bus 0000:00: resource 5 [io  0x0d00-0xffff window]
[    0.631624] pci_bus 0000:00: resource 6 [mem 0x000a0000-0x000bffff]
[    0.631625] pci_bus 0000:00: resource 7 [mem 0x000c0000-0x000dffff]
[    0.631626] pci_bus 0000:00: resource 8 [mem 0xc0000000-0xf7ffffff]
[    0.631628] pci_bus 0000:01: resource 0 [io  0x1000-0x1fff]
[    0.631629] pci_bus 0000:01: resource 1 [mem 0xd0600000-0xd06fffff]
[    0.631630] pci_bus 0000:01: resource 2 [mem 0xd0a00000-0xd0bfffff 64bit pref]
[    0.631632] pci_bus 0000:02: resource 0 [io  0x3000-0x3fff]
[    0.631633] pci_bus 0000:02: resource 1 [mem 0xd0700000-0xd07fffff]
[    0.631634] pci_bus 0000:02: resource 2 [mem 0xd0c00000-0xd0dfffff 64bit pref]
[    0.631636] pci_bus 0000:03: resource 0 [io  0x4000-0x4fff]
[    0.631637] pci_bus 0000:03: resource 1 [mem 0xd0800000-0xd08fffff]
[    0.631638] pci_bus 0000:03: resource 2 [mem 0xd0e00000-0xd0ffffff 64bit pref]
[    0.631639] pci_bus 0000:04: resource 0 [io  0x2000-0x2fff]
[    0.631640] pci_bus 0000:04: resource 1 [mem 0xd0200000-0xd05fffff]
[    0.631641] pci_bus 0000:04: resource 2 [mem 0xc0000000-0xd01fffff 64bit pref]
[    0.631643] pci_bus 0000:05: resource 1 [mem 0xd0900000-0xd09fffff]
[    0.631856] pci 0000:04:00.1: D0 power state depends on 0000:04:00.0
[    0.631905] pci 0000:00:08.1: can't derive routing for PCI INT A
[    0.631907] pci 0000:00:08.1: PCI INT A: no GSI
[    0.632132] pci 0000:00:08.3: can't derive routing for PCI INT A
[    0.632134] pci 0000:00:08.3: PCI INT A: no GSI
[    0.632192] PCI: CLS 64 bytes, default 64
[    0.632204] pci 0000:00:00.2: AMD-Vi: IOMMU performance counters supported
[    0.632230] pci 0000:00:00.2: can't derive routing for PCI INT A
[    0.632231] pci 0000:00:00.2: PCI INT A: no GSI
[    0.632250] pci 0000:00:01.0: Adding to iommu group 0
[    0.632268] pci 0000:00:02.0: Adding to iommu group 1
[    0.632281] pci 0000:00:02.1: Adding to iommu group 2
[    0.632292] pci 0000:00:02.2: Adding to iommu group 3
[    0.632304] pci 0000:00:02.3: Adding to iommu group 4
[    0.632319] pci 0000:00:08.0: Adding to iommu group 5
[    0.632330] pci 0000:00:08.1: Adding to iommu group 6
[    0.632341] pci 0000:00:08.3: Adding to iommu group 7
[    0.632354] pci 0000:00:14.0: Adding to iommu group 8
[    0.632363] pci 0000:00:14.3: Adding to iommu group 8
[    0.632390] pci 0000:00:18.0: Adding to iommu group 9
[    0.632398] pci 0000:00:18.1: Adding to iommu group 9
[    0.632406] pci 0000:00:18.2: Adding to iommu group 9
[    0.632415] pci 0000:00:18.3: Adding to iommu group 9
[    0.632423] pci 0000:00:18.4: Adding to iommu group 9
[    0.632433] pci 0000:00:18.5: Adding to iommu group 9
[    0.632442] pci 0000:00:18.6: Adding to iommu group 9
[    0.632450] pci 0000:00:18.7: Adding to iommu group 9
[    0.632461] pci 0000:01:00.0: Adding to iommu group 10
[    0.632473] pci 0000:02:00.0: Adding to iommu group 11
[    0.632485] pci 0000:03:00.0: Adding to iommu group 12
[    0.632508] pci 0000:04:00.0: Adding to iommu group 13
[    0.632519] pci 0000:04:00.1: Adding to iommu group 14
[    0.632530] pci 0000:04:00.2: Adding to iommu group 15
[    0.632542] pci 0000:04:00.3: Adding to iommu group 16
[    0.632554] pci 0000:04:00.4: Adding to iommu group 17
[    0.632566] pci 0000:04:00.5: Adding to iommu group 18
[    0.632578] pci 0000:04:00.7: Adding to iommu group 19
[    0.632589] pci 0000:05:00.0: Adding to iommu group 20
[    0.634083] pci 0000:00:00.2: AMD-Vi: Found IOMMU cap 0x40
[    0.634088] AMD-Vi: Extended features (0x246577efa2254afe): PPR X2APIC NX GT [5] IA GA PC GA_vAPIC
[    0.634095] AMD-Vi: Interrupt remapping enabled
[    0.634096] AMD-Vi: X2APIC enabled
[    0.695154] AMD-Vi: Virtual APIC enabled
[    0.695400] PCI-DMA: Using software bounce buffering for IO (SWIOTLB)
[    0.695403] software IO TLB: mapped [mem 0x00000000b426c000-0x00000000b826c000] (64MB)
[    0.695851] RAPL PMU: API unit is 2^-32 Joules, 1 fixed counters, 163840 ms ovfl timer
[    0.695855] RAPL PMU: hw unit of domain package 2^-16 Joules
[    0.695860] LVT offset 0 assigned for vector 0x400
[    0.695974] perf: AMD IBS detected (0x000003ff)
[    0.695984] amd_uncore: 4  amd_df counters detected
[    0.695990] amd_uncore: 6  amd_l3 counters detected
[    0.696206] perf/amd_iommu: Detected AMD IOMMU #0 (2 banks, 4 counters/bank).
[    0.696352] kvm: Nested Virtualization enabled
[    0.696355] SVM: kvm: Nested Paging enabled
[    0.696358] SEV supported: 14 ASIDs
[    0.696365] SVM: Virtual VMLOAD VMSAVE supported
[    0.696367] SVM: Virtual GIF supported
[    0.700408] Initialise system trusted keyrings
[    0.700434] workingset: timestamp_bits=62 max_order=21 bucket_order=0
[    0.701509] squashfs: version 4.0 (2009/01/31) Phillip Lougher
[    0.701553] Registering esdfs 0.2
[    0.701586] alt_syscall: table 'read_write_test' available.
[    0.701593] alt_syscall: table 'android' available.
[    0.701598] alt_syscall: table 'android_permissive' available.
[    0.701604] alt_syscall: table 'third_party' available.
[    0.701608] alt_syscall: table 'third_party_permissive' available.
[    0.701614] alt_syscall: table 'complete' available.
[    0.701618] alt_syscall: table 'complete_permissive' available.
[    0.704224] Key type asymmetric registered
[    0.704226] Asymmetric key parser 'x509' registered
[    0.704242] Block layer SCSI generic (bsg) driver version 0.4 loaded (major 246)
[    0.704243] io scheduler mq-deadline registered
[    0.704245] io scheduler kyber registered
[    0.704278] io scheduler bfq registered
[    0.704969] gpiochip_find_base: found new base at 768
[    0.705349] gpio gpiochip0: Persistence not supported for GPIO 44
[    0.705419] gpio gpiochip0: (AMD0030:00): added GPIO chardev (254:0)
[    0.705435] gpio gpiochip0: registered GPIOs 768 to 1023 on AMD0030:00
[    0.705437] gpio gpiochip0: (AMD0030:00): created GPIO range 0->255 ==> AMD0030:00 PIN 0->255
[    0.705508] pci 0000:00:02.1: attach allowed to drvr pcieport [internal device]
[    0.705612] pcieport 0000:00:02.1: PME: Signaling with IRQ 26
[    0.705700] pcieport 0000:00:02.1: AER: enabled with IRQ 26
[    0.705719] pcieport 0000:00:02.1: pciehp: Slot #0 AttnBtn- PwrCtrl- MRL- AttnInd- PwrInd- HotPlug+ Surprise- Interlock- NoCompl+ IbPresDis- LLActRep+
[    0.705851] pci 0000:00:02.2: attach allowed to drvr pcieport [internal device]
[    0.705861] pcieport 0000:00:02.2: enabling device (0006 -> 0007)
[    0.705945] pcieport 0000:00:02.2: PME: Signaling with IRQ 27
[    0.706018] pcieport 0000:00:02.2: AER: enabled with IRQ 27
[    0.706035] pcieport 0000:00:02.2: pciehp: Slot #0 AttnBtn- PwrCtrl- MRL- AttnInd- PwrInd- HotPlug+ Surprise- Interlock- NoCompl+ IbPresDis- LLActRep+
[    0.706133] pci 0000:00:02.3: attach allowed to drvr pcieport [internal device]
[    0.706145] pcieport 0000:00:02.3: enabling device (0006 -> 0007)
[    0.706215] pcieport 0000:00:02.3: PME: Signaling with IRQ 28
[    0.706271] pcieport 0000:00:02.3: AER: enabled with IRQ 28
[    0.706285] pcieport 0000:00:02.3: pciehp: Slot #0 AttnBtn- PwrCtrl- MRL- AttnInd- PwrInd- HotPlug+ Surprise- Interlock- NoCompl+ IbPresDis- LLActRep+
[    0.706381] pci 0000:00:08.1: attach allowed to drvr pcieport [internal device]
[    0.706446] pcieport 0000:00:08.1: PME: Signaling with IRQ 29
[    0.706505] pci 0000:00:08.3: attach allowed to drvr pcieport [internal device]
[    0.706567] pcieport 0000:00:08.3: PME: Signaling with IRQ 30
[    0.706613] pcieport 0000:00:08.3: AER: enabled with IRQ 30
[    0.706750] input: Lid Switch as /devices/LNXSYSTM:00/LNXSYBUS:00/PNP0A08:00/device:00/PNP0C09:00/PNP0C0D:00/input/input0
[    0.708756] ACPI: button: Lid Switch [LID0]
[    0.708866] input: Power Button as /devices/LNXSYSTM:00/LNXPWRBN:00/input/input1
[    0.711737] ACPI: button: Power Button [PWRF]
[    0.711805] input: Sleep Button as /devices/LNXSYSTM:00/LNXSLPBN:00/input/input2
[    0.711834] ACPI: button: Sleep Button [SLPF]
[    0.711842] ACPI Error: Could not enable SleepButton event (20210730/evxfevnt-182)
[    0.711848] ACPI Warning: Could not enable fixed event - SleepButton (3) (20210730/evxface-618)
[    0.711893] button: probe of LNXSLPBN:00 failed with error -22
[    0.712018] Monitor-Mwait will be used to enter C-1 state
[    0.712066] ACPI: \_SB_.CP00: Found 3 idle states
[    0.712225] ACPI: \_SB_.CP01: Found 3 idle states
[    0.712355] ACPI: \_SB_.CP02: Found 3 idle states
[    0.712467] ACPI: \_SB_.CP03: Found 3 idle states
[    0.712986] thermal LNXTHERM:00: registered as thermal_zone0
[    0.712990] ACPI: thermal: Thermal Zone [TM00] (41 C)
[    0.713274] thermal LNXTHERM:01: registered as thermal_zone1
[    0.713277] ACPI: thermal: Thermal Zone [TM01] (46 C)
[    0.713498] thermal LNXTHERM:02: registered as thermal_zone2
[    0.713499] ACPI: thermal: Thermal Zone [TM02] (59 C)
[    0.713641] thermal LNXTHERM:03: registered as thermal_zone3
[    0.713642] ACPI: thermal: Thermal Zone [TM03] (46 C)
[    0.713728] Serial: 8250/16550 driver, 4 ports, IRQ sharing disabled
[    0.714184] dw-apb-uart AMDI0020:00: GPIO lookup for consumer rs485-term
[    0.714185] dw-apb-uart AMDI0020:00: using ACPI for GPIO lookup
[    0.714187] acpi AMDI0020:00: GPIO: looking up rs485-term-gpios
[    0.714189] acpi AMDI0020:00: GPIO: looking up rs485-term-gpio
[    0.714189] dw-apb-uart AMDI0020:00: using lookup tables for GPIO lookup
[    0.714190] dw-apb-uart AMDI0020:00: No GPIO consumer rs485-term found
[    0.714193] AMDI0020:00: ttyS0 at MMIO 0xfedc9000 (irq = 4, base_baud = 3000000) is a 16550A
[    0.714392] ACPI: battery: Slot [BAT0] (battery present)
[    0.714493] dw-apb-uart AMDI0020:01: GPIO lookup for consumer rs485-term
[    0.714495] dw-apb-uart AMDI0020:01: using ACPI for GPIO lookup
[    0.714496] acpi AMDI0020:01: GPIO: looking up rs485-term-gpios
[    0.714497] acpi AMDI0020:01: GPIO: looking up rs485-term-gpio
[    0.714498] dw-apb-uart AMDI0020:01: using lookup tables for GPIO lookup
[    0.714499] dw-apb-uart AMDI0020:01: No GPIO consumer rs485-term found
[    0.714501] AMDI0020:01: ttyS1 at MMIO 0xfedca000 (irq = 3, base_baud = 3000000) is a 16550A
[    0.714674] serial serial0: tty port ttyS1 registered
[    0.715526] acpi AMDI0020:02: GPIO: looking up 0 in _CRS
[    0.715548] dw-apb-uart AMDI0020:02: IRQ index 0 not found
[    0.719684] acpi AMDI0020:03: GPIO: looking up 0 in _CRS
[    0.719733] dw-apb-uart AMDI0020:03: IRQ index 0 not found
[    0.722439] acpi AMDI0020:04: GPIO: looking up 0 in _CRS
[    0.722499] dw-apb-uart AMDI0020:04: IRQ index 0 not found
[    0.725553] Non-volatile memory driver v1.3
[    0.725702] acpi GOOG0005:00: GPIO: looking up 0 in _CRS
[    0.725728] gpio gpiochip0: Persistence not supported for GPIO 18
[    0.727309] cr50_i2c i2c-GOOG0005:00: ti50 TPM 2.0 (i2c 0x50 irq 31 id 0x504a)
[    0.787655] AMD-Vi: AMD IOMMUv2 loaded and initialized
[    0.801605] ACPI: bus type drm_connector registered
[    0.801619] [drm:drm_core_init] Initialized
[    0.801652] [drm] amdgpu kernel modesetting enabled.
[    0.801784] amdgpu: CRAT table not found
[    0.801788] amdgpu: Virtual CRAT table created for CPU
[    0.801805] amdgpu: Topology: Add CPU node
[    0.801872] pci 0000:04:00.0: attach allowed to drvr amdgpu [internal device]
[    0.802056] [drm] initializing kernel modesetting (IP DISCOVERY 0x1002:0x1506 0x1002:0x1506 0xDC).
[    0.802068] [drm] register mmio base: 0xD0500000
[    0.802069] [drm] register mmio size: 524288
[    0.803719] [drm:amdgpu_discovery_set_ip_blocks] number of dies: 1
[    0.803724] [drm:amdgpu_discovery_set_ip_blocks] number of hardware IPs on die0: 32
[    0.803727] [drm:amdgpu_discovery_set_ip_blocks] ACP(14) #0 v6.0.0:
[    0.803729] [drm:amdgpu_discovery_set_ip_blocks]     0x00480000
[    0.803731] [drm:amdgpu_discovery_set_ip_blocks]     0x02403800
[    0.803733] [drm:amdgpu_discovery_set_ip_blocks] ATHUB(35) #0 v2.4.0:
[    0.803735] [drm:amdgpu_discovery_set_ip_blocks]     0x00000c00
[    0.803737] [drm:amdgpu_discovery_set_ip_blocks]     0x00013300
[    0.803738] [drm:amdgpu_discovery_set_ip_blocks]     0x02408c00
[    0.803740] [drm:amdgpu_discovery_set_ip_blocks] set register base offset for ATHUB
[    0.803742] [drm:amdgpu_discovery_set_ip_blocks] CLKA(6) #0 v13.0.8:
[    0.803744] [drm:amdgpu_discovery_set_ip_blocks]     0x00016c00
[    0.803745] [drm:amdgpu_discovery_set_ip_blocks]     0x02401800
[    0.803747] [drm:amdgpu_discovery_set_ip_blocks] set register base offset for CLKA
[    0.803748] [drm:amdgpu_discovery_set_ip_blocks] CLKA(6) #1 v13.0.8:
[    0.803750] [drm:amdgpu_discovery_set_ip_blocks]     0x00016e00
[    0.803751] [drm:amdgpu_discovery_set_ip_blocks]     0x02401c00
[    0.803752] [drm:amdgpu_discovery_set_ip_blocks] set register base offset for CLKA
[    0.803754] [drm:amdgpu_discovery_set_ip_blocks] CLKA(6) #2 v13.0.8:
[    0.803756] [drm:amdgpu_discovery_set_ip_blocks]     0x00017000
[    0.803757] [drm:amdgpu_discovery_set_ip_blocks]     0x02402000
[    0.803758] [drm:amdgpu_discovery_set_ip_blocks] set register base offset for CLKA
[    0.803760] [drm:amdgpu_discovery_set_ip_blocks] CLKA(6) #3 v13.0.8:
[    0.803761] [drm:amdgpu_discovery_set_ip_blocks]     0x00017200
[    0.803763] [drm:amdgpu_discovery_set_ip_blocks]     0x02402400
[    0.803764] [drm:amdgpu_discovery_set_ip_blocks] set register base offset for CLKA
[    0.803766] [drm:amdgpu_discovery_set_ip_blocks] CLKA(6) #4 v13.0.8:
[    0.803767] [drm:amdgpu_discovery_set_ip_blocks]     0x0001b000
[    0.803769] [drm:amdgpu_discovery_set_ip_blocks]     0x0242d800
[    0.803770] [drm:amdgpu_discovery_set_ip_blocks] set register base offset for CLKA
[    0.803772] [drm:amdgpu_discovery_set_ip_blocks] CLKA(6) #5 v13.0.8:
[    0.803773] [drm:amdgpu_discovery_set_ip_blocks]     0x0001b200
[    0.803775] [drm:amdgpu_discovery_set_ip_blocks]     0x0242dc00
[    0.803776] [drm:amdgpu_discovery_set_ip_blocks] set register base offset for CLKA
[    0.803777] [drm:amdgpu_discovery_set_ip_blocks] CLKA(6) #6 v13.0.8:
[    0.803779] [drm:amdgpu_discovery_set_ip_blocks]     0x0001b400
[    0.803780] [drm:amdgpu_discovery_set_ip_blocks]     0x0242e000
[    0.803782] [drm:amdgpu_discovery_set_ip_blocks] set register base offset for CLKA
[    0.803783] [drm:amdgpu_discovery_set_ip_blocks] DBGU_IO(45) #0 v2.0.1:
[    0.803785] [drm:amdgpu_discovery_set_ip_blocks]     0x000001e0
[    0.803787] [drm:amdgpu_discovery_set_ip_blocks]     0x00000260
[    0.803788] [drm:amdgpu_discovery_set_ip_blocks]     0x00000280
[    0.803789] [drm:amdgpu_discovery_set_ip_blocks]     0x0240b400
[    0.803791] [drm:amdgpu_discovery_set_ip_blocks]     0x02413c00
[    0.803792] [drm:amdgpu_discovery_set_ip_blocks]     0x02416000
[    0.803794] [drm:amdgpu_discovery_set_ip_blocks] DMU(271) #0 v3.1.6:
[    0.803796] [drm:amdgpu_discovery_set_ip_blocks]     0x00000012
[    0.803797] [drm:amdgpu_discovery_set_ip_blocks]     0x000000c0
[    0.803798] [drm:amdgpu_discovery_set_ip_blocks]     0x000034c0
[    0.803800] [drm:amdgpu_discovery_set_ip_blocks]     0x00009000
[    0.803801] [drm:amdgpu_discovery_set_ip_blocks]     0x02403c00
[    0.803803] [drm:amdgpu_discovery_set_ip_blocks] set register base offset for DMU
[    0.803804] [drm:amdgpu_discovery_set_ip_blocks] DF(46) #0 v3.0.3:
[    0.803806] [drm:amdgpu_discovery_set_ip_blocks]     0x00007000
[    0.803807] [drm:amdgpu_discovery_set_ip_blocks]     0x00c00000
[    0.803809] [drm:amdgpu_discovery_set_ip_blocks]     0x0240b800
[    0.803810] [drm:amdgpu_discovery_set_ip_blocks]     0x02447800
[    0.803812] [drm:amdgpu_discovery_set_ip_blocks]     0x03640000
[    0.803813] [drm:amdgpu_discovery_set_ip_blocks] set register base offset for DF
[    0.803814] [drm:amdgpu_discovery_set_ip_blocks] FCH(48) #0 v8.1.1:
[    0.803816] [drm:amdgpu_discovery_set_ip_blocks]     0x00b40000
[    0.803818] [drm:amdgpu_discovery_set_ip_blocks]     0x0240c000
[    0.803819] [drm:amdgpu_discovery_set_ip_blocks]     0x11000000
[    0.803821] [drm:amdgpu_discovery_set_ip_blocks] FUSE(5) #0 v13.0.8:
[    0.803822] [drm:amdgpu_discovery_set_ip_blocks]     0x00017400
[    0.803824] [drm:amdgpu_discovery_set_ip_blocks]     0x02401400
[    0.803825] [drm:amdgpu_discovery_set_ip_blocks] GC(11) #0 v10.3.7:
[    0.803827] [drm:amdgpu_discovery_set_ip_blocks]     0x00001260
[    0.803828] [drm:amdgpu_discovery_set_ip_blocks]     0x0000a000
[    0.803830] [drm:amdgpu_discovery_set_ip_blocks]     0x02402c00
[    0.803831] [drm:amdgpu_discovery_set_ip_blocks] set register base offset for GC
[    0.803833] [drm:amdgpu_discovery_set_ip_blocks] HDP(41) #0 v5.2.0:
[    0.803835] [drm:amdgpu_discovery_set_ip_blocks]     0x00000f20
[    0.803836] [drm:amdgpu_discovery_set_ip_blocks]     0x0240a400
[    0.803837] [drm:amdgpu_discovery_set_ip_blocks] set register base offset for HDP
[    0.803839] [drm:amdgpu_discovery_set_ip_blocks] IOHC(24) #0 v7.0.1:
[    0.803841] [drm:amdgpu_discovery_set_ip_blocks]     0x00010000
[    0.803842] [drm:amdgpu_discovery_set_ip_blocks]     0x02406000
[    0.803843] [drm:amdgpu_discovery_set_ip_blocks]     0x04ec0000
[    0.803845] [drm:amdgpu_discovery_set_ip_blocks] MMHUB(34) #0 v2.4.0:
[    0.803847] [drm:amdgpu_discovery_set_ip_blocks]     0x00013200
[    0.803848] [drm:amdgpu_discovery_set_ip_blocks]     0x0001a000
[    0.803849] [drm:amdgpu_discovery_set_ip_blocks]     0x02408800
[    0.803851] [drm:amdgpu_discovery_set_ip_blocks] set register base offset for MMHUB
[    0.803852] [drm:amdgpu_discovery_set_ip_blocks] MP0(255) #0 v13.0.8:
[    0.803854] [drm:amdgpu_discovery_set_ip_blocks]     0x00016000
[    0.803856] [drm:amdgpu_discovery_set_ip_blocks]     0x00dc0000
[    0.803857] [drm:amdgpu_discovery_set_ip_blocks]     0x00e00000
[    0.803859] [drm:amdgpu_discovery_set_ip_blocks]     0x00e40000
[    0.803860] [drm:amdgpu_discovery_set_ip_blocks]     0x0243fc00
[    0.803861] [drm:amdgpu_discovery_set_ip_blocks] set register base offset for MP0
[    0.803863] [drm:amdgpu_discovery_set_ip_blocks] MP1(1) #0 v13.0.8:
[    0.803865] [drm:amdgpu_discovery_set_ip_blocks]     0x00016000
[    0.803866] [drm:amdgpu_discovery_set_ip_blocks]     0x00dc0000
[    0.803867] [drm:amdgpu_discovery_set_ip_blocks]     0x00e00000
[    0.803869] [drm:amdgpu_discovery_set_ip_blocks]     0x00e40000
[    0.803870] [drm:amdgpu_discovery_set_ip_blocks]     0x0243fc00
[    0.803872] [drm:amdgpu_discovery_set_ip_blocks] set register base offset for MP1
[    0.803873] [drm:amdgpu_discovery_set_ip_blocks] MP2(2) #0 v13.0.8:
[    0.803875] [drm:amdgpu_discovery_set_ip_blocks]     0x00016000
[    0.803876] [drm:amdgpu_discovery_set_ip_blocks]     0x00dc0000
[    0.803877] [drm:amdgpu_discovery_set_ip_blocks]     0x00e00000
[    0.803879] [drm:amdgpu_discovery_set_ip_blocks]     0x00e40000
[    0.803880] [drm:amdgpu_discovery_set_ip_blocks]     0x0243fc00
[    0.803882] [drm:amdgpu_discovery_set_ip_blocks] NBIF(108) #0 v7.5.1:
[    0.803884] [drm:amdgpu_discovery_set_ip_blocks]     0x00000000
[    0.803885] [drm:amdgpu_discovery_set_ip_blocks]     0x00000014
[    0.803886] [drm:amdgpu_discovery_set_ip_blocks]     0x00000d20
[    0.803888] [drm:amdgpu_discovery_set_ip_blocks]     0x00010400
[    0.803889] [drm:amdgpu_discovery_set_ip_blocks]     0x0241b000
[    0.803891] [drm:amdgpu_discovery_set_ip_blocks]     0x04040000
[    0.803892] [drm:amdgpu_discovery_set_ip_blocks] set register base offset for NBIF
[    0.803893] [drm:amdgpu_discovery_set_ip_blocks] set register base offset for NBIF
[    0.803895] [drm:amdgpu_discovery_set_ip_blocks] OSSSYS(40) #0 v5.2.1:
[    0.803897] [drm:amdgpu_discovery_set_ip_blocks]     0x000010a0
[    0.803898] [drm:amdgpu_discovery_set_ip_blocks]     0x0240a000
[    0.803900] [drm:amdgpu_discovery_set_ip_blocks] set register base offset for OSSSYS
[    0.803901] [drm:amdgpu_discovery_set_ip_blocks] PCIE(70) #0 v6.0.1:
[    0.803903] [drm:amdgpu_discovery_set_ip_blocks]     0x00000000
[    0.803904] [drm:amdgpu_discovery_set_ip_blocks]     0x00000014
[    0.803906] [drm:amdgpu_discovery_set_ip_blocks]     0x00000d20
[    0.803907] [drm:amdgpu_discovery_set_ip_blocks]     0x00010400
[    0.803908] [drm:amdgpu_discovery_set_ip_blocks]     0x0241b000
[    0.803910] [drm:amdgpu_discovery_set_ip_blocks]     0x04040000
[    0.803911] [drm:amdgpu_discovery_set_ip_blocks] set register base offset for PCIE
[    0.803913] [drm:amdgpu_discovery_set_ip_blocks] PCIE(70) #1 v6.0.1:
[    0.803914] [drm:amdgpu_discovery_set_ip_blocks]     0x00000000
[    0.803916] [drm:amdgpu_discovery_set_ip_blocks]     0x00000014
[    0.803917] [drm:amdgpu_discovery_set_ip_blocks]     0x00000d20
[    0.803918] [drm:amdgpu_discovery_set_ip_blocks]     0x00010400
[    0.803920] [drm:amdgpu_discovery_set_ip_blocks]     0x0241b000
[    0.803921] [drm:amdgpu_discovery_set_ip_blocks]     0x04040000
[    0.803923] [drm:amdgpu_discovery_set_ip_blocks] set register base offset for PCIE
[    0.803924] [drm:amdgpu_discovery_set_ip_blocks] SDMA0(42) #0 v5.2.7:
[    0.803926] [drm:amdgpu_discovery_set_ip_blocks]     0x00001260
[    0.803927] [drm:amdgpu_discovery_set_ip_blocks]     0x0000a000
[    0.803929] [drm:amdgpu_discovery_set_ip_blocks]     0x02402c00
[    0.803930] [drm:amdgpu_discovery_set_ip_blocks] set register base offset for SDMA0
[    0.803932] [drm:amdgpu_discovery_set_ip_blocks] SMUIO(4) #0 v13.0.9:
[    0.803933] [drm:amdgpu_discovery_set_ip_blocks]     0x00016800
[    0.803935] [drm:amdgpu_discovery_set_ip_blocks]     0x00016a00
[    0.803936] [drm:amdgpu_discovery_set_ip_blocks]     0x0001bc00
[    0.803937] [drm:amdgpu_discovery_set_ip_blocks]     0x00440000
[    0.803939] [drm:amdgpu_discovery_set_ip_blocks]     0x02401000
[    0.803940] [drm:amdgpu_discovery_set_ip_blocks]     0x0242d400
[    0.803941] [drm:amdgpu_discovery_set_ip_blocks] set register base offset for SMUIO
[    0.803943] [drm:amdgpu_discovery_set_ip_blocks] THM(3) #0 v13.0.8:
[    0.803945] [drm:amdgpu_discovery_set_ip_blocks]     0x00016600
[    0.803946] [drm:amdgpu_discovery_set_ip_blocks]     0x02400c00
[    0.803948] [drm:amdgpu_discovery_set_ip_blocks] set register base offset for THM
[    0.803949] [drm:amdgpu_discovery_set_ip_blocks] UMC(150) #0 v10.0.1:
[    0.803951] [drm:amdgpu_discovery_set_ip_blocks]     0x00014000
[    0.803953] [drm:amdgpu_discovery_set_ip_blocks]     0x02425800
[    0.803954] [drm:amdgpu_discovery_set_ip_blocks]     0x02447c00
[    0.803955] [drm:amdgpu_discovery_set_ip_blocks]     0x03680000
[    0.803957] [drm:amdgpu_discovery_set_ip_blocks] set register base offset for UMC
[    0.803958] [drm:amdgpu_discovery_set_ip_blocks] UMC(150) #1 v10.0.1:
[    0.803960] [drm:amdgpu_discovery_set_ip_blocks]     0x00054000
[    0.803961] [drm:amdgpu_discovery_set_ip_blocks]     0x02425c00
[    0.803963] [drm:amdgpu_discovery_set_ip_blocks]     0x02448000
[    0.803964] [drm:amdgpu_discovery_set_ip_blocks]     0x036c0000
[    0.803965] [drm:amdgpu_discovery_set_ip_blocks] set register base offset for UMC
[    0.803967] [drm:amdgpu_discovery_set_ip_blocks] UVD(12) #0 v3.1.1:
[    0.803969] [drm:amdgpu_discovery_set_ip_blocks]     0x00007800
[    0.803970] [drm:amdgpu_discovery_set_ip_blocks]     0x00007e00
[    0.803971] [drm:amdgpu_discovery_set_ip_blocks]     0x02403000
[    0.803973] [drm:amdgpu_discovery_set_ip_blocks] set register base offset for UVD
[    0.803974] [drm:amdgpu_discovery_set_ip_blocks] XGBE(216) #0 v1.1.0:
[    0.803976] [drm:amdgpu_discovery_set_ip_blocks]     0x02436000
[    0.803978] [drm:amdgpu_discovery_set_ip_blocks]     0x058c0000
[    0.803983] [drm:amdgpu_discovery_set_ip_blocks] number of dies: 1
[    0.803988] [drm:amdgpu_discovery_set_ip_blocks] num_ips:32
[    0.803990] [drm:amdgpu_discovery_set_ip_blocks] match:1 @ ip_offset:520
[    0.803997] [drm:amdgpu_discovery_set_ip_blocks] match:2 @ ip_offset:548
[    0.804005] [drm:amdgpu_discovery_set_ip_blocks] match:3 @ ip_offset:740
[    0.804011] [drm:amdgpu_discovery_set_ip_blocks] match:4 @ ip_offset:708
[    0.804016] [drm:amdgpu_discovery_set_ip_blocks] match:5 @ ip_offset:400
[    0.804022] [drm:amdgpu_discovery_set_ip_blocks] match:6 @ ip_offset:180
[    0.804027] [drm:amdgpu_discovery_set_ip_blocks] match:6 @ ip_offset:196
[    0.804031] [drm:amdgpu_discovery_set_ip_blocks] match:6 @ ip_offset:212
[    0.804035] [drm:amdgpu_discovery_set_ip_blocks] match:6 @ ip_offset:228
[    0.804040] [drm:amdgpu_discovery_set_ip_blocks] match:6 @ ip_offset:244
[    0.804044] [drm:amdgpu_discovery_set_ip_blocks] match:6 @ ip_offset:260
[    0.804048] [drm:amdgpu_discovery_set_ip_blocks] match:6 @ ip_offset:276
[    0.804053] [drm:amdgpu_discovery_set_ip_blocks] match:11 @ ip_offset:416
[    0.804058] [drm:amdgpu_discovery_set_ip_blocks] match:12 @ ip_offset:804
[    0.804064] [drm:amdgpu_discovery_set_ip_blocks] match:14 @ ip_offset:144
[    0.804070] [drm:amdgpu_discovery_set_ip_blocks] match:24 @ ip_offset:452
[    0.804076] [drm:amdgpu_discovery_set_ip_blocks] match:34 @ ip_offset:472
[    0.804082] [drm:amdgpu_discovery_set_ip_blocks] match:35 @ ip_offset:160
[    0.804089] [drm:amdgpu_discovery_set_ip_blocks] match:40 @ ip_offset:608
[    0.804094] [drm:amdgpu_discovery_set_ip_blocks] match:41 @ ip_offset:436
[    0.804101] [drm:amdgpu_discovery_set_ip_blocks] match:42 @ ip_offset:688
[    0.804107] [drm:amdgpu_discovery_set_ip_blocks] match:45 @ ip_offset:292
[    0.804112] [drm:amdgpu_discovery_set_ip_blocks] match:46 @ ip_offset:352
[    0.804118] [drm:amdgpu_discovery_set_ip_blocks] match:48 @ ip_offset:380
[    0.804126] [drm:amdgpu_discovery_set_ip_blocks] match:70 @ ip_offset:624
[    0.804131] [drm:amdgpu_discovery_set_ip_blocks] match:70 @ ip_offset:656
[    0.804139] [drm:amdgpu_discovery_set_ip_blocks] match:108 @ ip_offset:576
[    0.804149] [drm:amdgpu_discovery_set_ip_blocks] match:150 @ ip_offset:756
[    0.804155] [drm:amdgpu_discovery_set_ip_blocks] match:150 @ ip_offset:780
[    0.804166] [drm:amdgpu_discovery_set_ip_blocks] match:216 @ ip_offset:824
[    0.804176] [drm:amdgpu_discovery_set_ip_blocks] match:255 @ ip_offset:492
[    0.804183] [drm:amdgpu_discovery_set_ip_blocks] match:271 @ ip_offset:324
[    0.804193] [drm] add ip block number 0 <nv_common>
[    0.804195] [drm] add ip block number 1 <gmc_v10_0>
[    0.804197] [drm] add ip block number 2 <navi10_ih>
[    0.804198] [drm] add ip block number 3 <psp>
[    0.804199] [drm] add ip block number 4 <smu>
[    0.804200] [drm] add ip block number 5 <dm>
[    0.804202] [drm] add ip block number 6 <gfx_v10_0>
[    0.804203] [drm] add ip block number 7 <sdma_v5_2>
[    0.804204] [drm] add ip block number 8 <vcn_v3_0>
[    0.804205] [drm] add ip block number 9 <jpeg_v3_0>
[    0.804224] [drm:check_atom_bios] ATOMBIOS detected
[    0.804226] amdgpu 0000:04:00.0: amdgpu: Fetched VBIOS from VFCT
[    0.804229] amdgpu: ATOM BIOS: 102-MENDOCINO-004
[    0.804231] [drm:amdgpu_atomfirmware_allocate_fb_scratch] atom firmware requested 0000f800 2048kb fw 0kb drv
[    0.804244] [drm] VCN(0) decode is enabled in VM mode
[    0.804245] [drm] VCN(0) encode is enabled in VM mode
[    0.804246] [drm] JPEG decode is enabled in VM mode
[    0.804247] amdgpu 0000:04:00.0: amdgpu: Trusted Memory Zone (TMZ) feature enabled
[    0.804250] amdgpu 0000:04:00.0: amdgpu: PCIE atomic ops is not supported
[    0.804284] [drm] vm size is 262144 GB, 4 levels, block size is 9-bit, fragment size is 9-bit
[    0.804291] amdgpu 0000:04:00.0: amdgpu: VRAM: 64M 0x000000F400000000 - 0x000000F403FFFFFF (64M used)
[    0.804293] amdgpu 0000:04:00.0: amdgpu: GART: 1024M 0x0000000000000000 - 0x000000003FFFFFFF
[    0.804294] amdgpu 0000:04:00.0: amdgpu: AGP: 267419648M 0x000000F800000000 - 0x0000FFFFFFFFFFFF
[    0.804300] [drm] Detected VRAM RAM=64M, BAR=64M
[    0.804301] [drm] RAM width 128bits LPDDR5
[    0.804321] [drm:amdgpu_ttm_init] memory training does not support!
[    0.804346] [drm] amdgpu: 64M of VRAM memory ready
[    0.804347] [drm] amdgpu: 3317M of GTT memory ready.
[    0.804357] [drm] GART: num cpu pages 262144, num gpu pages 262144
[    0.804747] [drm] PCIE GART of 1024M enabled (table at 0x000000F403C00000).
[    0.804869] [drm:amdgpu_irq_init] amdgpu: irq initialized.
[    0.804877] amdgpu 0000:04:00.0: amdgpu: PSP runtime database doesn't exist
[    0.804879] amdgpu 0000:04:00.0: amdgpu: PSP runtime database doesn't exist
[    0.804880] [drm:psp_sw_init] memory training is not supported!
[    0.804919] [drm] Loading DMUB firmware via PSP: version=0x00007000
[    0.804927] [drm:gfx_v10_0_me_init]
[    0.804962] amdgpu 0000:04:00.0: [drm:amdgpu_fence_driver_start_ring] fence driver on ring gfx_0.0.0 use gpu addr 0x0000000000401080
[    0.804992] amdgpu 0000:04:00.0: [drm:amdgpu_fence_driver_start_ring] fence driver on ring comp_1.0.0 use gpu addr 0x0000000000401120
[    0.805023] amdgpu 0000:04:00.0: [drm:amdgpu_fence_driver_start_ring] fence driver on ring comp_1.1.0 use gpu addr 0x00000000004011c0
[    0.805042] amdgpu 0000:04:00.0: [drm:amdgpu_fence_driver_start_ring] fence driver on ring comp_1.2.0 use gpu addr 0x0000000000401260
[    0.805073] amdgpu 0000:04:00.0: [drm:amdgpu_fence_driver_start_ring] fence driver on ring comp_1.3.0 use gpu addr 0x0000000000401300
[    0.805103] amdgpu 0000:04:00.0: [drm:amdgpu_fence_driver_start_ring] fence driver on ring comp_1.0.1 use gpu addr 0x00000000004013a0
[    0.805123] amdgpu 0000:04:00.0: [drm:amdgpu_fence_driver_start_ring] fence driver on ring comp_1.1.1 use gpu addr 0x0000000000401440
[    0.805143] amdgpu 0000:04:00.0: [drm:amdgpu_fence_driver_start_ring] fence driver on ring comp_1.2.1 use gpu addr 0x00000000004014e0
[    0.805163] amdgpu 0000:04:00.0: [drm:amdgpu_fence_driver_start_ring] fence driver on ring comp_1.3.1 use gpu addr 0x0000000000401580
[    0.805212] amdgpu 0000:04:00.0: [drm:amdgpu_fence_driver_start_ring] fence driver on ring kiq_2.1.0 use gpu addr 0x0000000000401620
[    0.805687] [drm:sdma_v5_2_sw_init]
[    0.805692] [drm:sdma_v5_2_sw_init] psp_load == 'true'
[    0.805694] [drm] use_doorbell being set to: [true]
[    0.805695] amdgpu 0000:04:00.0: [drm:amdgpu_fence_driver_start_ring] fence driver on ring sdma0 use gpu addr 0x00000000004016c0
[    0.805721] [drm] Found VCN firmware Version ENC: 1.23 DEC: 2 VEP: 0 Revision: 5
[    0.805726] amdgpu 0000:04:00.0: amdgpu: Will use PSP to load VCN firmware
[    0.805784] amdgpu 0000:04:00.0: [drm:amdgpu_fence_driver_start_ring] fence driver on ring vcn_dec_0 use gpu addr 0x0000000000401760
[    0.805811] amdgpu 0000:04:00.0: [drm:amdgpu_fence_driver_start_ring] fence driver on ring vcn_enc_0.0 use gpu addr 0x0000000000401800
[    0.805830] amdgpu 0000:04:00.0: [drm:amdgpu_fence_driver_start_ring] fence driver on ring vcn_enc_0.1 use gpu addr 0x00000000004018a0
[    0.805851] amdgpu 0000:04:00.0: [drm:amdgpu_fence_driver_start_ring] fence driver on ring jpeg_dec use gpu addr 0x0000000000401940
[    0.830411] [drm] reserve 0xa00000 from 0xf402000000 for PSP TMR
[    0.833401] [drm:amdgpu_ucode_print_sdma_hdr] SDMA
[    0.833413] [drm:amdgpu_ucode_print_common_hdr] size_bytes: 34048
[    0.833419] [drm:amdgpu_ucode_print_common_hdr] header_size_bytes: 48
[    0.833423] [drm:amdgpu_ucode_print_common_hdr] header_version_major: 1
[    0.833427] [drm:amdgpu_ucode_print_common_hdr] header_version_minor: 0
[    0.833430] [drm:amdgpu_ucode_print_common_hdr] ip_version_major: 5
[    0.833434] [drm:amdgpu_ucode_print_common_hdr] ip_version_minor: 2
[    0.833438] [drm:amdgpu_ucode_print_common_hdr] ucode_version: 0x00000001
[    0.833442] [drm:amdgpu_ucode_print_common_hdr] ucode_size_bytes: 33792
[    0.833446] [drm:amdgpu_ucode_print_common_hdr] ucode_array_offset_bytes: 256
[    0.833450] [drm:amdgpu_ucode_print_sdma_hdr] crc32: 0x2f844ded
[    0.833455] [drm:amdgpu_ucode_print_sdma_hdr] ucode_feature_version: 52
[    0.833459] [drm:amdgpu_ucode_print_sdma_hdr] ucode_change_version: 0
[    0.833462] [drm:amdgpu_ucode_print_sdma_hdr] jt_offset: 8192
[    0.833466] [drm:amdgpu_ucode_print_sdma_hdr] jt_size: 128
[    0.837401] [drm:amdgpu_ucode_print_gfx_hdr] GFX
[    0.837410] [drm:amdgpu_ucode_print_common_hdr] size_bytes: 263296
[    0.837415] [drm:amdgpu_ucode_print_common_hdr] header_size_bytes: 44
[    0.837419] [drm:amdgpu_ucode_print_common_hdr] header_version_major: 1
[    0.837423] [drm:amdgpu_ucode_print_common_hdr] header_version_minor: 0
[    0.837427] [drm:amdgpu_ucode_print_common_hdr] ip_version_major: 10
[    0.837430] [drm:amdgpu_ucode_print_common_hdr] ip_version_minor: 3
[    0.837434] [drm:amdgpu_ucode_print_common_hdr] ucode_version: 0x00000001
[    0.837438] [drm:amdgpu_ucode_print_common_hdr] ucode_size_bytes: 263040
[    0.837442] [drm:amdgpu_ucode_print_common_hdr] ucode_array_offset_bytes: 256
[    0.837445] [drm:amdgpu_ucode_print_gfx_hdr] crc32: 0x6c2217b8
[    0.837450] [drm:amdgpu_ucode_print_gfx_hdr] ucode_feature_version: 38
[    0.837453] [drm:amdgpu_ucode_print_gfx_hdr] jt_offset: 65536
[    0.837457] [drm:psp_load_non_psp_fw] jt_size: 96
[    0.849400] [drm:amdgpu_ucode_print_gfx_hdr] GFX
[    0.849409] [drm:amdgpu_ucode_print_common_hdr] size_bytes: 263424
[    0.849414] [drm:amdgpu_ucode_print_common_hdr] header_size_bytes: 44
[    0.849418] [drm:amdgpu_ucode_print_common_hdr] header_version_major: 1
[    0.849422] [drm:amdgpu_ucode_print_common_hdr] header_version_minor: 0
[    0.849426] [drm:amdgpu_ucode_print_common_hdr] ip_version_major: 10
[    0.849429] [drm:amdgpu_ucode_print_common_hdr] ip_version_minor: 3
[    0.849433] [drm:amdgpu_ucode_print_common_hdr] ucode_version: 0x00000005
[    0.849437] [drm:amdgpu_ucode_print_common_hdr] ucode_size_bytes: 263168
[    0.849441] [drm:amdgpu_ucode_print_common_hdr] ucode_array_offset_bytes: 256
[    0.849444] [drm:amdgpu_ucode_print_gfx_hdr] crc32: 0x95c6ee20
[    0.849449] [drm:amdgpu_ucode_print_gfx_hdr] ucode_feature_version: 38
[    0.849452] [drm:amdgpu_ucode_print_gfx_hdr] jt_offset: 65536
[    0.849456] [drm:psp_load_non_psp_fw] jt_size: 128
[    0.861400] [drm:amdgpu_ucode_print_gfx_hdr] GFX
[    0.861409] [drm:amdgpu_ucode_print_common_hdr] size_bytes: 263424
[    0.861414] [drm:amdgpu_ucode_print_common_hdr] header_size_bytes: 44
[    0.861418] [drm:amdgpu_ucode_print_common_hdr] header_version_major: 1
[    0.861422] [drm:amdgpu_ucode_print_common_hdr] header_version_minor: 0
[    0.861425] [drm:amdgpu_ucode_print_common_hdr] ip_version_major: 10
[    0.861429] [drm:amdgpu_ucode_print_common_hdr] ip_version_minor: 3
[    0.861432] [drm:amdgpu_ucode_print_common_hdr] ucode_version: 0x00000003
[    0.861436] [drm:amdgpu_ucode_print_common_hdr] ucode_size_bytes: 263168
[    0.861440] [drm:amdgpu_ucode_print_common_hdr] ucode_array_offset_bytes: 256
[    0.861444] [drm:amdgpu_ucode_print_gfx_hdr] crc32: 0x66bdf234
[    0.861448] [drm:amdgpu_ucode_print_gfx_hdr] ucode_feature_version: 38
[    0.861452] [drm:amdgpu_ucode_print_gfx_hdr] jt_offset: 65536
[    0.861456] [drm:psp_load_non_psp_fw] jt_size: 128
[    0.873401] [drm:amdgpu_ucode_print_gfx_hdr] GFX
[    0.873410] [drm:amdgpu_ucode_print_common_hdr] size_bytes: 268592
[    0.873415] [drm:amdgpu_ucode_print_common_hdr] header_size_bytes: 44
[    0.873419] [drm:amdgpu_ucode_print_common_hdr] header_version_major: 1
[    0.873422] [drm:amdgpu_ucode_print_common_hdr] header_version_minor: 0
[    0.873426] [drm:amdgpu_ucode_print_common_hdr] ip_version_major: 10
[    0.873430] [drm:amdgpu_ucode_print_common_hdr] ip_version_minor: 3
[    0.873433] [drm:amdgpu_ucode_print_common_hdr] ucode_version: 0x00000006
[    0.873437] [drm:amdgpu_ucode_print_common_hdr] ucode_size_bytes: 268336
[    0.873441] [drm:amdgpu_ucode_print_common_hdr] ucode_array_offset_bytes: 256
[    0.873445] [drm:amdgpu_ucode_print_gfx_hdr] crc32: 0xc63f6c11
[    0.873449] [drm:amdgpu_ucode_print_gfx_hdr] ucode_feature_version: 38
[    0.873453] [drm:amdgpu_ucode_print_gfx_hdr] jt_offset: 66860
[    0.873457] [drm:psp_load_non_psp_fw] jt_size: 224
[    0.917620] [drm:amdgpu_ucode_print_rlc_hdr] RLC
[    0.917636] [drm:amdgpu_ucode_print_common_hdr] size_bytes: 44992
[    0.917642] [drm:amdgpu_ucode_print_common_hdr] header_size_bytes: 172
[    0.917647] [drm:amdgpu_ucode_print_common_hdr] header_version_major: 2
[    0.917651] [drm:amdgpu_ucode_print_common_hdr] header_version_minor: 2
[    0.917654] [drm:amdgpu_ucode_print_common_hdr] ip_version_major: 10
[    0.917658] [drm:amdgpu_ucode_print_common_hdr] ip_version_minor: 3
[    0.917662] [drm:amdgpu_ucode_print_common_hdr] ucode_version: 0x0000000e
[    0.917667] [drm:amdgpu_ucode_print_common_hdr] ucode_size_bytes: 25088
[    0.917671] [drm:amdgpu_ucode_print_common_hdr] ucode_array_offset_bytes: 256
[    0.917675] [drm:amdgpu_ucode_print_rlc_hdr] crc32: 0x4f3a37ab
[    0.917679] [drm:amdgpu_ucode_print_rlc_hdr] ucode_feature_version: 1
[    0.917683] [drm:amdgpu_ucode_print_rlc_hdr] jt_offset: 0
[    0.917687] [drm:amdgpu_ucode_print_rlc_hdr] jt_size: 0
[    0.917691] [drm:amdgpu_ucode_print_rlc_hdr] save_and_restore_offset: 0
[    0.917695] [drm:amdgpu_ucode_print_rlc_hdr] clear_state_descriptor_offset: 0
[    0.917699] [drm:amdgpu_ucode_print_rlc_hdr] avail_scratch_ram_locations: 0
[    0.917702] [drm:amdgpu_ucode_print_rlc_hdr] reg_restore_list_size: 95
[    0.917706] [drm:amdgpu_ucode_print_rlc_hdr] reg_list_format_start: 96
[    0.917710] [drm:amdgpu_ucode_print_rlc_hdr] reg_list_format_separate_start: 182
[    0.917714] [drm:amdgpu_ucode_print_rlc_hdr] starting_offsets_start: 203
[    0.917717] [drm:amdgpu_ucode_print_rlc_hdr] reg_list_format_size_bytes: 0
[    0.917721] [drm:amdgpu_ucode_print_rlc_hdr] reg_list_format_array_offset_bytes: 25344
[    0.917725] [drm:amdgpu_ucode_print_rlc_hdr] reg_list_size_bytes: 0
[    0.917729] [drm:amdgpu_ucode_print_rlc_hdr] reg_list_array_offset_bytes: 25344
[    0.917732] [drm:amdgpu_ucode_print_rlc_hdr] reg_list_format_separate_size_bytes: 0
[    0.917736] [drm:amdgpu_ucode_print_rlc_hdr] reg_list_format_separate_array_offset_bytes: 0
[    0.917740] [drm:amdgpu_ucode_print_rlc_hdr] reg_list_separate_size_bytes: 0
[    0.917744] [drm:amdgpu_ucode_print_rlc_hdr] reg_list_separate_array_offset_bytes: 0
[    0.947019] [drm:amdgpu_ih_process] amdgpu_ih_process: rptr 0, wptr 32
[    0.947036] [drm:amdgpu_irq_dispatch] Unregistered interrupt client_id: 4 src_id: 5
[    0.981402] amdgpu 0000:04:00.0: amdgpu: RAS: optional ras ta ucode is not available
[    0.991512] amdgpu 0000:04:00.0: amdgpu: RAP: optional rap ta ucode is not available
[    0.991525] amdgpu 0000:04:00.0: amdgpu: SECUREDISPLAY: securedisplay ta ucode is not available
[    0.992910] amdgpu 0000:04:00.0: amdgpu: SMU is initialized successfully!
[    0.992914] [drm:amdgpu_dm_irq_init] DM_IRQ
[    0.992971] [drm:dal_firmware_parser_init_cmd_tbl] Don't have dig_encoder_control for v0
[    0.992982] [drm:dal_firmware_parser_init_cmd_tbl] Don't have transmitter_control for v0
[    0.992989] [drm:dal_firmware_parser_init_cmd_tbl] Don't have set_pixel_clock for v0
[    0.992995] [drm:dal_firmware_parser_init_cmd_tbl] Don't have set_crtc_timing for v0
[    0.993002] [drm:dal_firmware_parser_init_cmd_tbl] Don't have enable_crtc for v0
[    0.993009] [drm:dal_firmware_parser_init_cmd_tbl] Don't have set_dce_clock for v0
[    0.993883] [drm:create_links] BIOS object table - number of connectors: 5
[    0.993887] [drm:create_links] DC: create_links: connectors_num: physical:5, virtual:0
[    0.993890] [drm:create_links] BIOS object table - printing link object info for connector number: 0, link_index: 0
[    0.993892] [drm:link_create] BIOS object table - link_id: 20
[    0.993895] [drm:link_create] BIOS object table - is_internal_display: 0
[    0.993906] [drm:link_create] BIOS object table - hpd_gpio id: 3
[    0.993908] [drm:link_create] BIOS object table - hpd_gpio en: 0
[    0.993910] [drm:link_create] Connector[0] description:signal 128
[    0.993913] [drm:dal_ddc_service_create] BIOS object table - i2c_line: 0
[    0.993915] [drm:dal_ddc_service_create] BIOS object table - i2c_engine_id: 1
[    0.993920] [drm:link_create] BIOS object table - DP_IS_USB_C: 0
[    0.993921] [drm:link_create] BIOS object table - IS_DP2_CAPABLE: 0
[    0.993924] [drm:link_create] BIOS object table - device_tag.acpi_device: 0
[    0.993926] [drm:link_create] BIOS object table - device_tag.dev_id.device_type: 1
[    0.993927] [drm:link_create] BIOS object table - device_tag.dev_id.enum_id: 1
[    0.993929] [drm:link_create] BIOS object table - ddi_channel_mapping: 0x00E4
[    0.993931] [drm:link_create] BIOS object table - chip_caps: 0
[    0.993933] [drm:link_create] BIOS object table - dc_link_construct_legacy finished successfully.
[    0.993935] [drm:create_links] BIOS object table - printing link object info for connector number: 1, link_index: 1
[    0.993937] [drm:link_create] BIOS object table - link_id: 12
[    0.993938] [drm:link_create] BIOS object table - is_internal_display: 0
[    0.993942] [drm:link_create] BIOS object table - hpd_gpio id: 3
[    0.993943] [drm:link_create] BIOS object table - hpd_gpio en: 1
[    0.993944] [drm:link_create] Connector[1] description:signal 4
[    0.993947] [drm:dal_ddc_service_create] BIOS object table - i2c_line: 1
[    0.993948] [drm:dal_ddc_service_create] BIOS object table - i2c_engine_id: 1
[    0.993950] [drm:link_create] BIOS object table - DP_IS_USB_C: 0
[    0.993952] [drm:link_create] BIOS object table - IS_DP2_CAPABLE: 0
[    0.993953] [drm:link_create] BIOS object table - device_tag.acpi_device: 0
[    0.993955] [drm:link_create] BIOS object table - device_tag.dev_id.device_type: 3
[    0.993956] [drm:link_create] BIOS object table - device_tag.dev_id.enum_id: 3
[    0.993958] [drm:link_create] BIOS object table - ddi_channel_mapping: 0x00E4
[    0.993959] [drm:link_create] BIOS object table - chip_caps: 0
[    0.993967] [drm:link_create] BIOS object table - dc_link_construct_legacy finished successfully.
[    0.993969] [drm:create_links] BIOS object table - printing link object info for connector number: 2, link_index: 2
[    0.993972] [drm:link_create] BIOS object table - link_id: 19
[    0.993973] [drm:link_create] BIOS object table - is_internal_display: 0
[    0.993977] [drm:link_create] BIOS object table - hpd_gpio id: 3
[    0.993979] [drm:link_create] BIOS object table - hpd_gpio en: 2
[    0.993981] [drm:link_create] Connector[2] description:signal 32
[    0.993983] [drm:dal_ddc_service_create] BIOS object table - i2c_line: 2
[    0.993985] [drm:dal_ddc_service_create] BIOS object table - i2c_engine_id: 1
[    0.993988] [drm:link_create] BIOS object table - DP_IS_USB_C: 1
[    0.993989] [drm:link_create] BIOS object table - IS_DP2_CAPABLE: 1
[    0.993990] [drm:link_create] BIOS object table - device_tag.acpi_device: 0
[    0.993991] [drm:link_create] BIOS object table - device_tag.dev_id.device_type: 3
[    0.993993] [drm:link_create] BIOS object table - device_tag.dev_id.enum_id: 1
[    0.993995] [drm:link_create] BIOS object table - ddi_channel_mapping: 0x00E4
[    0.993996] [drm:link_create] BIOS object table - chip_caps: 256
[    0.994004] [drm:link_create] BIOS object table - dc_link_construct_legacy finished successfully.
[    0.994006] [drm:create_links] BIOS object table - printing link object info for connector number: 3, link_index: 3
[    0.994008] [drm:link_create] BIOS object table - link_id: 0
[    0.994009] [drm:link_create] BIOS object table - is_internal_display: 0
[    0.994011] [drm:link_create] dc_link_construct_legacy: Invalid Connector ObjectID from Adapter Service for connector index:3! type 0 expected 3
[    0.994013] [drm:link_create] BIOS object table - dc_link_construct_legacy failed.
[    0.994015] [drm:create_links] BIOS object table - printing link object info for connector number: 4, link_index: 3
[    0.994016] [drm:link_create] BIOS object table - link_id: 19
[    0.994018] [drm:link_create] BIOS object table - is_internal_display: 0
[    0.994022] [drm:link_create] BIOS object table - hpd_gpio id: 3
[    0.994024] [drm:link_create] BIOS object table - hpd_gpio en: 3
[    0.994025] [drm:link_create] Connector[4] description:signal 32
[    0.994027] [drm:dal_ddc_service_create] BIOS object table - i2c_line: 3
[    0.994029] [drm:dal_ddc_service_create] BIOS object table - i2c_engine_id: 1
[    0.994033] [drm:link_create] BIOS object table - DP_IS_USB_C: 1
[    0.994034] [drm:link_create] BIOS object table - IS_DP2_CAPABLE: 1
[    0.994035] [drm:link_create] BIOS object table - device_tag.acpi_device: 0
[    0.994037] [drm:link_create] BIOS object table - device_tag.dev_id.device_type: 3
[    0.994038] [drm:link_create] BIOS object table - device_tag.dev_id.enum_id: 2
[    0.994039] [drm:link_create] BIOS object table - ddi_channel_mapping: 0x00E4
[    0.994041] [drm:link_create] BIOS object table - chip_caps: 256
[    0.994049] [drm:link_create] BIOS object table - dc_link_construct_legacy finished successfully.
[    0.994051] [drm:create_links] BIOS object table - end
[    0.994053] [drm:dc_create] Display Core initialized
[    0.994057] [drm] Display Core initialized with v3.2.198!
[    0.995476] [drm] DMUB hardware initialized: version=0x00007000
[    0.995542] [drm:dce110_edp_power_control] dce110_edp_power_control: Skipping Panel Power action: On
[    1.021214] [drm:mpc2_assert_idle_mpcc] REG_WAIT taking a while: 7ms in mpc2_assert_idle_mpcc line:480
[    1.021232] [drm:dcn20_plane_atomic_disable] Power gated front end 0
[    1.021237] [drm:dcn10_init_pipes] Power down front end 0
[    1.021259] [drm:dcn20_plane_atomic_disable] Power gated front end 1
[    1.021262] [drm:dcn10_init_pipes] Power down front end 1
[    1.021281] [drm:dcn20_plane_atomic_disable] Power gated front end 2
[    1.021284] [drm:dcn10_init_pipes] Power down front end 2
[    1.021303] [drm:dcn20_plane_atomic_disable] Power gated front end 3
[    1.021305] [drm:dcn10_init_pipes] Power down front end 3
[    1.022035] [drm:dm_hw_init] amdgpu: freesync_module init done 00000000888100c0.
[    1.022127] [drm:dm_hw_init] amdgpu: hdcp_workqueue init done 000000005be26de0.
[    1.022278] [drm:amdgpu_dm_irq_register_interrupt] DM_IRQ: added irq handler: 00000000ff90a798 for: dal_src=96, irq context=0
[    1.022284] [drm:dm_hw_init] amdgpu_dm_connector_init()
[    1.022375] [drm:dce110_edp_power_control] dce110_edp_power_control: Skipping Panel Power action: On
[    1.022427] [drm:dce110_edp_power_control] dce110_edp_power_control: Skipping Panel Power action: On
[    1.022725] amdgpu 0000:04:00.0: [drm:drm_dp_dpcd_probe] AMDGPU DM aux hw bus 0: 0x00000 AUX -> (ret=  1) 11
[    1.023013] amdgpu 0000:04:00.0: [drm:drm_dp_dpcd_read] AMDGPU DM aux hw bus 0: 0x00101 AUX -> (ret=  1) 82
[    1.023296] amdgpu 0000:04:00.0: [drm:drm_dp_dpcd_probe] AMDGPU DM aux hw bus 0: 0x00000 AUX -> (ret=  1) 11
[    1.023578] amdgpu 0000:04:00.0: [drm:drm_dp_dpcd_read] AMDGPU DM aux hw bus 0: 0x00100 AUX -> (ret=  1) 0a
[    1.023860] amdgpu 0000:04:00.0: [drm:drm_dp_dpcd_probe] AMDGPU DM aux hw bus 0: 0x00000 AUX -> (ret=  1) 11
[    1.024142] amdgpu 0000:04:00.0: [drm:drm_dp_dpcd_read] AMDGPU DM aux hw bus 0: 0x00003 AUX -> (ret=  1) 41
[    1.024428] amdgpu 0000:04:00.0: [drm:drm_dp_dpcd_probe] AMDGPU DM aux hw bus 0: 0x00000 AUX -> (ret=  1) 11
[    1.024771] amdgpu 0000:04:00.0: [drm:drm_dp_dpcd_read] AMDGPU DM aux hw bus 0: 0xf0000 AUX -> (ret=  8) 00 00 00 00 00 00 00 00
[    1.025053] amdgpu 0000:04:00.0: [drm:drm_dp_dpcd_probe] AMDGPU DM aux hw bus 0: 0x00000 AUX -> (ret=  1) 11
[    1.025348] amdgpu 0000:04:00.0: [drm:drm_dp_dpcd_read] AMDGPU DM aux hw bus 0: 0xe000d AUX -> (ret=  3) 00 00 00
[    1.025631] amdgpu 0000:04:00.0: [drm:drm_dp_dpcd_probe] AMDGPU DM aux hw bus 0: 0x00000 AUX -> (ret=  1) 11
[    1.025950] amdgpu 0000:04:00.0: [drm:drm_dp_dpcd_read] AMDGPU DM aux hw bus 0: 0xe001b AUX -> (ret=  5) 00 00 00 00 00
[    1.026231] amdgpu 0000:04:00.0: [drm:drm_dp_dpcd_probe] AMDGPU DM aux hw bus 0: 0x00000 AUX -> (ret=  1) 11
[    1.026513] amdgpu 0000:04:00.0: [drm:drm_dp_dpcd_read] AMDGPU DM aux hw bus 0: 0x00600 AUX -> (ret=  1) 01
[    1.026796] amdgpu 0000:04:00.0: [drm:drm_dp_dpcd_probe] AMDGPU DM aux hw bus 0: 0x00000 AUX -> (ret=  1) 11
[    1.027101] amdgpu 0000:04:00.0: [drm:drm_dp_dpcd_read] AMDGPU DM aux hw bus 0: 0x00300 AUX -> (ret=  3) 00 00 1a
[    1.058731] amdgpu 0000:04:00.0: [drm:drm_dp_dpcd_access] AMDGPU DM aux hw bus 0: Too many retries, giving up. First error: -5
[    1.058741] amdgpu 0000:04:00.0: [drm:drm_dp_dpcd_write] AMDGPU DM aux hw bus 0: 0x00303 AUX <- (ret= -5)
[    1.090668] amdgpu 0000:04:00.0: [drm:drm_dp_dpcd_access] AMDGPU DM aux hw bus 0: Too many retries, giving up. First error: -5
[    1.090677] amdgpu 0000:04:00.0: [drm:drm_dp_dpcd_write] AMDGPU DM aux hw bus 0: 0x00340 AUX <- (ret= -5)
[    1.122706] amdgpu 0000:04:00.0: [drm:drm_dp_dpcd_probe] AMDGPU DM aux hw bus 0: 0x00000 AUX -> (ret=  1) 11
[    1.123148] amdgpu 0000:04:00.0: [drm:drm_dp_dpcd_read] AMDGPU DM aux hw bus 0: 0x00000 AUX -> (ret= 16) 11 0a 82 41 00 00 01 40 02 02 00 00 00 03 00 00
[    1.123441] amdgpu 0000:04:00.0: [drm:drm_dp_dpcd_probe] AMDGPU DM aux hw bus 0: 0x00000 AUX -> (ret=  1) 11
[    1.123810] amdgpu 0000:04:00.0: [drm:drm_dp_dpcd_read] AMDGPU DM aux hw bus 0: 0x00500 AUX -> (ret=  9) 00 00 00 00 00 00 00 00 00
[    1.124103] amdgpu 0000:04:00.0: [drm:drm_dp_dpcd_probe] AMDGPU DM aux hw bus 0: 0x00000 AUX -> (ret=  1) 11
[    1.124395] amdgpu 0000:04:00.0: [drm:drm_dp_dpcd_read] AMDGPU DM aux hw bus 0: 0x00000 AUX -> (ret=  1) 11
[    1.124683] amdgpu 0000:04:00.0: [drm:drm_dp_dpcd_probe] AMDGPU DM aux hw bus 0: 0x00000 AUX -> (ret=  1) 11
[    1.124966] amdgpu 0000:04:00.0: [drm:drm_dp_dpcd_read] AMDGPU DM aux hw bus 0: 0x00200 AUX -> (ret=  1) 41
[    1.125248] amdgpu 0000:04:00.0: [drm:drm_dp_dpcd_probe] AMDGPU DM aux hw bus 0: 0x00000 AUX -> (ret=  1) 11
[    1.125604] amdgpu 0000:04:00.0: [drm:drm_dp_dpcd_read] AMDGPU DM aux hw bus 0: 0x00400 AUX -> (ret=  9) 00 00 00 00 00 00 00 00 00
[    1.125886] amdgpu 0000:04:00.0: [drm:drm_dp_dpcd_probe] AMDGPU DM aux hw bus 0: 0x00000 AUX -> (ret=  1) 11
[    1.126192] amdgpu 0000:04:00.0: [drm:drm_dp_dpcd_read] AMDGPU DM aux hw bus 0: 0x00409 AUX -> (ret=  3) 00 00 00
[    1.126475] amdgpu 0000:04:00.0: [drm:drm_dp_dpcd_probe] AMDGPU DM aux hw bus 0: 0x00000 AUX -> (ret=  1) 11
[    1.126758] amdgpu 0000:04:00.0: [drm:drm_dp_dpcd_read] AMDGPU DM aux hw bus 0: 0x00317 AUX -> (ret=  1) 00
[    1.127041] amdgpu 0000:04:00.0: [drm:drm_dp_dpcd_probe] AMDGPU DM aux hw bus 0: 0x00000 AUX -> (ret=  1) 11
[    1.127324] amdgpu 0000:04:00.0: [drm:drm_dp_dpcd_read] AMDGPU DM aux hw bus 0: 0x02217 AUX -> (ret=  1) 00
[    1.127328] [drm:retrieve_link_cap] Rx Caps:
[    1.127613] amdgpu 0000:04:00.0: [drm:drm_dp_dpcd_probe] AMDGPU DM aux hw bus 0: 0x00000 AUX -> (ret=  1) 11
[    1.127895] amdgpu 0000:04:00.0: [drm:drm_dp_dpcd_read] AMDGPU DM aux hw bus 0: 0x00702 AUX -> (ret=  1) 00
[    1.128177] amdgpu 0000:04:00.0: [drm:drm_dp_dpcd_probe] AMDGPU DM aux hw bus 0: 0x00000 AUX -> (ret=  1) 11
[    1.128459] amdgpu 0000:04:00.0: [drm:drm_dp_dpcd_read] AMDGPU DM aux hw bus 0: 0x00701 AUX -> (ret=  1) 00
[    1.128742] amdgpu 0000:04:00.0: [drm:drm_dp_dpcd_probe] AMDGPU DM aux hw bus 0: 0x00000 AUX -> (ret=  1) 11
[    1.129024] amdgpu 0000:04:00.0: [drm:drm_dp_dpcd_read] AMDGPU DM aux hw bus 0: 0x00700 AUX -> (ret=  1) 01
[    1.129306] amdgpu 0000:04:00.0: [drm:drm_dp_dpcd_probe] AMDGPU DM aux hw bus 0: 0x00000 AUX -> (ret=  1) 11
[    1.129588] amdgpu 0000:04:00.0: [drm:drm_dp_dpcd_read] AMDGPU DM aux hw bus 0: 0x0002e AUX -> (ret=  1) 00
[    1.129871] amdgpu 0000:04:00.0: [drm:drm_dp_dpcd_probe] AMDGPU DM aux hw bus 0: 0x00000 AUX -> (ret=  1) 11
[    1.130153] amdgpu 0000:04:00.0: [drm:drm_dp_dpcd_read] AMDGPU DM aux hw bus 0: 0x00101 AUX -> (ret=  1) 82
[    1.130435] amdgpu 0000:04:00.0: [drm:drm_dp_dpcd_probe] AMDGPU DM aux hw bus 0: 0x00000 AUX -> (ret=  1) 11
[    1.130717] amdgpu 0000:04:00.0: [drm:drm_dp_dpcd_read] AMDGPU DM aux hw bus 0: 0x00100 AUX -> (ret=  1) 0a
[    1.131000] amdgpu 0000:04:00.0: [drm:drm_dp_dpcd_probe] AMDGPU DM aux hw bus 0: 0x00000 AUX -> (ret=  1) 11
[    1.131282] amdgpu 0000:04:00.0: [drm:drm_dp_dpcd_read] AMDGPU DM aux hw bus 0: 0x00003 AUX -> (ret=  1) 41
[    1.137088] [drm:update_display_info] Supported Monitor Refresh rate range is 0 Hz - 0 Hz
[    1.137093] [drm:update_display_info] eDP-1: Assigning EDID-1.4 digital sink color depth as 8 bpc.
[    1.137101] [drm:drm_edid_to_sad] Found 0 Short Audio Descriptors
[    1.137382] amdgpu 0000:04:00.0: [drm:drm_dp_dpcd_probe] AMDGPU DM aux hw bus 0: 0x00000 AUX -> (ret=  1) 11
[    1.137665] amdgpu 0000:04:00.0: [drm:drm_dp_dpcd_read] AMDGPU DM aux hw bus 0: 0x00201 AUX -> (ret=  1) 00
[    1.137947] amdgpu 0000:04:00.0: [drm:drm_dp_dpcd_probe] AMDGPU DM aux hw bus 0: 0x00000 AUX -> (ret=  1) 11
[    1.138229] amdgpu 0000:04:00.0: [drm:drm_dp_dpcd_read] AMDGPU DM aux hw bus 0: 0x00218 AUX -> (ret=  1) 00
[    1.138232] amdgpu 0000:04:00.0: [drm:drm_dp_send_real_edid_checksum] AMDGPU DM aux hw bus 0: Source DUT does not support TEST_EDID_READ
[    1.138516] amdgpu 0000:04:00.0: [drm:drm_dp_dpcd_probe] AMDGPU DM aux hw bus 0: 0x00000 AUX -> (ret=  1) 11
[    1.138811] amdgpu 0000:04:00.0: [drm:drm_dp_dpcd_read] AMDGPU DM aux hw bus 0: 0x6921d AUX -> (ret=  3) 00 00 00
[    1.138814] [drm:dc_link_detect] : [Block 0]
[    1.138816] [drm:dc_link_detect] detect_link_and_local_sink: manufacturer_id = AE0D, product_id = 14F5, serial_number = 0, manufacture_week = 16, manufacture_year = 28, display_name = , speaker_flag = 0, audio_mode_count = 0
[    1.138820] [drm:dc_link_detect] link=0, dc_sink_in=000000006e0fb566 is now Connected prev_sink=0000000000000000 edid same=0
[    1.138827] [drm:amdgpu_dm_update_connector_after_detect] DCHPD: connector_id=0: Old sink=0000000000000000 New sink=000000006e0fb566
[    1.139113] amdgpu 0000:04:00.0: [drm:drm_dp_dpcd_probe] AMDGPU DM aux hw bus 0: 0x00000 AUX -> (ret=  1) 11
[    1.139396] amdgpu 0000:04:00.0: [drm:drm_dp_dpcd_read] AMDGPU DM aux hw bus 0: 0x03000 AUX -> (ret=  1) 00
[    1.139400] [drm:update_display_info] Supported Monitor Refresh rate range is 0 Hz - 0 Hz
[    1.139402] [drm:update_display_info] eDP-1: Assigning EDID-1.4 digital sink color depth as 8 bpc.
[    1.139404] [drm:drm_mode_object_put] OBJ ID: 83 (1)
[    1.139688] amdgpu 0000:04:00.0: [drm:drm_dp_dpcd_probe] AMDGPU DM aux hw bus 0: 0x00000 AUX -> (ret=  1) 11
[    1.139971] amdgpu 0000:04:00.0: [drm:drm_dp_dpcd_read] AMDGPU DM aux hw bus 0: 0x00007 AUX -> (ret=  1) 40
[    1.140023] [drm:dm_hw_init] DM: Registered Backlight device: amdgpu_bl0
[    1.140026] [drm] PSR support 0, DC PSR ver -1, sink PSR ver 0 DPCD caps 0x0 su_y_granularity 0
[    1.140030] [drm:update_display_info] Supported Monitor Refresh rate range is 0 Hz - 0 Hz
[    1.140032] [drm:update_display_info] eDP-1: Assigning EDID-1.4 digital sink color depth as 8 bpc.
[    1.140034] [drm:_drm_edid_connector_update] ELD monitor
[    1.140036] [drm:_drm_edid_connector_update] ELD size 20, SAD count 0
[    1.140335] amdgpu 0000:04:00.0: [drm:drm_dp_dpcd_probe] AMDGPU DM aux hw bus 0: 0x00000 AUX -> (ret=  1) 11
[    1.140617] amdgpu 0000:04:00.0: [drm:drm_dp_dpcd_read] AMDGPU DM aux hw bus 0: 0x00007 AUX -> (ret=  1) 40
[    1.140629] [drm:dm_hw_init] amdgpu_dm_connector_init()
[    1.140688] [drm:dc_link_detect] link=1, dc_sink_in=0000000000000000 is now Disconnected prev_sink=0000000000000000 edid same=0
[    1.140691] [drm:amdgpu_dm_update_connector_after_detect] DCHPD: connector_id=1: dc_sink didn't change.
[    1.140698] [drm:dm_hw_init] amdgpu_dm_connector_init()
[    1.140790] [drm] DP Alt mode state on HPD: 1
[    1.146056] amdgpu 0000:04:00.0: [drm:drm_dp_dpcd_probe] AMDGPU DM aux hw bus 2: 0x00000 AUX -> (ret=  1) 12
[    1.146681] amdgpu 0000:04:00.0: [drm:drm_dp_dpcd_read] AMDGPU DM aux hw bus 2: 0xf0000 AUX -> (ret=  8) 00 00 00 00 00 00 00 00
[    1.147223] amdgpu 0000:04:00.0: [drm:drm_dp_dpcd_probe] AMDGPU DM aux hw bus 2: 0x00000 AUX -> (ret=  1) 12
[    1.147781] amdgpu 0000:04:00.0: [drm:drm_dp_dpcd_read] AMDGPU DM aux hw bus 2: 0xe000d AUX -> (ret=  3) 00 00 00
[    1.148321] amdgpu 0000:04:00.0: [drm:drm_dp_dpcd_probe] AMDGPU DM aux hw bus 2: 0x00000 AUX -> (ret=  1) 12
[    1.148887] amdgpu 0000:04:00.0: [drm:drm_dp_dpcd_read] AMDGPU DM aux hw bus 2: 0xe001b AUX -> (ret=  5) 00 00 00 00 00
[    1.149427] amdgpu 0000:04:00.0: [drm:drm_dp_dpcd_probe] AMDGPU DM aux hw bus 2: 0x00000 AUX -> (ret=  1) 12
[    1.149957] amdgpu 0000:04:00.0: [drm:drm_dp_dpcd_read] AMDGPU DM aux hw bus 2: 0x00600 AUX -> (ret=  1) 02
[    1.151498] amdgpu 0000:04:00.0: [drm:drm_dp_dpcd_probe] AMDGPU DM aux hw bus 2: 0x00000 AUX -> (ret=  1) 12
[    1.152063] amdgpu 0000:04:00.0: [drm:drm_dp_dpcd_read] AMDGPU DM aux hw bus 2: 0x00300 AUX -> (ret=  3) 00 00 1a
[    1.152674] amdgpu 0000:04:00.0: [drm:drm_dp_dpcd_write] AMDGPU DM aux hw bus 2: 0x00303 AUX <- (ret=  9) 06 15 00 00 00 00 19 00 00
[    1.153216] amdgpu 0000:04:00.0: [drm:drm_dp_dpcd_write] AMDGPU DM aux hw bus 2: 0x00340 AUX <- (ret=  1) 50
[    1.186136] amdgpu 0000:04:00.0: [drm:drm_dp_dpcd_probe] AMDGPU DM aux hw bus 2: 0x00000 AUX -> (ret=  1) 12
[    1.186824] amdgpu 0000:04:00.0: [drm:drm_dp_dpcd_read] AMDGPU DM aux hw bus 2: 0x00000 AUX -> (ret= 16) 12 14 c2 81 01 1b 01 81 38 2d 04 00 00 00 84 00
[    1.187371] amdgpu 0000:04:00.0: [drm:drm_dp_dpcd_probe] AMDGPU DM aux hw bus 2: 0x00000 AUX -> (ret=  1) 12
[    1.188041] amdgpu 0000:04:00.0: [drm:drm_dp_dpcd_read] AMDGPU DM aux hw bus 2: 0x02200 AUX -> (ret= 16) 14 1e c2 81 01 1b 01 81 38 2d 04 00 00 00 84 00
[    1.188571] amdgpu 0000:04:00.0: [drm:drm_dp_dpcd_probe] AMDGPU DM aux hw bus 2: 0x00000 AUX -> (ret=  1) 12
[    1.189100] amdgpu 0000:04:00.0: [drm:drm_dp_dpcd_read] AMDGPU DM aux hw bus 2: 0x02210 AUX -> (ret=  1) 08
[    1.189630] amdgpu 0000:04:00.0: [drm:drm_dp_dpcd_probe] AMDGPU DM aux hw bus 2: 0x00000 AUX -> (ret=  1) 12
[    1.190232] amdgpu 0000:04:00.0: [drm:drm_dp_dpcd_read] AMDGPU DM aux hw bus 2: 0x00500 AUX -> (ret=  9) 00 e0 4c 44 70 31 2e 32 00
[    1.190763] amdgpu 0000:04:00.0: [drm:drm_dp_dpcd_probe] AMDGPU DM aux hw bus 2: 0x00000 AUX -> (ret=  1) 12
[    1.191302] amdgpu 0000:04:00.0: [drm:drm_dp_dpcd_read] AMDGPU DM aux hw bus 2: 0x00000 AUX -> (ret=  1) 12
[    1.191842] amdgpu 0000:04:00.0: [drm:drm_dp_dpcd_probe] AMDGPU DM aux hw bus 2: 0x00000 AUX -> (ret=  1) 12
[    1.192371] amdgpu 0000:04:00.0: [drm:drm_dp_dpcd_read] AMDGPU DM aux hw bus 2: 0x00021 AUX -> (ret=  1) 00
[    1.192375] SRINI----- custom's print from file drivers/gpu/drm/amd/amdgpu/../display/dc/core/dc_link_dp.c from func get_active_converter_info : 4821  DOWNSTREAM_VGA link->dpcd_caps.dongle_type = DISPLAY_DONGLE_DP_VGA_CONVERTER = 1
[    1.192904] amdgpu 0000:04:00.0: [drm:drm_dp_dpcd_probe] AMDGPU DM aux hw bus 2: 0x00000 AUX -> (ret=  1) 12
[    1.193569] amdgpu 0000:04:00.0: [drm:drm_dp_dpcd_read] AMDGPU DM aux hw bus 2: 0x00080 AUX -> (ret= 16) 09 1e 00 00 00 00 00 00 00 00 00 00 00 00 00 00
[    1.193572] SRINI----- custom's print from func get_active_converter_info : 4850  DOWN_STREAM_DETAILED_VGA  link->dpcd_caps.dongle_type = DISPLAY_DONGLE_DP_VGA_CONVERTER = 1
[    1.194110] amdgpu 0000:04:00.0: [drm:drm_dp_dpcd_probe] AMDGPU DM aux hw bus 2: 0x00000 AUX -> (ret=  1) 12
[    1.194663] amdgpu 0000:04:00.0: [drm:drm_dp_dpcd_read] AMDGPU DM aux hw bus 2: 0x00509 AUX -> (ret=  3) 00 00 00
[    1.195192] amdgpu 0000:04:00.0: [drm:drm_dp_dpcd_probe] AMDGPU DM aux hw bus 2: 0x00000 AUX -> (ret=  1) 12
[    1.195819] amdgpu 0000:04:00.0: [drm:drm_dp_dpcd_read] AMDGPU DM aux hw bus 2: 0x000a3 AUX -> (ret= 12) 00 00 00 00 00 00 00 00 00 00 00 00
[    1.195822] [drm:get_active_converter_info] DFP capability extension is read at link 2
[    1.195827] [drm:get_active_converter_info]  dfp_cap_ext.supported = false
[    1.195829] [drm:get_active_converter_info]  dfp_cap_ext.max_pixel_rate_in_mps = 0
[    1.195832] [drm:get_active_converter_info]  dfp_cap_ext.max_video_h_active_width = 0
[    1.195834] [drm:get_active_converter_info]  dfp_cap_ext.max_video_v_active_height = 0
[    1.196364] amdgpu 0000:04:00.0: [drm:drm_dp_dpcd_probe] AMDGPU DM aux hw bus 2: 0x00000 AUX -> (ret=  1) 12
[    1.196893] amdgpu 0000:04:00.0: [drm:drm_dp_dpcd_read] AMDGPU DM aux hw bus 2: 0x00200 AUX -> (ret=  1) 41
[    1.197423] amdgpu 0000:04:00.0: [drm:drm_dp_dpcd_probe] AMDGPU DM aux hw bus 2: 0x00000 AUX -> (ret=  1) 12
[    1.198026] amdgpu 0000:04:00.0: [drm:drm_dp_dpcd_read] AMDGPU DM aux hw bus 2: 0x00400 AUX -> (ret=  9) 00 00 00 00 00 00 00 00 00
[    1.198556] amdgpu 0000:04:00.0: [drm:drm_dp_dpcd_probe] AMDGPU DM aux hw bus 2: 0x00000 AUX -> (ret=  1) 12
[    1.199109] amdgpu 0000:04:00.0: [drm:drm_dp_dpcd_read] AMDGPU DM aux hw bus 2: 0x00409 AUX -> (ret=  3) 00 00 00
[    1.199638] amdgpu 0000:04:00.0: [drm:drm_dp_dpcd_probe] AMDGPU DM aux hw bus 2: 0x00000 AUX -> (ret=  1) 12
[    1.200168] amdgpu 0000:04:00.0: [drm:drm_dp_dpcd_read] AMDGPU DM aux hw bus 2: 0x00090 AUX -> (ret=  1) 00
[    1.200697] amdgpu 0000:04:00.0: [drm:drm_dp_dpcd_probe] AMDGPU DM aux hw bus 2: 0x00000 AUX -> (ret=  1) 12
[    1.201360] amdgpu 0000:04:00.0: [drm:drm_dp_dpcd_read] AMDGPU DM aux hw bus 2: 0x00060 AUX -> (ret= 16) 00 00 00 00 00 00 00 00 00 00 00 00 00 00 00 00
[    1.201897] amdgpu 0000:04:00.0: [drm:drm_dp_dpcd_probe] AMDGPU DM aux hw bus 2: 0x00000 AUX -> (ret=  1) 12
[    1.202461] amdgpu 0000:04:00.0: [drm:drm_dp_dpcd_read] AMDGPU DM aux hw bus 2: 0x000a0 AUX -> (ret=  3) 00 00 00
[    1.202470] [drm:retrieve_link_cap] DSC branch decoder capability is read at link 2
[    1.202477] [drm:retrieve_link_cap]  BRANCH_OVERALL_THROUGHPUT_0 = 0x00
[    1.202484] [drm:retrieve_link_cap]  BRANCH_OVERALL_THROUGHPUT_1 = 0x00
[    1.202490] [drm:retrieve_link_cap]  BRANCH_MAX_LINE_WIDTH 0x00
[    1.203030] amdgpu 0000:04:00.0: [drm:drm_dp_dpcd_probe] AMDGPU DM aux hw bus 2: 0x00000 AUX -> (ret=  1) 12
[    1.203560] amdgpu 0000:04:00.0: [drm:drm_dp_dpcd_read] AMDGPU DM aux hw bus 2: 0x00317 AUX -> (ret=  1) 00
[    1.204089] amdgpu 0000:04:00.0: [drm:drm_dp_dpcd_probe] AMDGPU DM aux hw bus 2: 0x00000 AUX -> (ret=  1) 12
[    1.204618] amdgpu 0000:04:00.0: [drm:drm_dp_dpcd_read] AMDGPU DM aux hw bus 2: 0x02217 AUX -> (ret=  1) 00
[    1.205372] [drm:retrieve_link_cap] Rx Caps:
[    1.205375] SRINI----- custom's print from func is_dp_active_dongle : 4698  DISPLAY_DONGLE_DP_VGA_CONVERTER
[    1.214871] [drm:update_display_info] Supported Monitor Refresh rate range is 0 Hz - 0 Hz
[    1.214875] [drm:update_display_info] DP-1: Assigning EDID-1.4 digital sink color depth as 8 bpc.
[    1.214883] [drm:drm_edid_to_sad] Found 0 Short Audio Descriptors
[    1.215412] amdgpu 0000:04:00.0: [drm:drm_dp_dpcd_probe] AMDGPU DM aux hw bus 2: 0x00000 AUX -> (ret=  1) 12
[    1.215941] amdgpu 0000:04:00.0: [drm:drm_dp_dpcd_read] AMDGPU DM aux hw bus 2: 0x00201 AUX -> (ret=  1) 00
[    1.216471] amdgpu 0000:04:00.0: [drm:drm_dp_dpcd_probe] AMDGPU DM aux hw bus 2: 0x00000 AUX -> (ret=  1) 12
[    1.217894] amdgpu 0000:04:00.0: [drm:drm_dp_dpcd_read] AMDGPU DM aux hw bus 2: 0x00218 AUX -> (ret=  1) 00
[    1.217904] amdgpu 0000:04:00.0: [drm:drm_dp_send_real_edid_checksum] AMDGPU DM aux hw bus 2: Source DUT does not support TEST_EDID_READ
[    1.218444] amdgpu 0000:04:00.0: [drm:drm_dp_dpcd_probe] AMDGPU DM aux hw bus 2: 0x00000 AUX -> (ret=  1) 12
[    1.219001] amdgpu 0000:04:00.0: [drm:drm_dp_dpcd_read] AMDGPU DM aux hw bus 2: 0x6921d AUX -> (ret=  3) 00 00 00
[    1.219004] SRINI----- custom's print from file drivers/gpu/drm/amd/amdgpu/../display/dc/hdcp/hdcp_msg.c from func get_protection_properties_by_signal : 343  DISPLAY_DONGLE_DP_VGA_CONVERTER
[    1.219007] [drm:dc_link_detect] HP E243: [Block 0]
[    1.219009] [drm:dc_link_detect] detect_link_and_local_sink: manufacturer_id = E22, product_id = 346A, serial_number = 1010101, manufacture_week = 28, manufacture_year = 28, display_name = HP E243, speaker_flag = 0, audio_mode_count = 0
[    1.219013] [drm:dc_link_detect] link=2, dc_sink_in=0000000061e5668f is now Connected prev_sink=0000000000000000 edid same=0
[    1.219065] [drm:dcn31_link_encoder_disable_output] dcn31_link_encoder_disable_output: enc_id(2)
[    1.219085] [drm:dcn31_link_encoder_enable_dp_output] dcn31_link_encoder_enable_dp_output: enc_id(2)
[    1.220916] amdgpu 0000:04:00.0: [drm:drm_dp_dpcd_write] AMDGPU DM aux hw bus 2: 0x00600 AUX <- (ret=  1) 01
[    1.221446] amdgpu 0000:04:00.0: [drm:drm_dp_dpcd_probe] AMDGPU DM aux hw bus 2: 0x00000 AUX -> (ret=  1) 12
[    1.221987] amdgpu 0000:04:00.0: [drm:drm_dp_dpcd_read] AMDGPU DM aux hw bus 2: 0x0000e AUX -> (ret=  1) 84
[    1.222517] amdgpu 0000:04:00.0: [drm:drm_dp_dpcd_probe] AMDGPU DM aux hw bus 2: 0x00000 AUX -> (ret=  1) 12
[    1.223047] amdgpu 0000:04:00.0: [drm:drm_dp_dpcd_read] AMDGPU DM aux hw bus 2: 0x0000e AUX -> (ret=  1) 84
[    1.223577] amdgpu 0000:04:00.0: [drm:drm_dp_dpcd_write] AMDGPU DM aux hw bus 2: 0x00102 AUX <- (ret=  1) 00
[    1.224107] amdgpu 0000:04:00.0: [drm:drm_dp_dpcd_probe] AMDGPU DM aux hw bus 2: 0x00000 AUX -> (ret=  1) 12
