    +----------------------------------------------------------------------+
    ¦                 • MobaXterm Personal Edition v21.5 •                 ¦
    ¦               (SSH client, X server and network tools)               ¦
    ¦                                                                      ¦
    ¦ ? SSH session to srishanm@10.138.129.9                               ¦
    ¦   • Direct SSH      :  ?                                             ¦
    ¦   • SSH compression :  ?                                             ¦
    ¦   • SSH-browser     :  ?                                             ¦
    ¦   • X11-forwarding  :  ?  (remote display is forwarded through SSH)  ¦
    ¦                                                                      ¦
    ¦ ? For more info, ctrl+click on help or visit our website.            ¦
    +----------------------------------------------------------------------+

Welcome to Ubuntu 20.04.4 LTS (GNU/Linux 5.15.0-56-generic x86_64)

 * Documentation:  https://help.ubuntu.com
 * Management:     https://landscape.canonical.com
 * Support:        https://ubuntu.com/advantage

108 updates can be applied immediately.
To see these additional updates run: apt list --upgradable

New release '22.04.1 LTS' available.
Run 'do-release-upgrade' to upgrade to it.

Your Hardware Enablement Stack (HWE) is supported until April 2025.
*** System restart required ***
Last login: Mon Feb 13 14:33:50 2023 from 10.136.38.122
srishanm@TRX40-1:~$ ssh root@10.136.9.122
Password:
localhost ~ # cd /
localhost / # dmesg -w
[    0.000000] Linux version 5.15.89-15899-g3f5b246a25a2-dirty (srishanm@TRX40-1) (Chromium OS 15.0_pre465103_p20220825-r3 clang version 15.0.0 (/var/tmp/portage/sys-devel/llvm-15.0_pre465103_p20220825-r3/work/llvm-15.0_pre465103_p20220825/clang db1978b67431ca3462ad8935bf662c15750b8252), LLD 15.0.0) #64 SMP PREEMPT Wed Feb 8 18:21:47 IST 2023
[    0.000000] Command line: cros_secure console= loglevel=7 init=/sbin/init cros_secure drm.trace=0x106 root=PARTUUID=bdf929fd-305a-4c4b-9749-8752614e538d/PARTNROFF=1 rootwait rw dm_verity.error_behavior=3 dm_verity.max_bios=-1 dm_verity.dev_wait=0 dm="1 vroot none ro 1,0 5324800 verity payload=ROOT_DEV hashtree=HASH_DEV hashstart=5324800 alg=sha256 root_hexdigest=ddd391d2b48112249bff6272c04a7063386f5f699c7a242cf29f3fb51afcf1c6 salt=2865b5e366b3caa615851897e77216f91a279a3d71f783fdea545e6130252497" noinitrd cros_debug vt.global_cursor_default=0 kern_guid=bdf929fd-305a-4c4b-9749-8752614e538d add_efi_memmap boot=local noresume noswap i915.modeset=1 amdgpu.abmlevel=0x4 amdgpu.dcfeaturemask=0x8 rtc-cmos.use_acpi_alarm=1 amd-pmc.enable_stb=1 drm.debug=0x1FF log_buf_len=256M
[    0.000000] KERNEL supported cpus:
[    0.000000]   AMD AuthenticAMD
[    0.000000] x86/fpu: Supporting XSAVE feature 0x001: 'x87 floating point registers'
[    0.000000] x86/fpu: Supporting XSAVE feature 0x002: 'SSE registers'
[    0.000000] x86/fpu: Supporting XSAVE feature 0x004: 'AVX registers'
[    0.000000] x86/fpu: xstate_offset[2]:  576, xstate_sizes[2]:  256
[    0.000000] x86/fpu: Enabled xstate features 0x7, context size is 832 bytes, using 'compacted' format.
[    0.000000] signal: max sigframe size: 1776
[    0.000000] BIOS-provided physical RAM map:
[    0.000000] BIOS-e820: [mem 0x0000000000000000-0x0000000000000fff] reserved
[    0.000000] BIOS-e820: [mem 0x0000000000001000-0x000000000009ffff] usable
[    0.000000] BIOS-e820: [mem 0x00000000000a0000-0x00000000000fffff] reserved
[    0.000000] BIOS-e820: [mem 0x0000000000100000-0x0000000001ffffff] usable
[    0.000000] BIOS-e820: [mem 0x0000000002000000-0x0000000002181fff] reserved
[    0.000000] BIOS-e820: [mem 0x0000000002182000-0x00000000b826bfff] usable
[    0.000000] BIOS-e820: [mem 0x00000000b826c000-0x00000000bfffffff] reserved
[    0.000000] BIOS-e820: [mem 0x00000000f8000000-0x00000000fbffffff] reserved
[    0.000000] BIOS-e820: [mem 0x00000000fec10000-0x00000000fec10fff] reserved
[    0.000000] BIOS-e820: [mem 0x00000000fedc2000-0x00000000fedc5fff] reserved
[    0.000000] BIOS-e820: [mem 0x00000000fedc9000-0x00000000fedcafff] reserved
[    0.000000] BIOS-e820: [mem 0x0000000100000000-0x000000023e33ffff] usable
[    0.000000] BIOS-e820: [mem 0x000000023e340000-0x000000023fffffff] reserved
[    0.000000] NX (Execute Disable) protection: active
[    0.000000] SMBIOS 3.0 present.
[    0.000000] DMI:  XXXXXX/XXXXXX, BIOS _XXXXXX
[    0.000000] tsc: Fast TSC calibration using PIT
[    0.000000] tsc: Detected 1197.721 MHz processor
[    0.000316] e820: update [mem 0x00000000-0x00000fff] usable ==> reserved
[    0.000318] e820: remove [mem 0x000a0000-0x000fffff] usable
[    0.000323] last_pfn = 0x23e340 max_arch_pfn = 0x400000000
[    0.000558] x86/PAT: Configuration [0-7]: WB  WC  UC- UC  WB  WP  UC- WT
[    0.000982] last_pfn = 0xb826c max_arch_pfn = 0x400000000
[    0.004112] Using GB pages for direct mapping
[    0.287792] printk: log_buf_len: 268435456 bytes
[    0.287798] printk: early log buf free: 258952(98%)
[    0.287801] ACPI: Early table checksum verification disabled
[    0.287807] ACPI: RSDP 0x00000000000F0000 000024 (v02 COREv4)
[    0.287811] ACPI: XSDT 0x00000000B82840E0 00006C (v01 COREv4 COREBOOT 00000000 CORE 20220331)
[    0.287816] ACPI: FACP 0x00000000B8288870 000114 (v06 COREv4 COREBOOT 00000000 CORE 20220331)
[    0.287821] ACPI: DSDT 0x00000000B8284280 0045ED (v02 COREv4 COREBOOT 00010001 INTL 20220331)
[    0.287823] ACPI: FACS 0x00000000B8284240 000040
[    0.287825] ACPI: FACS 0x00000000B8284240 000040
[    0.287827] ACPI: SSDT 0x00000000B8288990 00324B (v02 COREv4 COREBOOT 0000002A CORE 20220331)
[    0.287829] ACPI: MCFG 0x00000000B828BBE0 00003C (v01 COREv4 COREBOOT 00000000 CORE 20220331)
[    0.287831] ACPI: TPM2 0x00000000B828BC20 00004C (v04 COREv4 COREBOOT 00000000 CORE 20220331)
[    0.287833] ACPI: APIC 0x00000000B828BC70 00007E (v03 COREv4 COREBOOT 00000000 CORE 20220331)
[    0.287835] ACPI: SSDT 0x00000000B828BCF0 007D72 (v02 AMD    AmdTable 00000002 MSFT 04000000)
[    0.287837] ACPI: IVRS 0x00000000B8293A70 000186 (v02 COREv4 COREBOOT 00000000 CORE 20220331)
[    0.287839] ACPI: HPET 0x00000000B8293C00 000038 (v01 COREv4 COREBOOT 00000000 CORE 20220331)
[    0.287842] ACPI: VFCT 0x00000000B8293C40 00AE69 (v01 COREv4 COREBOOT 00000000 CORE 20220331)
[    0.287843] ACPI: Reserving FACP table memory at [mem 0xb8288870-0xb8288983]
[    0.287845] ACPI: Reserving DSDT table memory at [mem 0xb8284280-0xb828886c]
[    0.287846] ACPI: Reserving FACS table memory at [mem 0xb8284240-0xb828427f]
[    0.287847] ACPI: Reserving FACS table memory at [mem 0xb8284240-0xb828427f]
[    0.287848] ACPI: Reserving SSDT table memory at [mem 0xb8288990-0xb828bbda]
[    0.287849] ACPI: Reserving MCFG table memory at [mem 0xb828bbe0-0xb828bc1b]
[    0.287850] ACPI: Reserving TPM2 table memory at [mem 0xb828bc20-0xb828bc6b]
[    0.287850] ACPI: Reserving APIC table memory at [mem 0xb828bc70-0xb828bced]
[    0.287851] ACPI: Reserving SSDT table memory at [mem 0xb828bcf0-0xb8293a61]
[    0.287852] ACPI: Reserving IVRS table memory at [mem 0xb8293a70-0xb8293bf5]
[    0.287853] ACPI: Reserving HPET table memory at [mem 0xb8293c00-0xb8293c37]
[    0.287854] ACPI: Reserving VFCT table memory at [mem 0xb8293c40-0xb829eaa8]
[    0.287885] Zone ranges:
[    0.287886]   DMA      [mem 0x0000000000001000-0x0000000000ffffff]
[    0.287887]   DMA32    [mem 0x0000000001000000-0x00000000ffffffff]
[    0.287889]   Normal   [mem 0x0000000100000000-0x000000023e33ffff]
[    0.287890] Movable zone start for each node
[    0.287891] Early memory node ranges
[    0.287892]   node   0: [mem 0x0000000000001000-0x000000000009ffff]
[    0.287893]   node   0: [mem 0x0000000000100000-0x0000000001ffffff]
[    0.287894]   node   0: [mem 0x0000000002182000-0x00000000b826bfff]
[    0.287895]   node   0: [mem 0x0000000100000000-0x000000023e33ffff]
[    0.287897] Initmem setup node 0 [mem 0x0000000000001000-0x000000023e33ffff]
[    0.287904] On node 0, zone DMA: 1 pages in unavailable ranges
[    0.287939] On node 0, zone DMA: 96 pages in unavailable ranges
[    0.294562] On node 0, zone DMA32: 386 pages in unavailable ranges
[    0.306414] On node 0, zone Normal: 32148 pages in unavailable ranges
[    0.306484] On node 0, zone Normal: 7360 pages in unavailable ranges
[    0.306896] ACPI: PM-Timer IO Port: 0x408
[    0.306903] ACPI: LAPIC_NMI (acpi_id[0xff] high edge lint[0x1])
[    0.306916] IOAPIC[0]: apic_id 0, version 33, address 0xfec00000, GSI 0-23
[    0.306922] IOAPIC[1]: apic_id 1, version 33, address 0xfec01000, GSI 24-55
[    0.306923] ACPI: INT_SRC_OVR (bus 0 bus_irq 0 global_irq 2 dfl dfl)
[    0.306926] ACPI: INT_SRC_OVR (bus 0 bus_irq 9 global_irq 9 low level)
[    0.306929] ACPI: Using ACPI (MADT) for SMP configuration information
[    0.306930] ACPI: HPET id: 0x10228201 base: 0xfed00000
[    0.306935] smpboot: Allowing 4 CPUs, 0 hotplug CPUs
[    0.306947] [mem 0xc0000000-0xf7ffffff] available for PCI devices
[    0.306951] clocksource: refined-jiffies: mask: 0xffffffff max_cycles: 0xffffffff, max_idle_ns: 1910969940391419 ns
[    0.311266] setup_percpu: NR_CPUS:64 nr_cpumask_bits:64 nr_cpu_ids:4 nr_node_ids:1
[    0.311537] percpu: Embedded 49 pages/cpu s161304 r8192 d31208 u524288
[    0.311541] pcpu-alloc: s161304 r8192 d31208 u524288 alloc=1*2097152
[    0.311543] pcpu-alloc: [0] 0 1 2 3
[    0.311557] Built 1 zonelists, mobility grouping on.  Total pages: 2024857
[    0.311559] Kernel command line: cros_secure console= loglevel=7 init=/sbin/init cros_secure drm.trace=0x106 root=PARTUUID=bdf929fd-305a-4c4b-9749-8752614e538d/PARTNROFF=1 rootwait rw dm_verity.error_behavior=3 dm_verity.max_bios=-1 dm_verity.dev_wait=0 dm="1 vroot none ro 1,0 5324800 verity payload=ROOT_DEV hashtree=HASH_DEV hashstart=5324800 alg=sha256 root_hexdigest=ddd391d2b48112249bff6272c04a7063386f5f699c7a242cf29f3fb51afcf1c6 salt=2865b5e366b3caa615851897e77216f91a279a3d71f783fdea545e6130252497" noinitrd cros_debug vt.global_cursor_default=0 kern_guid=bdf929fd-305a-4c4b-9749-8752614e538d add_efi_memmap boot=local noresume noswap i915.modeset=1 amdgpu.abmlevel=0x4 amdgpu.dcfeaturemask=0x8 rtc-cmos.use_acpi_alarm=1 amd-pmc.enable_stb=1 drm.debug=0x1FF log_buf_len=256M
[    0.311738] Unknown kernel command line parameters "cros_secure cros_debug noresume noswap dm=1 vroot none ro 1,0 5324800 verity payload=ROOT_DEV hashtree=HASH_DEV hashstart=5324800 alg=sha256 root_hexdigest=ddd391d2b48112249bff6272c04a7063386f5f699c7a242cf29f3fb51afcf1c6 salt=2865b5e366b3caa615851897e77216f91a279a3d71f783fdea545e6130252497 boot=local", will be passed to user space.
[    0.312627] Dentry cache hash table entries: 1048576 (order: 11, 8388608 bytes, linear)
[    0.313122] Inode-cache hash table entries: 524288 (order: 10, 4194304 bytes, linear)
[    0.313370] mem auto-init: stack:all(zero), heap alloc:off, heap free:off
[    0.349346] Memory: 6794540K/8228644K available (18442K kernel code, 2430K rwdata, 9892K rodata, 1840K init, 2940K bss, 1433844K reserved, 0K cma-reserved)
[    0.358016] SLUB: HWalign=64, Order=0-3, MinObjects=0, CPUs=4, Nodes=1
[    0.358363] ftrace: allocating 56387 entries in 221 pages
[    0.373370] ftrace: allocated 221 pages with 6 groups
[    0.374397] rcu: Preemptible hierarchical RCU implementation.
[    0.374398] rcu:     RCU restricting CPUs from NR_CPUS=64 to nr_cpu_ids=4.
[    0.374400]  Trampoline variant of Tasks RCU enabled.
[    0.374401]  Rude variant of Tasks RCU enabled.
[    0.374401]  Tracing variant of Tasks RCU enabled.
[    0.374402] rcu: RCU calculated value of scheduler-enlistment delay is 100 jiffies.
[    0.374403] rcu: Adjusting geometry for rcu_fanout_leaf=16, nr_cpu_ids=4
[    0.387472] NR_IRQS: 4352, nr_irqs: 1000, preallocated irqs: 16
[    0.387741] rcu:     Note: kernel parameter 'rcu_nocbs=', 'nohz_full', or 'isolcpus=' contains nonexistent CPUs.
[    0.387742] rcu:     Offload RCU callbacks from CPUs: 0-3.
[    0.387812] kfence: initialized - using 2097152 bytes for 255 objects at 0x(____ptrval____)-0x(____ptrval____)
[    0.388108] random: crng init done
[    0.388129] Console: colour dummy device 80x25
[    0.388136] ACPI: Core revision 20210730
[    0.388234] clocksource: hpet: mask: 0xffffffff max_cycles: 0xffffffff, max_idle_ns: 133484873504 ns
[    0.388254] APIC: Switch to symmetric I/O mode setup
[    0.388961] AMD-Vi: ivrs, add hid:AMDI0040, uid:, rdevid:152
[    0.390044] ..TIMER: vector=0x30 apic1=0 pin1=2 apic2=-1 pin2=-1
[    0.394259] clocksource: tsc-early: mask: 0xffffffffffffffff max_cycles: 0x1143b2dabc7, max_idle_ns: 440795250543 ns
[    0.394263] Calibrating delay loop (skipped), value calculated using timer frequency.. 2395.44 BogoMIPS (lpj=1197721)
[    0.394265] pid_max: default: 32768 minimum: 301
[    0.394280] LSM: Security Framework initializing
[    0.394288] landlock: Up and running.
[    0.394289] Yama: becoming mindful.
[    0.394293] LoadPin: ready to pin (currently enforcing)
[    0.394296] Chromium OS LSM: enabled
[    0.394296] SELinux:  Initializing.
[    0.394334] Mount-cache hash table entries: 16384 (order: 5, 131072 bytes, linear)
[    0.394349] Mountpoint-cache hash table entries: 16384 (order: 5, 131072 bytes, linear)
[    0.394540] x86/cpu: User Mode Instruction Prevention (UMIP) activated
[    0.394817] LVT offset 1 assigned for vector 0xf9
[    0.394883] LVT offset 2 assigned for vector 0xf4
[    0.394897] Last level iTLB entries: 4KB 1024, 2MB 1024, 4MB 512
[    0.394898] Last level dTLB entries: 4KB 2048, 2MB 2048, 4MB 1024, 1GB 0
[    0.394900] Spectre V1 : Mitigation: usercopy/swapgs barriers and __user pointer sanitization
[    0.394906] Spectre V2 : Mitigation: Retpolines
[    0.394907] Spectre V2 : Spectre v2 / SpectreRSB mitigation: Filling RSB on context switch
[    0.394908] Spectre V2 : Spectre v2 / SpectreRSB : Filling RSB on VMEXIT
[    0.394908] Spectre V2 : Enabling Speculation Barrier for firmware calls
[    0.394909] RETBleed: Mitigation: untrained return thunk
[    0.394913] Spectre V2 : mitigation: Enabling conditional Indirect Branch Prediction Barrier
[    0.394917] Speculative Store Bypass: Mitigation: Speculative Store Bypass disabled via prctl and seccomp
[    0.402441] Freeing SMP alternatives memory: 36K
[    0.505422] smpboot: CPU0: AMD Ryzen 3 7320Ce with Radeon Graphics (family: 0x17, model: 0xa0, stepping: 0x0)
[    0.505587] Performance Events: Fam17h+ core perfctr, AMD PMU driver.
[    0.505593] ... version:                0
[    0.505594] ... bit width:              48
[    0.505595] ... generic registers:      6
[    0.505595] ... value mask:             0000ffffffffffff
[    0.505596] ... max period:             00007fffffffffff
[    0.505597] ... fixed-purpose events:   0
[    0.505598] ... event mask:             000000000000003f
[    0.505655] rcu: Hierarchical SRCU implementation.
[    0.505994] MCE: In-kernel MCE decoding enabled.
[    0.506031] NMI watchdog: Enabled. Permanently consumes one hw-PMU counter.
[    0.506075] smp: Bringing up secondary CPUs ...
[    0.506155] x86: Booting SMP configuration:
[    0.506156] .... node  #0, CPUs:      #1
[    0.002496] rdrand: disabled
[    0.507366]  #2 #3
[    0.509314] smp: Brought up 1 node, 4 CPUs
[    0.509314] smpboot: Max logical packages: 1
[    0.509314] smpboot: Total of 4 processors activated (9581.76 BogoMIPS)
[    0.510549] devtmpfs: initialized
[    0.510549] clocksource: jiffies: mask: 0xffffffff max_cycles: 0xffffffff, max_idle_ns: 1911260446275000 ns
[    0.510549] futex hash table entries: 1024 (order: 4, 65536 bytes, linear)
[    0.510549] pinctrl core: initialized pinctrl subsystem
[    0.510549] PM: RTC time: 09:06:07, date: 2023-02-13
[    0.511324] NET: Registered PF_NETLINK/PF_ROUTE protocol family
[    0.511474] audit: initializing netlink subsys (disabled)
[    0.511488] audit: type=2000 audit(1676279167.122:1): state=initialized audit_enabled=0 res=1
[    0.511488] thermal_sys: Registered thermal governor 'bang_bang'
[    0.511488] thermal_sys: Registered thermal governor 'step_wise'
[    0.511488] cpuidle: using governor ladder
[    0.511488] cpuidle: using governor menu
[    0.511488] NET: Registered PF_QIPCRTR protocol family
[    0.511488] ACPI: bus type PCI registered
[    0.511488] PCI: MMCONFIG for domain 0000 [bus 00-3f] at [mem 0xf8000000-0xfbffffff] (base 0xf8000000)
[    0.511488] PCI: MMCONFIG at [mem 0xf8000000-0xfbffffff] reserved in E820
[    0.511488] PCI: Using configuration type 1 for base access
[    0.514300] Kprobes globally optimized
[    0.514312] cryptd: max_cpu_qlen set to 1000
[    0.514312] ACPI: Added _OSI(Module Device)
[    0.514312] ACPI: Added _OSI(Processor Device)
[    0.514312] ACPI: Added _OSI(3.0 _SCP Extensions)
[    0.514312] ACPI: Added _OSI(Processor Aggregator Device)
[    0.514312] ACPI: Added _OSI(Linux-Dell-Video)
[    0.514312] ACPI: Added _OSI(Linux-Lenovo-NV-HDMI-Audio)
[    0.514312] ACPI: Added _OSI(Linux-HPI-Hybrid-Graphics)
[    0.518840] ACPI: 3 ACPI AML tables successfully acquired and loaded
[    0.520266] ACPI: EC: EC started
[    0.520268] ACPI: EC: interrupt blocked
[    0.528722] ACPI: EC: EC_CMD/EC_SC=0x66, EC_DATA=0x62
[    0.528724] ACPI: \_SB_.PCI0.LPCB.EC0_: Boot DSDT EC used to handle transactions
[    0.528726] ACPI: Interpreter enabled
[    0.528736] ACPI: PM: (supports S0 S1 S5)
[    0.528737] ACPI: Using IOAPIC for interrupt routing
[    0.528748] PCI: Using host bridge windows from ACPI; if necessary, use "pci=nocrs" and report a bug
[    0.529477] ACPI: PM: Power Resource [AOAC]
[    0.529582] ACPI: PM: Power Resource [AOAC]
[    0.529672] ACPI: PM: Power Resource [PR01]
[    0.534507] ACPI: PM: Power Resource [AOAC]
[    0.534702] ACPI: PM: Power Resource [AOAC]
[    0.534882] ACPI: PM: Power Resource [AOAC]
[    0.535064] ACPI: PM: Power Resource [AOAC]
[    0.535413] ACPI: PM: Power Resource [AOAC]
[    0.535621] ACPI: PM: Power Resource [PR00]
[    0.560592] ACPI: PM: Power Resource [AOAC]
[    0.563191] ACPI: PM: Power Resource [PR03]
[    0.584679] ACPI: PM: Power Resource [PR02]
[    0.587621] ACPI: PCI: Interrupt link INTA configured for IRQ 0
[    0.587623] ACPI: PCI: Interrupt link INTA disabled
[    0.587677] ACPI: PCI: Interrupt link INTB configured for IRQ 0
[    0.587678] ACPI: PCI: Interrupt link INTB disabled
[    0.587730] ACPI: PCI: Interrupt link INTC configured for IRQ 0
[    0.587731] ACPI: PCI: Interrupt link INTC disabled
[    0.587784] ACPI: PCI: Interrupt link INTD configured for IRQ 0
[    0.587785] ACPI: PCI: Interrupt link INTD disabled
[    0.587837] ACPI: PCI: Interrupt link INTE configured for IRQ 0
[    0.587838] ACPI: PCI: Interrupt link INTE disabled
[    0.587890] ACPI: PCI: Interrupt link INTF configured for IRQ 0
[    0.587891] ACPI: PCI: Interrupt link INTF disabled
[    0.587943] ACPI: PCI: Interrupt link INTG configured for IRQ 0
[    0.587944] ACPI: PCI: Interrupt link INTG disabled
[    0.587997] ACPI: PCI: Interrupt link INTH configured for IRQ 0
[    0.587997] ACPI: PCI: Interrupt link INTH disabled
[    0.588604] ACPI: PCI Root Bridge [PCI0] (domain 0000 [bus 00-3f])
[    0.588609] acpi PNP0A08:00: _OSC: OS supports [ExtendedConfig ASPM ClockPM Segments MSI HPX-Type3]
[    0.588635] acpi PNP0A08:00: _OSC: OS now controls [PCIeHotplug PME AER PCIeCapability LTR]
[    0.588691] PCI host bridge to bus 0000:00
[    0.588693] pci_bus 0000:00: root bus resource [io  0x0000-0x0cf7 window]
[    0.588695] pci_bus 0000:00: root bus resource [io  0x0d00-0xffff window]
[    0.588697] pci_bus 0000:00: root bus resource [mem 0x000a0000-0x000bffff]
[    0.588698] pci_bus 0000:00: root bus resource [mem 0x000c0000-0x000dffff]
[    0.588699] pci_bus 0000:00: root bus resource [mem 0xc0000000-0xf7ffffff]
[    0.588701] pci_bus 0000:00: root bus resource [bus 00-3f]
[    0.588723] pci 0000:00:00.0: [1022:14b5] type 00 class 0x060000
[    0.588817] pci 0000:00:00.2: [1022:14b6] type 00 class 0x080600
[    0.588909] pci 0000:00:01.0: [1022:14b7] type 00 class 0x060000
[    0.588985] pci 0000:00:02.0: [1022:14b7] type 00 class 0x060000
[    0.589073] pci 0000:00:02.1: [1022:14ba] type 01 class 0x060400
[    0.589181] pci 0000:00:02.1: PME# supported from D0 D3hot D3cold
[    0.589308] pci 0000:00:02.2: [1022:14ba] type 01 class 0x060400
[    0.589415] pci 0000:00:02.2: PME# supported from D0 D3hot D3cold
[    0.589534] pci 0000:00:02.3: [1022:14ba] type 01 class 0x060400
[    0.589640] pci 0000:00:02.3: PME# supported from D0 D3hot D3cold
[    0.589750] pci 0000:00:08.0: [1022:14b7] type 00 class 0x060000
[    0.589832] pci 0000:00:08.1: [1022:14b9] type 01 class 0x060400
[    0.589859] pci 0000:00:08.1: enabling Extended Tags
[    0.589903] pci 0000:00:08.1: PME# supported from D0 D3hot D3cold
[    0.589998] pci 0000:00:08.3: [1022:14b9] type 01 class 0x060400
[    0.590025] pci 0000:00:08.3: enabling Extended Tags
[    0.590071] pci 0000:00:08.3: PME# supported from D0 D3hot D3cold
[    0.590174] pci 0000:00:14.0: [1022:790b] type 00 class 0x0c0500
[    0.590306] pci 0000:00:14.3: [1022:790e] type 00 class 0x060100
[    0.590448] pci 0000:00:18.0: [1022:1724] type 00 class 0x060000
[    0.590513] pci 0000:00:18.1: [1022:1725] type 00 class 0x060000
[    0.590577] pci 0000:00:18.2: [1022:1726] type 00 class 0x060000
[    0.590651] pci 0000:00:18.3: [1022:1727] type 00 class 0x060000
[    0.590717] pci 0000:00:18.4: [1022:1728] type 00 class 0x060000
[    0.590779] pci 0000:00:18.5: [1022:1729] type 00 class 0x060000
[    0.590844] pci 0000:00:18.6: [1022:172a] type 00 class 0x060000
[    0.590908] pci 0000:00:18.7: [1022:172b] type 00 class 0x060000
[    0.591026] pci 0000:01:00.0: [10ec:c852] type 00 class 0x028000
[    0.591043] pci 0000:01:00.0: reg 0x10: [io  0x1000-0x10ff]
[    0.591066] pci 0000:01:00.0: reg 0x18: [mem 0xd0600000-0xd06fffff 64bit]
[    0.591171] pci 0000:01:00.0: PME# supported from D0 D3hot D3cold
[    0.591295] pci 0000:00:02.1: PCI bridge to [bus 01]
[    0.591299] pci 0000:00:02.1:   bridge window [io  0x1000-0x1fff]
[    0.591303] pci 0000:00:02.1:   bridge window [mem 0xd0600000-0xd06fffff]
[    0.591508] pci 0000:02:00.0: [17a0:9750] type 00 class 0x080501
[    0.591582] pci 0000:02:00.0: reg 0x10: [mem 0xd0700000-0xd0700fff]
[    0.592007] pci 0000:02:00.0: supports D1 D2
[    0.592009] pci 0000:02:00.0: PME# supported from D1 D2 D3hot D3cold
[    0.592274] pci 0000:00:02.2: PCI bridge to [bus 02]
[    0.592280] pci 0000:00:02.2:   bridge window [mem 0xd0700000-0xd07fffff]
[    0.592477] pci 0000:03:00.0: [1d97:2263] type 00 class 0x010802
[    0.592499] pci 0000:03:00.0: reg 0x10: [mem 0xd0800000-0xd0803fff 64bit]
[    0.592669] pci 0000:03:00.0: 15.752 Gb/s available PCIe bandwidth, limited by 8.0 GT/s PCIe x2 link at 0000:00:02.3 (capable of 31.504 Gb/s with 8.0 GT/s PCIe x4 link)
[    0.592785] pci 0000:00:02.3: PCI bridge to [bus 03]
[    0.592792] pci 0000:00:02.3:   bridge window [mem 0xd0800000-0xd08fffff]
[    0.592848] pci 0000:04:00.0: [1002:1506] type 00 class 0x030000
[    0.592861] pci 0000:04:00.0: reg 0x10: [mem 0xc0000000-0xcfffffff 64bit pref]
[    0.592871] pci 0000:04:00.0: reg 0x18: [mem 0xd0000000-0xd01fffff 64bit pref]
[    0.592877] pci 0000:04:00.0: reg 0x20: [io  0x2000-0x20ff]
[    0.592884] pci 0000:04:00.0: reg 0x24: [mem 0xd0500000-0xd057ffff]
[    0.592894] pci 0000:04:00.0: enabling Extended Tags
[    0.592910] pci 0000:04:00.0: Video device with shadowed ROM at [mem 0x000c0000-0x000dffff]
[    0.592963] pci 0000:04:00.0: PME# supported from D1 D2 D3hot D3cold
[    0.593056] pci 0000:04:00.1: [1002:1640] type 00 class 0x040300
[    0.593067] pci 0000:04:00.1: reg 0x10: [mem 0xd05c0000-0xd05c3fff]
[    0.593102] pci 0000:04:00.1: enabling Extended Tags
[    0.593141] pci 0000:04:00.1: PME# supported from D1 D2 D3hot D3cold
[    0.593204] pci 0000:04:00.2: [1022:1649] type 00 class 0x108000
[    0.593225] pci 0000:04:00.2: reg 0x18: [mem 0xd0200000-0xd02fffff]
[    0.593268] pci 0000:04:00.2: reg 0x24: [mem 0xd05c4000-0xd05c5fff]
[    0.593279] pci 0000:04:00.2: enabling Extended Tags
[    0.593376] pci 0000:04:00.3: [1022:1503] type 00 class 0x0c0330
[    0.593390] pci 0000:04:00.3: reg 0x10: [mem 0xd0300000-0xd03fffff 64bit]
[    0.593420] pci 0000:04:00.3: enabling Extended Tags
[    0.593460] pci 0000:04:00.3: PME# supported from D0 D3hot D3cold
[    0.593539] pci 0000:04:00.4: [1022:1504] type 00 class 0x0c0330
[    0.593552] pci 0000:04:00.4: reg 0x10: [mem 0xd0400000-0xd04fffff 64bit]
[    0.593583] pci 0000:04:00.4: enabling Extended Tags
[    0.593624] pci 0000:04:00.4: PME# supported from D0 D3hot D3cold
[    0.593705] pci 0000:04:00.5: [1022:15e2] type 00 class 0x048000
[    0.593716] pci 0000:04:00.5: reg 0x10: [mem 0xd0580000-0xd05bffff]
[    0.593751] pci 0000:04:00.5: enabling Extended Tags
[    0.593789] pci 0000:04:00.5: PME# supported from D0 D3hot D3cold
[    0.593869] pci 0000:04:00.7: [1022:164a] type 00 class 0x118000
[    0.593885] pci 0000:04:00.7: reg 0x18: [mem 0x00000000-0x000fffff]
[    0.593897] pci 0000:04:00.7: reg 0x24: [mem 0x00000000-0x00001fff]
[    0.593906] pci 0000:04:00.7: enabling Extended Tags
[    0.594032] pci 0000:00:08.1: PCI bridge to [bus 04]
[    0.594036] pci 0000:00:08.1:   bridge window [io  0x2000-0x2fff]
[    0.594038] pci 0000:00:08.1:   bridge window [mem 0xd0200000-0xd05fffff]
[    0.594042] pci 0000:00:08.1:   bridge window [mem 0xc0000000-0xd01fffff 64bit pref]
[    0.594085] pci 0000:05:00.0: [1022:1505] type 00 class 0x0c0330
[    0.594101] pci 0000:05:00.0: reg 0x10: [mem 0xd0900000-0xd09fffff 64bit]
[    0.594135] pci 0000:05:00.0: enabling Extended Tags
[    0.594187] pci 0000:05:00.0: PME# supported from D0 D3hot D3cold
[    0.594282] pci 0000:00:08.3: PCI bridge to [bus 05]
[    0.594288] pci 0000:00:08.3:   bridge window [mem 0xd0900000-0xd09fffff]
[    0.594319] pci_bus 0000:00: on NUMA node 0
[    0.596553] ACPI: EC: interrupt unblocked
[    0.596555] ACPI: EC: event unblocked
[    0.596562] ACPI: EC: EC_CMD/EC_SC=0x66, EC_DATA=0x62
[    0.596563] ACPI: EC: GPE=0x18
[    0.596564] ACPI: \_SB_.PCI0.LPCB.EC0_: Boot DSDT EC initialization complete
[    0.596566] ACPI: \_SB_.PCI0.LPCB.EC0_: EC: Used to handle transactions and events
[    0.596612] iommu: Default domain type: Translated
[    0.596612] iommu: DMA domain TLB invalidation policy: lazy mode
[    0.596612] SCSI subsystem initialized
[    0.596612] ACPI: bus type USB registered
[    0.596612] usbcore: registered new interface driver usbfs
[    0.596612] usbcore: registered new interface driver hub
[    0.596612] usbcore: registered new device driver usb
[    0.598343] i2c_designware AMDI0010:00: GPIO lookup for consumer scl
[    0.598344] i2c_designware AMDI0010:00: using ACPI for GPIO lookup
[    0.598346] acpi AMDI0010:00: GPIO: looking up scl-gpios
[    0.598347] acpi AMDI0010:00: GPIO: looking up scl-gpio
[    0.598348] i2c_designware AMDI0010:00: using lookup tables for GPIO lookup
[    0.598350] i2c_designware AMDI0010:00: No GPIO consumer scl found
[    0.600328] i2c_designware AMDI0010:01: GPIO lookup for consumer scl
[    0.600329] i2c_designware AMDI0010:01: using ACPI for GPIO lookup
[    0.600330] acpi AMDI0010:01: GPIO: looking up scl-gpios
[    0.600331] acpi AMDI0010:01: GPIO: looking up scl-gpio
[    0.600332] i2c_designware AMDI0010:01: using lookup tables for GPIO lookup
[    0.600333] i2c_designware AMDI0010:01: No GPIO consumer scl found
[    0.601337] i2c_designware AMDI0010:02: GPIO lookup for consumer scl
[    0.601340] i2c_designware AMDI0010:02: using ACPI for GPIO lookup
[    0.601341] acpi AMDI0010:02: GPIO: looking up scl-gpios
[    0.601342] acpi AMDI0010:02: GPIO: looking up scl-gpio
[    0.601343] i2c_designware AMDI0010:02: using lookup tables for GPIO lookup
[    0.601343] i2c_designware AMDI0010:02: No GPIO consumer scl found
[    0.603326] i2c_designware AMDI0019:00: I2C bus managed by AMD PSP
[    0.603422] i2c_designware AMDI0019:00: GPIO lookup for consumer scl
[    0.603423] i2c_designware AMDI0019:00: using ACPI for GPIO lookup
[    0.603424] acpi AMDI0019:00: GPIO: looking up scl-gpios
[    0.603425] acpi AMDI0019:00: GPIO: looking up scl-gpio
[    0.603426] i2c_designware AMDI0019:00: using lookup tables for GPIO lookup
[    0.603426] i2c_designware AMDI0019:00: No GPIO consumer scl found
[    0.603495] mc: Linux media interface: v0.10
[    0.603500] videodev: Linux video capture interface: v2.00
[    0.603514] EDAC MC: Ver: 3.0.0
[    0.604305] chromeos_acpi: registering CHSW 0
[    0.604367] chromeos_acpi: registering VBNV 0
[    0.604369] chromeos_acpi: registering VBNV 1
[    0.604501] chromeos_acpi: truncating buffer from 3072 to 1336
[    0.604597] chromeos_acpi: installed
[    0.604616] Advanced Linux Sound Architecture Driver Initialized.
[    0.604736] PCI: Using ACPI for IRQ routing
[    0.607050] PCI: pci_cache_line_size set to 64 bytes
[    0.607281] e820: reserve RAM buffer [mem 0x02000000-0x03ffffff]
[    0.607282] e820: reserve RAM buffer [mem 0xb826c000-0xbbffffff]
[    0.607283] e820: reserve RAM buffer [mem 0x23e340000-0x23fffffff]
[    0.607408] hpet0: at MMIO 0xfed00000, IRQs 2, 8, 0
[    0.607412] hpet0: 3 comparators, 32-bit 14.318180 MHz counter
[    0.609401] clocksource: Switched to clocksource tsc-early
[    0.620834] VFS: Disk quotas dquot_6.6.0
[    0.620865] VFS: Dquot-cache hash table entries: 512 (order 0, 4096 bytes)
[    0.620929] pnp: PnP ACPI init
[    0.621306] system 00:00: [mem 0xfec10000-0xfec10fff] has been reserved
[    0.621310] system 00:00: [mem 0xfec20000-0xfec20fff] has been reserved
[    0.621386] system 00:03: [io  0x0900-0x09fe] has been reserved
[    0.621412] system 00:04: [io  0x0200] has been reserved
[    0.621413] system 00:04: [io  0x0204] has been reserved
[    0.621414] system 00:04: [io  0x0800-0x087f] has been reserved
[    0.621415] system 00:04: [io  0x0880-0x08ff] has been reserved
[    0.622459] pnp: PnP ACPI: found 6 devices
[    0.628809] clocksource: acpi_pm: mask: 0xffffff max_cycles: 0xffffff, max_idle_ns: 2085701024 ns
[    0.628963] NET: Registered PF_INET protocol family
[    0.629175] IP idents hash table entries: 131072 (order: 8, 1048576 bytes, linear)
[    0.630619] tcp_listen_portaddr_hash hash table entries: 4096 (order: 4, 65536 bytes, linear)
[    0.630637] Table-perturb hash table entries: 65536 (order: 6, 262144 bytes, linear)
[    0.630645] TCP established hash table entries: 65536 (order: 7, 524288 bytes, linear)
[    0.630825] TCP bind hash table entries: 65536 (order: 8, 1048576 bytes, linear)
[    0.631068] TCP: Hash tables configured (established 65536 bind 65536)
[    0.631113] UDP hash table entries: 4096 (order: 5, 131072 bytes, linear)
[    0.631143] UDP-Lite hash table entries: 4096 (order: 5, 131072 bytes, linear)
[    0.631223] NET: Registered PF_UNIX/PF_LOCAL protocol family
[    0.631246] pci 0000:00:02.1: bridge window [mem 0x00100000-0x000fffff 64bit pref] to [bus 01] add_size 200000 add_align 100000
[    0.631257] pci 0000:00:02.2: bridge window [io  0x1000-0x0fff] to [bus 02] add_size 1000
[    0.631263] pci 0000:00:02.2: bridge window [mem 0x00100000-0x000fffff 64bit pref] to [bus 02] add_size 200000 add_align 100000
[    0.631270] pci 0000:00:02.3: bridge window [io  0x1000-0x0fff] to [bus 03] add_size 1000
[    0.631275] pci 0000:00:02.3: bridge window [mem 0x00100000-0x000fffff 64bit pref] to [bus 03] add_size 200000 add_align 100000
[    0.631297] pci 0000:00:02.1: BAR 9: assigned [mem 0xd0a00000-0xd0bfffff 64bit pref]
[    0.631304] pci 0000:00:02.2: BAR 9: assigned [mem 0xd0c00000-0xd0dfffff 64bit pref]
[    0.631311] pci 0000:00:02.3: BAR 9: assigned [mem 0xd0e00000-0xd0ffffff 64bit pref]
[    0.631317] pci 0000:00:02.2: BAR 7: assigned [io  0x3000-0x3fff]
[    0.631320] pci 0000:00:02.3: BAR 7: assigned [io  0x4000-0x4fff]
[    0.631326] pci 0000:00:02.1: PCI bridge to [bus 01]
[    0.631330] pci 0000:00:02.1:   bridge window [io  0x1000-0x1fff]
[    0.631336] pci 0000:00:02.1:   bridge window [mem 0xd0600000-0xd06fffff]
[    0.631339] pci 0000:00:02.1:   bridge window [mem 0xd0a00000-0xd0bfffff 64bit pref]
[    0.631344] pci 0000:00:02.2: PCI bridge to [bus 02]
[    0.631345] pci 0000:00:02.2:   bridge window [io  0x3000-0x3fff]
[    0.631349] pci 0000:00:02.2:   bridge window [mem 0xd0700000-0xd07fffff]
[    0.631352] pci 0000:00:02.2:   bridge window [mem 0xd0c00000-0xd0dfffff 64bit pref]
[    0.631357] pci 0000:00:02.3: PCI bridge to [bus 03]
[    0.631358] pci 0000:00:02.3:   bridge window [io  0x4000-0x4fff]
[    0.631362] pci 0000:00:02.3:   bridge window [mem 0xd0800000-0xd08fffff]
[    0.631365] pci 0000:00:02.3:   bridge window [mem 0xd0e00000-0xd0ffffff 64bit pref]
[    0.631372] pci 0000:04:00.7: BAR 2: no space for [mem size 0x00100000]
[    0.631374] pci 0000:04:00.7: BAR 2: failed to assign [mem size 0x00100000]
[    0.631376] pci 0000:04:00.7: BAR 5: assigned [mem 0xd05c6000-0xd05c7fff]
[    0.631384] pci 0000:00:08.1: PCI bridge to [bus 04]
[    0.631386] pci 0000:00:08.1:   bridge window [io  0x2000-0x2fff]
[    0.631389] pci 0000:00:08.1:   bridge window [mem 0xd0200000-0xd05fffff]
[    0.631391] pci 0000:00:08.1:   bridge window [mem 0xc0000000-0xd01fffff 64bit pref]
[    0.631396] pci 0000:00:08.3: PCI bridge to [bus 05]
[    0.631399] pci 0000:00:08.3:   bridge window [mem 0xd0900000-0xd09fffff]
[    0.631406] pci_bus 0000:00: Some PCI device resources are unassigned, try booting with pci=realloc
[    0.631407] pci_bus 0000:00: resource 4 [io  0x0000-0x0cf7 window]
[    0.631409] pci_bus 0000:00: resource 5 [io  0x0d00-0xffff window]
[    0.631410] pci_bus 0000:00: resource 6 [mem 0x000a0000-0x000bffff]
[    0.631411] pci_bus 0000:00: resource 7 [mem 0x000c0000-0x000dffff]
[    0.631412] pci_bus 0000:00: resource 8 [mem 0xc0000000-0xf7ffffff]
[    0.631414] pci_bus 0000:01: resource 0 [io  0x1000-0x1fff]
[    0.631415] pci_bus 0000:01: resource 1 [mem 0xd0600000-0xd06fffff]
[    0.631416] pci_bus 0000:01: resource 2 [mem 0xd0a00000-0xd0bfffff 64bit pref]
[    0.631418] pci_bus 0000:02: resource 0 [io  0x3000-0x3fff]
[    0.631419] pci_bus 0000:02: resource 1 [mem 0xd0700000-0xd07fffff]
[    0.631420] pci_bus 0000:02: resource 2 [mem 0xd0c00000-0xd0dfffff 64bit pref]
[    0.631422] pci_bus 0000:03: resource 0 [io  0x4000-0x4fff]
[    0.631423] pci_bus 0000:03: resource 1 [mem 0xd0800000-0xd08fffff]
[    0.631424] pci_bus 0000:03: resource 2 [mem 0xd0e00000-0xd0ffffff 64bit pref]
[    0.631425] pci_bus 0000:04: resource 0 [io  0x2000-0x2fff]
[    0.631426] pci_bus 0000:04: resource 1 [mem 0xd0200000-0xd05fffff]
[    0.631427] pci_bus 0000:04: resource 2 [mem 0xc0000000-0xd01fffff 64bit pref]
[    0.631429] pci_bus 0000:05: resource 1 [mem 0xd0900000-0xd09fffff]
[    0.631635] pci 0000:04:00.1: D0 power state depends on 0000:04:00.0
[    0.631686] pci 0000:00:08.1: can't derive routing for PCI INT A
[    0.631688] pci 0000:00:08.1: PCI INT A: no GSI
[    0.631906] pci 0000:00:08.3: can't derive routing for PCI INT A
[    0.631908] pci 0000:00:08.3: PCI INT A: no GSI
[    0.631969] PCI: CLS 64 bytes, default 64
[    0.631981] pci 0000:00:00.2: AMD-Vi: IOMMU performance counters supported
[    0.632006] pci 0000:00:00.2: can't derive routing for PCI INT A
[    0.632007] pci 0000:00:00.2: PCI INT A: no GSI
[    0.632028] pci 0000:00:01.0: Adding to iommu group 0
[    0.632046] pci 0000:00:02.0: Adding to iommu group 1
[    0.632058] pci 0000:00:02.1: Adding to iommu group 2
[    0.632069] pci 0000:00:02.2: Adding to iommu group 3
[    0.632080] pci 0000:00:02.3: Adding to iommu group 4
[    0.632096] pci 0000:00:08.0: Adding to iommu group 5
[    0.632106] pci 0000:00:08.1: Adding to iommu group 6
[    0.632117] pci 0000:00:08.3: Adding to iommu group 7
[    0.632132] pci 0000:00:14.0: Adding to iommu group 8
[    0.632140] pci 0000:00:14.3: Adding to iommu group 8
[    0.632167] pci 0000:00:18.0: Adding to iommu group 9
[    0.632176] pci 0000:00:18.1: Adding to iommu group 9
[    0.632184] pci 0000:00:18.2: Adding to iommu group 9
[    0.632193] pci 0000:00:18.3: Adding to iommu group 9
[    0.632201] pci 0000:00:18.4: Adding to iommu group 9
[    0.632210] pci 0000:00:18.5: Adding to iommu group 9
[    0.632219] pci 0000:00:18.6: Adding to iommu group 9
[    0.632228] pci 0000:00:18.7: Adding to iommu group 9
[    0.632239] pci 0000:01:00.0: Adding to iommu group 10
[    0.632250] pci 0000:02:00.0: Adding to iommu group 11
[    0.632262] pci 0000:03:00.0: Adding to iommu group 12
[    0.632285] pci 0000:04:00.0: Adding to iommu group 13
[    0.632295] pci 0000:04:00.1: Adding to iommu group 14
[    0.632306] pci 0000:04:00.2: Adding to iommu group 15
[    0.632318] pci 0000:04:00.3: Adding to iommu group 16
[    0.632330] pci 0000:04:00.4: Adding to iommu group 17
[    0.632343] pci 0000:04:00.5: Adding to iommu group 18
[    0.632354] pci 0000:04:00.7: Adding to iommu group 19
[    0.632366] pci 0000:05:00.0: Adding to iommu group 20
[    0.633867] pci 0000:00:00.2: AMD-Vi: Found IOMMU cap 0x40
[    0.633873] AMD-Vi: Extended features (0x246577efa2254afe): PPR X2APIC NX GT [5] IA GA PC GA_vAPIC
[    0.633879] AMD-Vi: Interrupt remapping enabled
[    0.633880] AMD-Vi: X2APIC enabled
[    0.694922] AMD-Vi: Virtual APIC enabled
[    0.695172] PCI-DMA: Using software bounce buffering for IO (SWIOTLB)
[    0.695175] software IO TLB: mapped [mem 0x00000000b426c000-0x00000000b826c000] (64MB)
[    0.695604] RAPL PMU: API unit is 2^-32 Joules, 1 fixed counters, 163840 ms ovfl timer
[    0.695608] RAPL PMU: hw unit of domain package 2^-16 Joules
[    0.695613] LVT offset 0 assigned for vector 0x400
[    0.695726] perf: AMD IBS detected (0x000003ff)
[    0.695732] amd_uncore: 4  amd_df counters detected
[    0.695738] amd_uncore: 6  amd_l3 counters detected
[    0.695948] perf/amd_iommu: Detected AMD IOMMU #0 (2 banks, 4 counters/bank).
[    0.696092] kvm: Nested Virtualization enabled
[    0.696095] SVM: kvm: Nested Paging enabled
[    0.696098] SEV supported: 14 ASIDs
[    0.696106] SVM: Virtual VMLOAD VMSAVE supported
[    0.696108] SVM: Virtual GIF supported
[    0.700052] Initialise system trusted keyrings
[    0.700078] workingset: timestamp_bits=62 max_order=21 bucket_order=0
[    0.701166] squashfs: version 4.0 (2009/01/31) Phillip Lougher
[    0.701206] Registering esdfs 0.2
[    0.701241] alt_syscall: table 'read_write_test' available.
[    0.701248] alt_syscall: table 'android' available.
[    0.701253] alt_syscall: table 'android_permissive' available.
[    0.701260] alt_syscall: table 'third_party' available.
[    0.701264] alt_syscall: table 'third_party_permissive' available.
[    0.701268] alt_syscall: table 'complete' available.
[    0.701272] alt_syscall: table 'complete_permissive' available.
[    0.703890] Key type asymmetric registered
[    0.703893] Asymmetric key parser 'x509' registered
[    0.703907] Block layer SCSI generic (bsg) driver version 0.4 loaded (major 246)
[    0.703909] io scheduler mq-deadline registered
[    0.703911] io scheduler kyber registered
[    0.703945] io scheduler bfq registered
[    0.704610] gpiochip_find_base: found new base at 768
[    0.704990] gpio gpiochip0: Persistence not supported for GPIO 44
[    0.705051] gpio gpiochip0: (AMD0030:00): added GPIO chardev (254:0)
[    0.705064] gpio gpiochip0: registered GPIOs 768 to 1023 on AMD0030:00
[    0.705066] gpio gpiochip0: (AMD0030:00): created GPIO range 0->255 ==> AMD0030:00 PIN 0->255
[    0.705133] pci 0000:00:02.1: attach allowed to drvr pcieport [internal device]
[    0.705231] pcieport 0000:00:02.1: PME: Signaling with IRQ 26
[    0.705329] pcieport 0000:00:02.1: AER: enabled with IRQ 26
[    0.705346] pcieport 0000:00:02.1: pciehp: Slot #0 AttnBtn- PwrCtrl- MRL- AttnInd- PwrInd- HotPlug+ Surprise- Interlock- NoCompl+ IbPresDis- LLActRep+
[    0.705478] pci 0000:00:02.2: attach allowed to drvr pcieport [internal device]
[    0.705487] pcieport 0000:00:02.2: enabling device (0006 -> 0007)
[    0.705570] pcieport 0000:00:02.2: PME: Signaling with IRQ 27
[    0.705664] pcieport 0000:00:02.2: AER: enabled with IRQ 27
[    0.705679] pcieport 0000:00:02.2: pciehp: Slot #0 AttnBtn- PwrCtrl- MRL- AttnInd- PwrInd- HotPlug+ Surprise- Interlock- NoCompl+ IbPresDis- LLActRep+
[    0.705775] pci 0000:00:02.3: attach allowed to drvr pcieport [internal device]
[    0.705786] pcieport 0000:00:02.3: enabling device (0006 -> 0007)
[    0.705855] pcieport 0000:00:02.3: PME: Signaling with IRQ 28
[    0.705914] pcieport 0000:00:02.3: AER: enabled with IRQ 28
[    0.705928] pcieport 0000:00:02.3: pciehp: Slot #0 AttnBtn- PwrCtrl- MRL- AttnInd- PwrInd- HotPlug+ Surprise- Interlock- NoCompl+ IbPresDis- LLActRep+
[    0.706024] pci 0000:00:08.1: attach allowed to drvr pcieport [internal device]
[    0.706094] pcieport 0000:00:08.1: PME: Signaling with IRQ 29
[    0.706156] pci 0000:00:08.3: attach allowed to drvr pcieport [internal device]
[    0.706218] pcieport 0000:00:08.3: PME: Signaling with IRQ 30
[    0.706263] pcieport 0000:00:08.3: AER: enabled with IRQ 30
[    0.706397] input: Lid Switch as /devices/LNXSYSTM:00/LNXSYBUS:00/PNP0A08:00/device:00/PNP0C09:00/PNP0C0D:00/input/input0
[    0.707274] ACPI: button: Lid Switch [LID0]
[    0.707360] input: Power Button as /devices/LNXSYSTM:00/LNXPWRBN:00/input/input1
[    0.708609] ACPI: button: Power Button [PWRF]
[    0.708678] input: Sleep Button as /devices/LNXSYSTM:00/LNXSLPBN:00/input/input2
[    0.708705] ACPI: button: Sleep Button [SLPF]
[    0.708713] ACPI Error: Could not enable SleepButton event (20210730/evxfevnt-182)
[    0.708720] ACPI Warning: Could not enable fixed event - SleepButton (3) (20210730/evxface-618)
[    0.708764] button: probe of LNXSLPBN:00 failed with error -22
[    0.708849] Monitor-Mwait will be used to enter C-1 state
[    0.708860] ACPI: \_SB_.CP00: Found 3 idle states
[    0.709041] ACPI: \_SB_.CP01: Found 3 idle states
[    0.709150] ACPI: \_SB_.CP02: Found 3 idle states
[    0.709207] ACPI: \_SB_.CP03: Found 3 idle states
[    0.709503] thermal LNXTHERM:00: registered as thermal_zone0
[    0.709504] ACPI: thermal: Thermal Zone [TM00] (38 C)
[    0.709643] thermal LNXTHERM:01: registered as thermal_zone1
[    0.709644] ACPI: thermal: Thermal Zone [TM01] (43 C)
[    0.709781] thermal LNXTHERM:02: registered as thermal_zone2
[    0.709782] ACPI: thermal: Thermal Zone [TM02] (56 C)
[    0.709920] thermal LNXTHERM:03: registered as thermal_zone3
[    0.709921] ACPI: thermal: Thermal Zone [TM03] (43 C)
[    0.709994] Serial: 8250/16550 driver, 4 ports, IRQ sharing disabled
[    0.710450] dw-apb-uart AMDI0020:00: GPIO lookup for consumer rs485-term
[    0.710452] dw-apb-uart AMDI0020:00: using ACPI for GPIO lookup
[    0.710453] acpi AMDI0020:00: GPIO: looking up rs485-term-gpios
[    0.710454] acpi AMDI0020:00: GPIO: looking up rs485-term-gpio
[    0.710455] dw-apb-uart AMDI0020:00: using lookup tables for GPIO lookup
[    0.710456] dw-apb-uart AMDI0020:00: No GPIO consumer rs485-term found
[    0.710458] AMDI0020:00: ttyS0 at MMIO 0xfedc9000 (irq = 4, base_baud = 3000000) is a 16550A
[    0.710667] ACPI: battery: Slot [BAT0] (battery present)
[    0.710903] dw-apb-uart AMDI0020:01: GPIO lookup for consumer rs485-term
[    0.710904] dw-apb-uart AMDI0020:01: using ACPI for GPIO lookup
[    0.710905] acpi AMDI0020:01: GPIO: looking up rs485-term-gpios
[    0.710906] acpi AMDI0020:01: GPIO: looking up rs485-term-gpio
[    0.710907] dw-apb-uart AMDI0020:01: using lookup tables for GPIO lookup
[    0.710907] dw-apb-uart AMDI0020:01: No GPIO consumer rs485-term found
[    0.710909] AMDI0020:01: ttyS1 at MMIO 0xfedca000 (irq = 3, base_baud = 3000000) is a 16550A
[    0.710957] serial serial0: tty port ttyS1 registered
[    0.711807] acpi AMDI0020:02: GPIO: looking up 0 in _CRS
[    0.711826] dw-apb-uart AMDI0020:02: IRQ index 0 not found
[    0.715235] acpi AMDI0020:03: GPIO: looking up 0 in _CRS
[    0.715282] dw-apb-uart AMDI0020:03: IRQ index 0 not found
[    0.719229] acpi AMDI0020:04: GPIO: looking up 0 in _CRS
[    0.719270] dw-apb-uart AMDI0020:04: IRQ index 0 not found
[    0.721670] Non-volatile memory driver v1.3
[    0.721853] acpi GOOG0005:00: GPIO: looking up 0 in _CRS
[    0.721888] gpio gpiochip0: Persistence not supported for GPIO 18
[    0.723455] cr50_i2c i2c-GOOG0005:00: ti50 TPM 2.0 (i2c 0x50 irq 31 id 0x504a)
[    0.786077] AMD-Vi: AMD IOMMUv2 loaded and initialized
[    0.799915] ACPI: bus type drm_connector registered
[    0.799929] [drm:drm_core_init] Initialized
[    0.799960] [drm] amdgpu kernel modesetting enabled.
[    0.800060] amdgpu: CRAT table not found
[    0.800063] amdgpu: Virtual CRAT table created for CPU
[    0.800085] amdgpu: Topology: Add CPU node
[    0.800153] pci 0000:04:00.0: attach allowed to drvr amdgpu [internal device]
[    0.800351] [drm] initializing kernel modesetting (IP DISCOVERY 0x1002:0x1506 0x1002:0x1506 0xDC).
[    0.800365] [drm] register mmio base: 0xD0500000
[    0.800366] [drm] register mmio size: 524288
[    0.802037] [drm:amdgpu_discovery_set_ip_blocks] number of dies: 1
[    0.802044] [drm:amdgpu_discovery_set_ip_blocks] number of hardware IPs on die0: 32
[    0.802046] [drm:amdgpu_discovery_set_ip_blocks] ACP(14) #0 v6.0.0:
[    0.802049] [drm:amdgpu_discovery_set_ip_blocks]     0x00480000
[    0.802051] [drm:amdgpu_discovery_set_ip_blocks]     0x02403800
[    0.802053] [drm:amdgpu_discovery_set_ip_blocks] ATHUB(35) #0 v2.4.0:
[    0.802055] [drm:amdgpu_discovery_set_ip_blocks]     0x00000c00
[    0.802057] [drm:amdgpu_discovery_set_ip_blocks]     0x00013300
[    0.802058] [drm:amdgpu_discovery_set_ip_blocks]     0x02408c00
[    0.802060] [drm:amdgpu_discovery_set_ip_blocks] set register base offset for ATHUB
[    0.802062] [drm:amdgpu_discovery_set_ip_blocks] CLKA(6) #0 v13.0.8:
[    0.802064] [drm:amdgpu_discovery_set_ip_blocks]     0x00016c00
[    0.802065] [drm:amdgpu_discovery_set_ip_blocks]     0x02401800
[    0.802067] [drm:amdgpu_discovery_set_ip_blocks] set register base offset for CLKA
[    0.802068] [drm:amdgpu_discovery_set_ip_blocks] CLKA(6) #1 v13.0.8:
[    0.802070] [drm:amdgpu_discovery_set_ip_blocks]     0x00016e00
[    0.802071] [drm:amdgpu_discovery_set_ip_blocks]     0x02401c00
[    0.802073] [drm:amdgpu_discovery_set_ip_blocks] set register base offset for CLKA
[    0.802074] [drm:amdgpu_discovery_set_ip_blocks] CLKA(6) #2 v13.0.8:
[    0.802076] [drm:amdgpu_discovery_set_ip_blocks]     0x00017000
[    0.802078] [drm:amdgpu_discovery_set_ip_blocks]     0x02402000
[    0.802079] [drm:amdgpu_discovery_set_ip_blocks] set register base offset for CLKA
[    0.802081] [drm:amdgpu_discovery_set_ip_blocks] CLKA(6) #3 v13.0.8:
[    0.802082] [drm:amdgpu_discovery_set_ip_blocks]     0x00017200
[    0.802084] [drm:amdgpu_discovery_set_ip_blocks]     0x02402400
[    0.802085] [drm:amdgpu_discovery_set_ip_blocks] set register base offset for CLKA
[    0.802087] [drm:amdgpu_discovery_set_ip_blocks] CLKA(6) #4 v13.0.8:
[    0.802088] [drm:amdgpu_discovery_set_ip_blocks]     0x0001b000
[    0.802090] [drm:amdgpu_discovery_set_ip_blocks]     0x0242d800
[    0.802091] [drm:amdgpu_discovery_set_ip_blocks] set register base offset for CLKA
[    0.802092] [drm:amdgpu_discovery_set_ip_blocks] CLKA(6) #5 v13.0.8:
[    0.802094] [drm:amdgpu_discovery_set_ip_blocks]     0x0001b200
[    0.802096] [drm:amdgpu_discovery_set_ip_blocks]     0x0242dc00
[    0.802097] [drm:amdgpu_discovery_set_ip_blocks] set register base offset for CLKA
[    0.802098] [drm:amdgpu_discovery_set_ip_blocks] CLKA(6) #6 v13.0.8:
[    0.802100] [drm:amdgpu_discovery_set_ip_blocks]     0x0001b400
[    0.802102] [drm:amdgpu_discovery_set_ip_blocks]     0x0242e000
[    0.802103] [drm:amdgpu_discovery_set_ip_blocks] set register base offset for CLKA
[    0.802105] [drm:amdgpu_discovery_set_ip_blocks] DBGU_IO(45) #0 v2.0.1:
[    0.802107] [drm:amdgpu_discovery_set_ip_blocks]     0x000001e0
[    0.802108] [drm:amdgpu_discovery_set_ip_blocks]     0x00000260
[    0.802109] [drm:amdgpu_discovery_set_ip_blocks]     0x00000280
[    0.802111] [drm:amdgpu_discovery_set_ip_blocks]     0x0240b400
[    0.802112] [drm:amdgpu_discovery_set_ip_blocks]     0x02413c00
[    0.802114] [drm:amdgpu_discovery_set_ip_blocks]     0x02416000
[    0.802115] [drm:amdgpu_discovery_set_ip_blocks] DMU(271) #0 v3.1.6:
[    0.802117] [drm:amdgpu_discovery_set_ip_blocks]     0x00000012
[    0.802119] [drm:amdgpu_discovery_set_ip_blocks]     0x000000c0
[    0.802120] [drm:amdgpu_discovery_set_ip_blocks]     0x000034c0
[    0.802122] [drm:amdgpu_discovery_set_ip_blocks]     0x00009000
[    0.802123] [drm:amdgpu_discovery_set_ip_blocks]     0x02403c00
[    0.802125] [drm:amdgpu_discovery_set_ip_blocks] set register base offset for DMU
[    0.802127] [drm:amdgpu_discovery_set_ip_blocks] DF(46) #0 v3.0.3:
[    0.802129] [drm:amdgpu_discovery_set_ip_blocks]     0x00007000
[    0.802130] [drm:amdgpu_discovery_set_ip_blocks]     0x00c00000
[    0.802131] [drm:amdgpu_discovery_set_ip_blocks]     0x0240b800
[    0.802133] [drm:amdgpu_discovery_set_ip_blocks]     0x02447800
[    0.802134] [drm:amdgpu_discovery_set_ip_blocks]     0x03640000
[    0.802136] [drm:amdgpu_discovery_set_ip_blocks] set register base offset for DF
[    0.802137] [drm:amdgpu_discovery_set_ip_blocks] FCH(48) #0 v8.1.1:
[    0.802139] [drm:amdgpu_discovery_set_ip_blocks]     0x00b40000
[    0.802141] [drm:amdgpu_discovery_set_ip_blocks]     0x0240c000
[    0.802142] [drm:amdgpu_discovery_set_ip_blocks]     0x11000000
[    0.802144] [drm:amdgpu_discovery_set_ip_blocks] FUSE(5) #0 v13.0.8:
[    0.802146] [drm:amdgpu_discovery_set_ip_blocks]     0x00017400
[    0.802147] [drm:amdgpu_discovery_set_ip_blocks]     0x02401400
[    0.802149] [drm:amdgpu_discovery_set_ip_blocks] GC(11) #0 v10.3.7:
[    0.802150] [drm:amdgpu_discovery_set_ip_blocks]     0x00001260
[    0.802152] [drm:amdgpu_discovery_set_ip_blocks]     0x0000a000
[    0.802153] [drm:amdgpu_discovery_set_ip_blocks]     0x02402c00
[    0.802155] [drm:amdgpu_discovery_set_ip_blocks] set register base offset for GC
[    0.802156] [drm:amdgpu_discovery_set_ip_blocks] HDP(41) #0 v5.2.0:
[    0.802158] [drm:amdgpu_discovery_set_ip_blocks]     0x00000f20
[    0.802159] [drm:amdgpu_discovery_set_ip_blocks]     0x0240a400
[    0.802161] [drm:amdgpu_discovery_set_ip_blocks] set register base offset for HDP
[    0.802162] [drm:amdgpu_discovery_set_ip_blocks] IOHC(24) #0 v7.0.1:
[    0.802164] [drm:amdgpu_discovery_set_ip_blocks]     0x00010000
[    0.802166] [drm:amdgpu_discovery_set_ip_blocks]     0x02406000
[    0.802167] [drm:amdgpu_discovery_set_ip_blocks]     0x04ec0000
[    0.802168] [drm:amdgpu_discovery_set_ip_blocks] MMHUB(34) #0 v2.4.0:
[    0.802170] [drm:amdgpu_discovery_set_ip_blocks]     0x00013200
[    0.802171] [drm:amdgpu_discovery_set_ip_blocks]     0x0001a000
[    0.802173] [drm:amdgpu_discovery_set_ip_blocks]     0x02408800
[    0.802174] [drm:amdgpu_discovery_set_ip_blocks] set register base offset for MMHUB
[    0.802176] [drm:amdgpu_discovery_set_ip_blocks] MP0(255) #0 v13.0.8:
[    0.802178] [drm:amdgpu_discovery_set_ip_blocks]     0x00016000
[    0.802179] [drm:amdgpu_discovery_set_ip_blocks]     0x00dc0000
[    0.802181] [drm:amdgpu_discovery_set_ip_blocks]     0x00e00000
[    0.802182] [drm:amdgpu_discovery_set_ip_blocks]     0x00e40000
[    0.802183] [drm:amdgpu_discovery_set_ip_blocks]     0x0243fc00
[    0.802185] [drm:amdgpu_discovery_set_ip_blocks] set register base offset for MP0
[    0.802186] [drm:amdgpu_discovery_set_ip_blocks] MP1(1) #0 v13.0.8:
[    0.802188] [drm:amdgpu_discovery_set_ip_blocks]     0x00016000
[    0.802190] [drm:amdgpu_discovery_set_ip_blocks]     0x00dc0000
[    0.802191] [drm:amdgpu_discovery_set_ip_blocks]     0x00e00000
[    0.802192] [drm:amdgpu_discovery_set_ip_blocks]     0x00e40000
[    0.802194] [drm:amdgpu_discovery_set_ip_blocks]     0x0243fc00
[    0.802195] [drm:amdgpu_discovery_set_ip_blocks] set register base offset for MP1
[    0.802197] [drm:amdgpu_discovery_set_ip_blocks] MP2(2) #0 v13.0.8:
[    0.802198] [drm:amdgpu_discovery_set_ip_blocks]     0x00016000
[    0.802200] [drm:amdgpu_discovery_set_ip_blocks]     0x00dc0000
[    0.802201] [drm:amdgpu_discovery_set_ip_blocks]     0x00e00000
[    0.802203] [drm:amdgpu_discovery_set_ip_blocks]     0x00e40000
[    0.802204] [drm:amdgpu_discovery_set_ip_blocks]     0x0243fc00
[    0.802206] [drm:amdgpu_discovery_set_ip_blocks] NBIF(108) #0 v7.5.1:
[    0.802208] [drm:amdgpu_discovery_set_ip_blocks]     0x00000000
[    0.802209] [drm:amdgpu_discovery_set_ip_blocks]     0x00000014
[    0.802210] [drm:amdgpu_discovery_set_ip_blocks]     0x00000d20
[    0.802212] [drm:amdgpu_discovery_set_ip_blocks]     0x00010400
[    0.802213] [drm:amdgpu_discovery_set_ip_blocks]     0x0241b000
[    0.802215] [drm:amdgpu_discovery_set_ip_blocks]     0x04040000
[    0.802216] [drm:amdgpu_discovery_set_ip_blocks] set register base offset for NBIF
[    0.802218] [drm:amdgpu_discovery_set_ip_blocks] set register base offset for NBIF
[    0.802219] [drm:amdgpu_discovery_set_ip_blocks] OSSSYS(40) #0 v5.2.1:
[    0.802221] [drm:amdgpu_discovery_set_ip_blocks]     0x000010a0
[    0.802222] [drm:amdgpu_discovery_set_ip_blocks]     0x0240a000
[    0.802224] [drm:amdgpu_discovery_set_ip_blocks] set register base offset for OSSSYS
[    0.802225] [drm:amdgpu_discovery_set_ip_blocks] PCIE(70) #0 v6.0.1:
[    0.802227] [drm:amdgpu_discovery_set_ip_blocks]     0x00000000
[    0.802229] [drm:amdgpu_discovery_set_ip_blocks]     0x00000014
[    0.802230] [drm:amdgpu_discovery_set_ip_blocks]     0x00000d20
[    0.802232] [drm:amdgpu_discovery_set_ip_blocks]     0x00010400
[    0.802233] [drm:amdgpu_discovery_set_ip_blocks]     0x0241b000
[    0.802234] [drm:amdgpu_discovery_set_ip_blocks]     0x04040000
[    0.802236] [drm:amdgpu_discovery_set_ip_blocks] set register base offset for PCIE
[    0.802237] [drm:amdgpu_discovery_set_ip_blocks] PCIE(70) #1 v6.0.1:
[    0.802239] [drm:amdgpu_discovery_set_ip_blocks]     0x00000000
[    0.802240] [drm:amdgpu_discovery_set_ip_blocks]     0x00000014
[    0.802242] [drm:amdgpu_discovery_set_ip_blocks]     0x00000d20
[    0.802243] [drm:amdgpu_discovery_set_ip_blocks]     0x00010400
[    0.802244] [drm:amdgpu_discovery_set_ip_blocks]     0x0241b000
[    0.802246] [drm:amdgpu_discovery_set_ip_blocks]     0x04040000
[    0.802247] [drm:amdgpu_discovery_set_ip_blocks] set register base offset for PCIE
[    0.802249] [drm:amdgpu_discovery_set_ip_blocks] SDMA0(42) #0 v5.2.7:
[    0.802251] [drm:amdgpu_discovery_set_ip_blocks]     0x00001260
[    0.802252] [drm:amdgpu_discovery_set_ip_blocks]     0x0000a000
[    0.802253] [drm:amdgpu_discovery_set_ip_blocks]     0x02402c00
[    0.802255] [drm:amdgpu_discovery_set_ip_blocks] set register base offset for SDMA0
[    0.802256] [drm:amdgpu_discovery_set_ip_blocks] SMUIO(4) #0 v13.0.9:
[    0.802258] [drm:amdgpu_discovery_set_ip_blocks]     0x00016800
[    0.802259] [drm:amdgpu_discovery_set_ip_blocks]     0x00016a00
[    0.802261] [drm:amdgpu_discovery_set_ip_blocks]     0x0001bc00
[    0.802262] [drm:amdgpu_discovery_set_ip_blocks]     0x00440000
[    0.802264] [drm:amdgpu_discovery_set_ip_blocks]     0x02401000
[    0.802265] [drm:amdgpu_discovery_set_ip_blocks]     0x0242d400
[    0.802266] [drm:amdgpu_discovery_set_ip_blocks] set register base offset for SMUIO
[    0.802268] [drm:amdgpu_discovery_set_ip_blocks] THM(3) #0 v13.0.8:
[    0.802270] [drm:amdgpu_discovery_set_ip_blocks]     0x00016600
[    0.802271] [drm:amdgpu_discovery_set_ip_blocks]     0x02400c00
[    0.802273] [drm:amdgpu_discovery_set_ip_blocks] set register base offset for THM
[    0.802274] [drm:amdgpu_discovery_set_ip_blocks] UMC(150) #0 v10.0.1:
[    0.802276] [drm:amdgpu_discovery_set_ip_blocks]     0x00014000
[    0.802278] [drm:amdgpu_discovery_set_ip_blocks]     0x02425800
[    0.802279] [drm:amdgpu_discovery_set_ip_blocks]     0x02447c00
[    0.802281] [drm:amdgpu_discovery_set_ip_blocks]     0x03680000
[    0.802282] [drm:amdgpu_discovery_set_ip_blocks] set register base offset for UMC
[    0.802283] [drm:amdgpu_discovery_set_ip_blocks] UMC(150) #1 v10.0.1:
[    0.802285] [drm:amdgpu_discovery_set_ip_blocks]     0x00054000
[    0.802287] [drm:amdgpu_discovery_set_ip_blocks]     0x02425c00
[    0.802288] [drm:amdgpu_discovery_set_ip_blocks]     0x02448000
[    0.802289] [drm:amdgpu_discovery_set_ip_blocks]     0x036c0000
[    0.802291] [drm:amdgpu_discovery_set_ip_blocks] set register base offset for UMC
[    0.802292] [drm:amdgpu_discovery_set_ip_blocks] UVD(12) #0 v3.1.1:
[    0.802294] [drm:amdgpu_discovery_set_ip_blocks]     0x00007800
[    0.802295] [drm:amdgpu_discovery_set_ip_blocks]     0x00007e00
[    0.802297] [drm:amdgpu_discovery_set_ip_blocks]     0x02403000
[    0.802298] [drm:amdgpu_discovery_set_ip_blocks] set register base offset for UVD
[    0.802300] [drm:amdgpu_discovery_set_ip_blocks] XGBE(216) #0 v1.1.0:
[    0.802302] [drm:amdgpu_discovery_set_ip_blocks]     0x02436000
[    0.802303] [drm:amdgpu_discovery_set_ip_blocks]     0x058c0000
[    0.802307] [drm:amdgpu_discovery_set_ip_blocks] number of dies: 1
[    0.802314] [drm:amdgpu_discovery_set_ip_blocks] num_ips:32
[    0.802316] [drm:amdgpu_discovery_set_ip_blocks] match:1 @ ip_offset:520
[    0.802330] [drm:amdgpu_discovery_set_ip_blocks] match:2 @ ip_offset:548
[    0.802337] [drm:amdgpu_discovery_set_ip_blocks] match:3 @ ip_offset:740
[    0.802343] [drm:amdgpu_discovery_set_ip_blocks] match:4 @ ip_offset:708
[    0.802351] [drm:amdgpu_discovery_set_ip_blocks] match:5 @ ip_offset:400
[    0.802358] [drm:amdgpu_discovery_set_ip_blocks] match:6 @ ip_offset:180
[    0.802365] [drm:amdgpu_discovery_set_ip_blocks] match:6 @ ip_offset:196
[    0.802371] [drm:amdgpu_discovery_set_ip_blocks] match:6 @ ip_offset:212
[    0.802376] [drm:amdgpu_discovery_set_ip_blocks] match:6 @ ip_offset:228
[    0.802381] [drm:amdgpu_discovery_set_ip_blocks] match:6 @ ip_offset:244
[    0.802387] [drm:amdgpu_discovery_set_ip_blocks] match:6 @ ip_offset:260
[    0.802392] [drm:amdgpu_discovery_set_ip_blocks] match:6 @ ip_offset:276
[    0.802398] [drm:amdgpu_discovery_set_ip_blocks] match:11 @ ip_offset:416
[    0.802405] [drm:amdgpu_discovery_set_ip_blocks] match:12 @ ip_offset:804
[    0.802412] [drm:amdgpu_discovery_set_ip_blocks] match:14 @ ip_offset:144
[    0.802420] [drm:amdgpu_discovery_set_ip_blocks] match:24 @ ip_offset:452
[    0.802431] [drm:amdgpu_discovery_set_ip_blocks] match:34 @ ip_offset:472
[    0.802437] [drm:amdgpu_discovery_set_ip_blocks] match:35 @ ip_offset:160
[    0.802444] [drm:amdgpu_discovery_set_ip_blocks] match:40 @ ip_offset:608
[    0.802451] [drm:amdgpu_discovery_set_ip_blocks] match:41 @ ip_offset:436
[    0.802458] [drm:amdgpu_discovery_set_ip_blocks] match:42 @ ip_offset:688
[    0.802466] [drm:amdgpu_discovery_set_ip_blocks] match:45 @ ip_offset:292
[    0.802474] [drm:amdgpu_discovery_set_ip_blocks] match:46 @ ip_offset:352
[    0.802481] [drm:amdgpu_discovery_set_ip_blocks] match:48 @ ip_offset:380
[    0.802490] [drm:amdgpu_discovery_set_ip_blocks] match:70 @ ip_offset:624
[    0.802496] [drm:amdgpu_discovery_set_ip_blocks] match:70 @ ip_offset:656
[    0.802505] [drm:amdgpu_discovery_set_ip_blocks] match:108 @ ip_offset:576
[    0.802517] [drm:amdgpu_discovery_set_ip_blocks] match:150 @ ip_offset:756
[    0.802525] [drm:amdgpu_discovery_set_ip_blocks] match:150 @ ip_offset:780
[    0.802537] [drm:amdgpu_discovery_set_ip_blocks] match:216 @ ip_offset:824
[    0.802547] [drm:amdgpu_discovery_set_ip_blocks] match:255 @ ip_offset:492
[    0.802556] [drm:amdgpu_discovery_set_ip_blocks] match:271 @ ip_offset:324
[    0.802570] [drm] add ip block number 0 <nv_common>
[    0.802571] [drm] add ip block number 1 <gmc_v10_0>
[    0.802573] [drm] add ip block number 2 <navi10_ih>
[    0.802574] [drm] add ip block number 3 <psp>
[    0.802576] [drm] add ip block number 4 <smu>
[    0.802577] [drm] add ip block number 5 <dm>
[    0.802579] [drm] add ip block number 6 <gfx_v10_0>
[    0.802580] [drm] add ip block number 7 <sdma_v5_2>
[    0.802581] [drm] add ip block number 8 <vcn_v3_0>
[    0.802582] [drm] add ip block number 9 <jpeg_v3_0>
[    0.802609] [drm:check_atom_bios] ATOMBIOS detected
[    0.802612] amdgpu 0000:04:00.0: amdgpu: Fetched VBIOS from VFCT
[    0.802614] amdgpu: ATOM BIOS: 102-MENDOCINO-004
[    0.802617] [drm:amdgpu_atomfirmware_allocate_fb_scratch] atom firmware requested 0000f800 2048kb fw 0kb drv
[    0.802632] [drm] VCN(0) decode is enabled in VM mode
[    0.802633] [drm] VCN(0) encode is enabled in VM mode
[    0.802634] [drm] JPEG decode is enabled in VM mode
[    0.802636] amdgpu 0000:04:00.0: amdgpu: Trusted Memory Zone (TMZ) feature enabled
[    0.802638] amdgpu 0000:04:00.0: amdgpu: PCIE atomic ops is not supported
[    0.802677] [drm] vm size is 262144 GB, 4 levels, block size is 9-bit, fragment size is 9-bit
[    0.802684] amdgpu 0000:04:00.0: amdgpu: VRAM: 64M 0x000000F400000000 - 0x000000F403FFFFFF (64M used)
[    0.802686] amdgpu 0000:04:00.0: amdgpu: GART: 1024M 0x0000000000000000 - 0x000000003FFFFFFF
[    0.802688] amdgpu 0000:04:00.0: amdgpu: AGP: 267419648M 0x000000F800000000 - 0x0000FFFFFFFFFFFF
[    0.802694] [drm] Detected VRAM RAM=64M, BAR=64M
[    0.802695] [drm] RAM width 128bits LPDDR5
[    0.802717] [drm:amdgpu_ttm_init] memory training does not support!
[    0.802740] [drm] amdgpu: 64M of VRAM memory ready
[    0.802741] [drm] amdgpu: 3317M of GTT memory ready.
[    0.802753] [drm] GART: num cpu pages 262144, num gpu pages 262144
[    0.803149] [drm] PCIE GART of 1024M enabled (table at 0x000000F403C00000).
[    0.803273] [drm:amdgpu_irq_init] amdgpu: irq initialized.
[    0.803281] amdgpu 0000:04:00.0: amdgpu: PSP runtime database doesn't exist
[    0.803283] amdgpu 0000:04:00.0: amdgpu: PSP runtime database doesn't exist
[    0.803284] [drm:psp_sw_init] memory training is not supported!
[    0.803322] [drm] Loading DMUB firmware via PSP: version=0x00007000
[    0.803330] [drm:gfx_v10_0_me_init]
[    0.803370] amdgpu 0000:04:00.0: [drm:amdgpu_fence_driver_start_ring] fence driver on ring gfx_0.0.0 use gpu addr 0x0000000000401080
[    0.803400] amdgpu 0000:04:00.0: [drm:amdgpu_fence_driver_start_ring] fence driver on ring comp_1.0.0 use gpu addr 0x0000000000401120
[    0.803428] amdgpu 0000:04:00.0: [drm:amdgpu_fence_driver_start_ring] fence driver on ring comp_1.1.0 use gpu addr 0x00000000004011c0
[    0.803459] amdgpu 0000:04:00.0: [drm:amdgpu_fence_driver_start_ring] fence driver on ring comp_1.2.0 use gpu addr 0x0000000000401260
[    0.803487] amdgpu 0000:04:00.0: [drm:amdgpu_fence_driver_start_ring] fence driver on ring comp_1.3.0 use gpu addr 0x0000000000401300
[    0.803509] amdgpu 0000:04:00.0: [drm:amdgpu_fence_driver_start_ring] fence driver on ring comp_1.0.1 use gpu addr 0x00000000004013a0
[    0.803540] amdgpu 0000:04:00.0: [drm:amdgpu_fence_driver_start_ring] fence driver on ring comp_1.1.1 use gpu addr 0x0000000000401440
[    0.803571] amdgpu 0000:04:00.0: [drm:amdgpu_fence_driver_start_ring] fence driver on ring comp_1.2.1 use gpu addr 0x00000000004014e0
[    0.803599] amdgpu 0000:04:00.0: [drm:amdgpu_fence_driver_start_ring] fence driver on ring comp_1.3.1 use gpu addr 0x0000000000401580
[    0.803648] amdgpu 0000:04:00.0: [drm:amdgpu_fence_driver_start_ring] fence driver on ring kiq_2.1.0 use gpu addr 0x0000000000401620
[    0.804136] [drm:sdma_v5_2_sw_init]
[    0.804141] [drm:sdma_v5_2_sw_init] psp_load == 'true'
[    0.804143] [drm] use_doorbell being set to: [true]
[    0.804145] amdgpu 0000:04:00.0: [drm:amdgpu_fence_driver_start_ring] fence driver on ring sdma0 use gpu addr 0x00000000004016c0
[    0.804173] [drm] Found VCN firmware Version ENC: 1.23 DEC: 2 VEP: 0 Revision: 5
[    0.804181] amdgpu 0000:04:00.0: amdgpu: Will use PSP to load VCN firmware
[    0.804239] amdgpu 0000:04:00.0: [drm:amdgpu_fence_driver_start_ring] fence driver on ring vcn_dec_0 use gpu addr 0x0000000000401760
[    0.804267] amdgpu 0000:04:00.0: [drm:amdgpu_fence_driver_start_ring] fence driver on ring vcn_enc_0.0 use gpu addr 0x0000000000401800
[    0.804286] amdgpu 0000:04:00.0: [drm:amdgpu_fence_driver_start_ring] fence driver on ring vcn_enc_0.1 use gpu addr 0x00000000004018a0
[    0.804306] amdgpu 0000:04:00.0: [drm:amdgpu_fence_driver_start_ring] fence driver on ring jpeg_dec use gpu addr 0x0000000000401940
[    0.828684] [drm] reserve 0xa00000 from 0xf402000000 for PSP TMR
[    0.831665] [drm:amdgpu_ucode_print_sdma_hdr] SDMA
[    0.831675] [drm:amdgpu_ucode_print_common_hdr] size_bytes: 34048
[    0.831680] [drm:amdgpu_ucode_print_common_hdr] header_size_bytes: 48
[    0.831683] [drm:amdgpu_ucode_print_common_hdr] header_version_major: 1
[    0.831686] [drm:amdgpu_ucode_print_common_hdr] header_version_minor: 0
[    0.831689] [drm:amdgpu_ucode_print_common_hdr] ip_version_major: 5
[    0.831692] [drm:amdgpu_ucode_print_common_hdr] ip_version_minor: 2
[    0.831695] [drm:amdgpu_ucode_print_common_hdr] ucode_version: 0x00000001
[    0.831698] [drm:amdgpu_ucode_print_common_hdr] ucode_size_bytes: 33792
[    0.831701] [drm:amdgpu_ucode_print_common_hdr] ucode_array_offset_bytes: 256
[    0.831704] [drm:amdgpu_ucode_print_sdma_hdr] crc32: 0x2f844ded
[    0.831708] [drm:amdgpu_ucode_print_sdma_hdr] ucode_feature_version: 52
[    0.831711] [drm:amdgpu_ucode_print_sdma_hdr] ucode_change_version: 0
[    0.831714] [drm:amdgpu_ucode_print_sdma_hdr] jt_offset: 8192
[    0.831717] [drm:amdgpu_ucode_print_sdma_hdr] jt_size: 128
[    0.835607] [drm:amdgpu_ucode_print_gfx_hdr] GFX
[    0.835623] [drm:amdgpu_ucode_print_common_hdr] size_bytes: 263296
[    0.835629] [drm:amdgpu_ucode_print_common_hdr] header_size_bytes: 44
[    0.835633] [drm:amdgpu_ucode_print_common_hdr] header_version_major: 1
[    0.835637] [drm:amdgpu_ucode_print_common_hdr] header_version_minor: 0
[    0.835641] [drm:amdgpu_ucode_print_common_hdr] ip_version_major: 10
[    0.835645] [drm:amdgpu_ucode_print_common_hdr] ip_version_minor: 3
[    0.835649] [drm:amdgpu_ucode_print_common_hdr] ucode_version: 0x00000001
[    0.835653] [drm:amdgpu_ucode_print_common_hdr] ucode_size_bytes: 263040
[    0.835657] [drm:amdgpu_ucode_print_common_hdr] ucode_array_offset_bytes: 256
[    0.835662] [drm:amdgpu_ucode_print_gfx_hdr] crc32: 0x6c2217b8
[    0.835666] [drm:amdgpu_ucode_print_gfx_hdr] ucode_feature_version: 38
[    0.835670] [drm:amdgpu_ucode_print_gfx_hdr] jt_offset: 65536
[    0.835674] [drm:psp_load_non_psp_fw] jt_size: 96
[    0.847608] [drm:amdgpu_ucode_print_gfx_hdr] GFX
[    0.847624] [drm:amdgpu_ucode_print_common_hdr] size_bytes: 263424
[    0.847630] [drm:amdgpu_ucode_print_common_hdr] header_size_bytes: 44
[    0.847634] [drm:amdgpu_ucode_print_common_hdr] header_version_major: 1
[    0.847638] [drm:amdgpu_ucode_print_common_hdr] header_version_minor: 0
[    0.847642] [drm:amdgpu_ucode_print_common_hdr] ip_version_major: 10
[    0.847646] [drm:amdgpu_ucode_print_common_hdr] ip_version_minor: 3
[    0.847650] [drm:amdgpu_ucode_print_common_hdr] ucode_version: 0x00000005
[    0.847654] [drm:amdgpu_ucode_print_common_hdr] ucode_size_bytes: 263168
[    0.847658] [drm:amdgpu_ucode_print_common_hdr] ucode_array_offset_bytes: 256
[    0.847663] [drm:amdgpu_ucode_print_gfx_hdr] crc32: 0x95c6ee20
[    0.847667] [drm:amdgpu_ucode_print_gfx_hdr] ucode_feature_version: 38
[    0.847671] [drm:amdgpu_ucode_print_gfx_hdr] jt_offset: 65536
[    0.847675] [drm:psp_load_non_psp_fw] jt_size: 128
[    0.859609] [drm:amdgpu_ucode_print_gfx_hdr] GFX
[    0.859625] [drm:amdgpu_ucode_print_common_hdr] size_bytes: 263424
[    0.859631] [drm:amdgpu_ucode_print_common_hdr] header_size_bytes: 44
[    0.859636] [drm:amdgpu_ucode_print_common_hdr] header_version_major: 1
[    0.859640] [drm:amdgpu_ucode_print_common_hdr] header_version_minor: 0
[    0.859643] [drm:amdgpu_ucode_print_common_hdr] ip_version_major: 10
[    0.859647] [drm:amdgpu_ucode_print_common_hdr] ip_version_minor: 3
[    0.859651] [drm:amdgpu_ucode_print_common_hdr] ucode_version: 0x00000003
[    0.859656] [drm:amdgpu_ucode_print_common_hdr] ucode_size_bytes: 263168
[    0.859660] [drm:amdgpu_ucode_print_common_hdr] ucode_array_offset_bytes: 256
[    0.859665] [drm:amdgpu_ucode_print_gfx_hdr] crc32: 0x66bdf234
[    0.859669] [drm:amdgpu_ucode_print_gfx_hdr] ucode_feature_version: 38
[    0.859673] [drm:amdgpu_ucode_print_gfx_hdr] jt_offset: 65536
[    0.859677] [drm:psp_load_non_psp_fw] jt_size: 128
[    0.871611] [drm:amdgpu_ucode_print_gfx_hdr] GFX
[    0.871626] [drm:amdgpu_ucode_print_common_hdr] size_bytes: 268592
[    0.871632] [drm:amdgpu_ucode_print_common_hdr] header_size_bytes: 44
[    0.871637] [drm:amdgpu_ucode_print_common_hdr] header_version_major: 1
[    0.871641] [drm:amdgpu_ucode_print_common_hdr] header_version_minor: 0
[    0.871644] [drm:amdgpu_ucode_print_common_hdr] ip_version_major: 10
[    0.871648] [drm:amdgpu_ucode_print_common_hdr] ip_version_minor: 3
[    0.871652] [drm:amdgpu_ucode_print_common_hdr] ucode_version: 0x00000006
[    0.871657] [drm:amdgpu_ucode_print_common_hdr] ucode_size_bytes: 268336
[    0.871661] [drm:amdgpu_ucode_print_common_hdr] ucode_array_offset_bytes: 256
[    0.871665] [drm:amdgpu_ucode_print_gfx_hdr] crc32: 0xc63f6c11
[    0.871669] [drm:amdgpu_ucode_print_gfx_hdr] ucode_feature_version: 38
[    0.871673] [drm:amdgpu_ucode_print_gfx_hdr] jt_offset: 66860
[    0.871677] [drm:psp_load_non_psp_fw] jt_size: 224
[    0.915701] [drm:amdgpu_ucode_print_rlc_hdr] RLC
[    0.915717] [drm:amdgpu_ucode_print_common_hdr] size_bytes: 44992
[    0.915723] [drm:amdgpu_ucode_print_common_hdr] header_size_bytes: 172
[    0.915727] [drm:amdgpu_ucode_print_common_hdr] header_version_major: 2
[    0.915731] [drm:amdgpu_ucode_print_common_hdr] header_version_minor: 2
[    0.915735] [drm:amdgpu_ucode_print_common_hdr] ip_version_major: 10
[    0.915738] [drm:amdgpu_ucode_print_common_hdr] ip_version_minor: 3
[    0.915742] [drm:amdgpu_ucode_print_common_hdr] ucode_version: 0x0000000e
[    0.915747] [drm:amdgpu_ucode_print_common_hdr] ucode_size_bytes: 25088
[    0.915751] [drm:amdgpu_ucode_print_common_hdr] ucode_array_offset_bytes: 256
[    0.915755] [drm:amdgpu_ucode_print_rlc_hdr] crc32: 0x4f3a37ab
[    0.915760] [drm:amdgpu_ucode_print_rlc_hdr] ucode_feature_version: 1
[    0.915764] [drm:amdgpu_ucode_print_rlc_hdr] jt_offset: 0
[    0.915767] [drm:amdgpu_ucode_print_rlc_hdr] jt_size: 0
[    0.915771] [drm:amdgpu_ucode_print_rlc_hdr] save_and_restore_offset: 0
[    0.915775] [drm:amdgpu_ucode_print_rlc_hdr] clear_state_descriptor_offset: 0
[    0.915779] [drm:amdgpu_ucode_print_rlc_hdr] avail_scratch_ram_locations: 0
[    0.915783] [drm:amdgpu_ucode_print_rlc_hdr] reg_restore_list_size: 95
[    0.915786] [drm:amdgpu_ucode_print_rlc_hdr] reg_list_format_start: 96
[    0.915790] [drm:amdgpu_ucode_print_rlc_hdr] reg_list_format_separate_start: 182
[    0.915794] [drm:amdgpu_ucode_print_rlc_hdr] starting_offsets_start: 203
[    0.915798] [drm:amdgpu_ucode_print_rlc_hdr] reg_list_format_size_bytes: 0
[    0.915801] [drm:amdgpu_ucode_print_rlc_hdr] reg_list_format_array_offset_bytes: 25344
[    0.915805] [drm:amdgpu_ucode_print_rlc_hdr] reg_list_size_bytes: 0
[    0.915809] [drm:amdgpu_ucode_print_rlc_hdr] reg_list_array_offset_bytes: 25344
[    0.915813] [drm:amdgpu_ucode_print_rlc_hdr] reg_list_format_separate_size_bytes: 0
[    0.915817] [drm:amdgpu_ucode_print_rlc_hdr] reg_list_format_separate_array_offset_bytes: 0
[    0.915821] [drm:amdgpu_ucode_print_rlc_hdr] reg_list_separate_size_bytes: 0
[    0.915824] [drm:amdgpu_ucode_print_rlc_hdr] reg_list_separate_array_offset_bytes: 0
[    0.944991] [drm:amdgpu_ih_process] amdgpu_ih_process: rptr 0, wptr 32
[    0.945009] [drm:amdgpu_irq_dispatch] Unregistered interrupt client_id: 4 src_id: 5
[    0.980622] amdgpu 0000:04:00.0: amdgpu: RAS: optional ras ta ucode is not available
[    0.991621] amdgpu 0000:04:00.0: amdgpu: RAP: optional rap ta ucode is not available
[    0.991628] amdgpu 0000:04:00.0: amdgpu: SECUREDISPLAY: securedisplay ta ucode is not available
[    0.992764] amdgpu 0000:04:00.0: amdgpu: SMU is initialized successfully!
[    0.992769] [drm:amdgpu_dm_irq_init] DM_IRQ
[    0.992809] [drm:dal_firmware_parser_init_cmd_tbl] Don't have dig_encoder_control for v0
[    0.992818] [drm:dal_firmware_parser_init_cmd_tbl] Don't have transmitter_control for v0
[    0.992824] [drm:dal_firmware_parser_init_cmd_tbl] Don't have set_pixel_clock for v0
[    0.992830] [drm:dal_firmware_parser_init_cmd_tbl] Don't have set_crtc_timing for v0
[    0.992836] [drm:dal_firmware_parser_init_cmd_tbl] Don't have enable_crtc for v0
[    0.992842] [drm:dal_firmware_parser_init_cmd_tbl] Don't have set_dce_clock for v0
[    0.993556] [drm:create_links] BIOS object table - number of connectors: 5
[    0.993559] [drm:create_links] DC: create_links: connectors_num: physical:5, virtual:0
[    0.993561] [drm:create_links] BIOS object table - printing link object info for connector number: 0, link_index: 0
[    0.993564] [drm:link_create] BIOS object table - link_id: 20
[    0.993566] [drm:link_create] BIOS object table - is_internal_display: 0
[    0.993577] [drm:link_create] BIOS object table - hpd_gpio id: 3
[    0.993579] [drm:link_create] BIOS object table - hpd_gpio en: 0
[    0.993580] [drm:link_create] Connector[0] description:signal 128
[    0.993583] [drm:dal_ddc_service_create] BIOS object table - i2c_line: 0
[    0.993600] [drm:dal_ddc_service_create] BIOS object table - i2c_engine_id: 1
[    0.993604] [drm:link_create] BIOS object table - DP_IS_USB_C: 0
[    0.993606] [drm:link_create] BIOS object table - IS_DP2_CAPABLE: 0
[    0.993607] [drm:link_create] BIOS object table - device_tag.acpi_device: 0
[    0.993609] [drm:link_create] BIOS object table - device_tag.dev_id.device_type: 1
[    0.993611] [drm:link_create] BIOS object table - device_tag.dev_id.enum_id: 1
[    0.993612] [drm:link_create] BIOS object table - ddi_channel_mapping: 0x00E4
[    0.993614] [drm:link_create] BIOS object table - chip_caps: 0
[    0.993615] [drm:link_create] BIOS object table - dc_link_construct_legacy finished successfully.
[    0.993617] [drm:create_links] BIOS object table - printing link object info for connector number: 1, link_index: 1
[    0.993619] [drm:link_create] BIOS object table - link_id: 12
[    0.993621] [drm:link_create] BIOS object table - is_internal_display: 0
[    0.993624] [drm:link_create] BIOS object table - hpd_gpio id: 3
[    0.993626] [drm:link_create] BIOS object table - hpd_gpio en: 1
[    0.993627] [drm:link_create] Connector[1] description:signal 4
[    0.993630] [drm:dal_ddc_service_create] BIOS object table - i2c_line: 1
[    0.993631] [drm:dal_ddc_service_create] BIOS object table - i2c_engine_id: 1
[    0.993635] [drm:link_create] BIOS object table - DP_IS_USB_C: 0
[    0.993637] [drm:link_create] BIOS object table - IS_DP2_CAPABLE: 0
[    0.993638] [drm:link_create] BIOS object table - device_tag.acpi_device: 0
[    0.993639] [drm:link_create] BIOS object table - device_tag.dev_id.device_type: 3
[    0.993640] [drm:link_create] BIOS object table - device_tag.dev_id.enum_id: 3
[    0.993642] [drm:link_create] BIOS object table - ddi_channel_mapping: 0x00E4
[    0.993643] [drm:link_create] BIOS object table - chip_caps: 0
[    0.993650] [drm:link_create] BIOS object table - dc_link_construct_legacy finished successfully.
[    0.993651] [drm:create_links] BIOS object table - printing link object info for connector number: 2, link_index: 2
[    0.993653] [drm:link_create] BIOS object table - link_id: 19
[    0.993654] [drm:link_create] BIOS object table - is_internal_display: 0
[    0.993658] [drm:link_create] BIOS object table - hpd_gpio id: 3
[    0.993660] [drm:link_create] BIOS object table - hpd_gpio en: 2
[    0.993661] [drm:link_create] Connector[2] description:signal 32
[    0.993663] [drm:dal_ddc_service_create] BIOS object table - i2c_line: 2
[    0.993665] [drm:dal_ddc_service_create] BIOS object table - i2c_engine_id: 1
[    0.993668] [drm:link_create] BIOS object table - DP_IS_USB_C: 1
[    0.993669] [drm:link_create] BIOS object table - IS_DP2_CAPABLE: 1
[    0.993670] [drm:link_create] BIOS object table - device_tag.acpi_device: 0
[    0.993671] [drm:link_create] BIOS object table - device_tag.dev_id.device_type: 3
[    0.993673] [drm:link_create] BIOS object table - device_tag.dev_id.enum_id: 1
[    0.993674] [drm:link_create] BIOS object table - ddi_channel_mapping: 0x00E4
[    0.993675] [drm:link_create] BIOS object table - chip_caps: 256
[    0.993683] [drm:link_create] BIOS object table - dc_link_construct_legacy finished successfully.
[    0.993684] [drm:create_links] BIOS object table - printing link object info for connector number: 3, link_index: 3
[    0.993686] [drm:link_create] BIOS object table - link_id: 0
[    0.993687] [drm:link_create] BIOS object table - is_internal_display: 0
[    0.993688] [drm:link_create] dc_link_construct_legacy: Invalid Connector ObjectID from Adapter Service for connector index:3! type 0 expected 3
[    0.993691] [drm:link_create] BIOS object table - dc_link_construct_legacy failed.
[    0.993692] [drm:create_links] BIOS object table - printing link object info for connector number: 4, link_index: 3
[    0.993694] [drm:link_create] BIOS object table - link_id: 19
[    0.993695] [drm:link_create] BIOS object table - is_internal_display: 0
[    0.993699] [drm:link_create] BIOS object table - hpd_gpio id: 3
[    0.993700] [drm:link_create] BIOS object table - hpd_gpio en: 3
[    0.993701] [drm:link_create] Connector[4] description:signal 32
[    0.993703] [drm:dal_ddc_service_create] BIOS object table - i2c_line: 3
[    0.993705] [drm:dal_ddc_service_create] BIOS object table - i2c_engine_id: 1
[    0.993709] [drm:link_create] BIOS object table - DP_IS_USB_C: 1
[    0.993710] [drm:link_create] BIOS object table - IS_DP2_CAPABLE: 1
[    0.993722] [drm:link_create] BIOS object table - device_tag.acpi_device: 0
[    0.993723] [drm:link_create] BIOS object table - device_tag.dev_id.device_type: 3
[    0.993724] [drm:link_create] BIOS object table - device_tag.dev_id.enum_id: 2
[    0.993726] [drm:link_create] BIOS object table - ddi_channel_mapping: 0x00E4
[    0.993727] [drm:link_create] BIOS object table - chip_caps: 256
[    0.993734] [drm:link_create] BIOS object table - dc_link_construct_legacy finished successfully.
[    0.993736] [drm:create_links] BIOS object table - end
[    0.993738] [drm:dc_create] Display Core initialized
[    0.993742] [drm] Display Core initialized with v3.2.198!
[    0.995159] [drm] DMUB hardware initialized: version=0x00007000
[    0.995226] [drm:dce110_edp_power_control] dce110_edp_power_control: Skipping Panel Power action: On
[    1.022197] [drm:mpc2_assert_idle_mpcc] REG_WAIT taking a while: 7ms in mpc2_assert_idle_mpcc line:480
[    1.022216] [drm:dcn20_plane_atomic_disable] Power gated front end 0
[    1.022220] [drm:dcn10_init_pipes] Power down front end 0
[    1.022242] [drm:dcn20_plane_atomic_disable] Power gated front end 1
[    1.022244] [drm:dcn10_init_pipes] Power down front end 1
[    1.022264] [drm:dcn20_plane_atomic_disable] Power gated front end 2
[    1.022266] [drm:dcn10_init_pipes] Power down front end 2
[    1.022285] [drm:dcn20_plane_atomic_disable] Power gated front end 3
[    1.022288] [drm:dcn10_init_pipes] Power down front end 3
[    1.023000] [drm:dm_hw_init] amdgpu: freesync_module init done 000000002ba7b3ad.
[    1.023088] [drm:dm_hw_init] amdgpu: hdcp_workqueue init done 000000000f481a08.
[    1.023239] [drm:amdgpu_dm_irq_register_interrupt] DM_IRQ: added irq handler: 000000000c29b6c9 for: dal_src=96, irq context=0
[    1.023244] [drm:dm_hw_init] amdgpu_dm_connector_init()
[    1.023338] [drm:dce110_edp_power_control] dce110_edp_power_control: Skipping Panel Power action: On
[    1.023388] [drm:dce110_edp_power_control] dce110_edp_power_control: Skipping Panel Power action: On
[    1.023687] amdgpu 0000:04:00.0: [drm:drm_dp_dpcd_probe] AMDGPU DM aux hw bus 0: 0x00000 AUX -> (ret=  1) 11
[    1.023973] amdgpu 0000:04:00.0: [drm:drm_dp_dpcd_read] AMDGPU DM aux hw bus 0: 0x00101 AUX -> (ret=  1) 82
[    1.024256] amdgpu 0000:04:00.0: [drm:drm_dp_dpcd_probe] AMDGPU DM aux hw bus 0: 0x00000 AUX -> (ret=  1) 11
[    1.024538] amdgpu 0000:04:00.0: [drm:drm_dp_dpcd_read] AMDGPU DM aux hw bus 0: 0x00100 AUX -> (ret=  1) 0a
[    1.024820] amdgpu 0000:04:00.0: [drm:drm_dp_dpcd_probe] AMDGPU DM aux hw bus 0: 0x00000 AUX -> (ret=  1) 11
[    1.025101] amdgpu 0000:04:00.0: [drm:drm_dp_dpcd_read] AMDGPU DM aux hw bus 0: 0x00003 AUX -> (ret=  1) 41
[    1.025387] amdgpu 0000:04:00.0: [drm:drm_dp_dpcd_probe] AMDGPU DM aux hw bus 0: 0x00000 AUX -> (ret=  1) 11
[    1.025730] amdgpu 0000:04:00.0: [drm:drm_dp_dpcd_read] AMDGPU DM aux hw bus 0: 0xf0000 AUX -> (ret=  8) 00 00 00 00 00 00 00 00
[    1.026013] amdgpu 0000:04:00.0: [drm:drm_dp_dpcd_probe] AMDGPU DM aux hw bus 0: 0x00000 AUX -> (ret=  1) 11
[    1.026307] amdgpu 0000:04:00.0: [drm:drm_dp_dpcd_read] AMDGPU DM aux hw bus 0: 0xe000d AUX -> (ret=  3) 00 00 00
[    1.026590] amdgpu 0000:04:00.0: [drm:drm_dp_dpcd_probe] AMDGPU DM aux hw bus 0: 0x00000 AUX -> (ret=  1) 11
[    1.026909] amdgpu 0000:04:00.0: [drm:drm_dp_dpcd_read] AMDGPU DM aux hw bus 0: 0xe001b AUX -> (ret=  5) 00 00 00 00 00
[    1.027191] amdgpu 0000:04:00.0: [drm:drm_dp_dpcd_probe] AMDGPU DM aux hw bus 0: 0x00000 AUX -> (ret=  1) 11
[    1.027473] amdgpu 0000:04:00.0: [drm:drm_dp_dpcd_read] AMDGPU DM aux hw bus 0: 0x00600 AUX -> (ret=  1) 01
[    1.027756] amdgpu 0000:04:00.0: [drm:drm_dp_dpcd_probe] AMDGPU DM aux hw bus 0: 0x00000 AUX -> (ret=  1) 11
[    1.028061] amdgpu 0000:04:00.0: [drm:drm_dp_dpcd_read] AMDGPU DM aux hw bus 0: 0x00300 AUX -> (ret=  3) 00 00 1a
[    1.059957] amdgpu 0000:04:00.0: [drm:drm_dp_dpcd_access] AMDGPU DM aux hw bus 0: Too many retries, giving up. First error: -5
[    1.059967] amdgpu 0000:04:00.0: [drm:drm_dp_dpcd_write] AMDGPU DM aux hw bus 0: 0x00303 AUX <- (ret= -5)
[    1.091897] amdgpu 0000:04:00.0: [drm:drm_dp_dpcd_access] AMDGPU DM aux hw bus 0: Too many retries, giving up. First error: -5
[    1.091906] amdgpu 0000:04:00.0: [drm:drm_dp_dpcd_write] AMDGPU DM aux hw bus 0: 0x00340 AUX <- (ret= -5)
[    1.124949] amdgpu 0000:04:00.0: [drm:drm_dp_dpcd_probe] AMDGPU DM aux hw bus 0: 0x00000 AUX -> (ret=  1) 11
[    1.125390] amdgpu 0000:04:00.0: [drm:drm_dp_dpcd_read] AMDGPU DM aux hw bus 0: 0x00000 AUX -> (ret= 16) 11 0a 82 41 00 00 01 40 02 02 00 00 00 03 00 00
[    1.125693] amdgpu 0000:04:00.0: [drm:drm_dp_dpcd_probe] AMDGPU DM aux hw bus 0: 0x00000 AUX -> (ret=  1) 11
[    1.126061] amdgpu 0000:04:00.0: [drm:drm_dp_dpcd_read] AMDGPU DM aux hw bus 0: 0x00500 AUX -> (ret=  9) 00 00 00 00 00 00 00 00 00
[    1.126354] amdgpu 0000:04:00.0: [drm:drm_dp_dpcd_probe] AMDGPU DM aux hw bus 0: 0x00000 AUX -> (ret=  1) 11
[    1.126646] amdgpu 0000:04:00.0: [drm:drm_dp_dpcd_read] AMDGPU DM aux hw bus 0: 0x00000 AUX -> (ret=  1) 11
[    1.126938] amdgpu 0000:04:00.0: [drm:drm_dp_dpcd_probe] AMDGPU DM aux hw bus 0: 0x00000 AUX -> (ret=  1) 11
[    1.127230] amdgpu 0000:04:00.0: [drm:drm_dp_dpcd_read] AMDGPU DM aux hw bus 0: 0x00200 AUX -> (ret=  1) 41
[    1.127521] amdgpu 0000:04:00.0: [drm:drm_dp_dpcd_probe] AMDGPU DM aux hw bus 0: 0x00000 AUX -> (ret=  1) 11
[    1.127876] amdgpu 0000:04:00.0: [drm:drm_dp_dpcd_read] AMDGPU DM aux hw bus 0: 0x00400 AUX -> (ret=  9) 00 00 00 00 00 00 00 00 00
[    1.128158] amdgpu 0000:04:00.0: [drm:drm_dp_dpcd_probe] AMDGPU DM aux hw bus 0: 0x00000 AUX -> (ret=  1) 11
[    1.128453] amdgpu 0000:04:00.0: [drm:drm_dp_dpcd_read] AMDGPU DM aux hw bus 0: 0x00409 AUX -> (ret=  3) 00 00 00
[    1.128735] amdgpu 0000:04:00.0: [drm:drm_dp_dpcd_probe] AMDGPU DM aux hw bus 0: 0x00000 AUX -> (ret=  1) 11
[    1.129018] amdgpu 0000:04:00.0: [drm:drm_dp_dpcd_read] AMDGPU DM aux hw bus 0: 0x00317 AUX -> (ret=  1) 00
[    1.129300] amdgpu 0000:04:00.0: [drm:drm_dp_dpcd_probe] AMDGPU DM aux hw bus 0: 0x00000 AUX -> (ret=  1) 11
[    1.129582] amdgpu 0000:04:00.0: [drm:drm_dp_dpcd_read] AMDGPU DM aux hw bus 0: 0x02217 AUX -> (ret=  1) 00
[    1.129586] [drm:retrieve_link_cap] Rx Caps:
[    1.129871] amdgpu 0000:04:00.0: [drm:drm_dp_dpcd_probe] AMDGPU DM aux hw bus 0: 0x00000 AUX -> (ret=  1) 11
[    1.130154] amdgpu 0000:04:00.0: [drm:drm_dp_dpcd_read] AMDGPU DM aux hw bus 0: 0x00702 AUX -> (ret=  1) 00
[    1.130436] amdgpu 0000:04:00.0: [drm:drm_dp_dpcd_probe] AMDGPU DM aux hw bus 0: 0x00000 AUX -> (ret=  1) 11
[    1.130718] amdgpu 0000:04:00.0: [drm:drm_dp_dpcd_read] AMDGPU DM aux hw bus 0: 0x00701 AUX -> (ret=  1) 00
[    1.131000] amdgpu 0000:04:00.0: [drm:drm_dp_dpcd_probe] AMDGPU DM aux hw bus 0: 0x00000 AUX -> (ret=  1) 11
[    1.131282] amdgpu 0000:04:00.0: [drm:drm_dp_dpcd_read] AMDGPU DM aux hw bus 0: 0x00700 AUX -> (ret=  1) 01
[    1.131565] amdgpu 0000:04:00.0: [drm:drm_dp_dpcd_probe] AMDGPU DM aux hw bus 0: 0x00000 AUX -> (ret=  1) 11
[    1.131847] amdgpu 0000:04:00.0: [drm:drm_dp_dpcd_read] AMDGPU DM aux hw bus 0: 0x0002e AUX -> (ret=  1) 00
[    1.132130] amdgpu 0000:04:00.0: [drm:drm_dp_dpcd_probe] AMDGPU DM aux hw bus 0: 0x00000 AUX -> (ret=  1) 11
[    1.132412] amdgpu 0000:04:00.0: [drm:drm_dp_dpcd_read] AMDGPU DM aux hw bus 0: 0x00101 AUX -> (ret=  1) 82
[    1.132695] amdgpu 0000:04:00.0: [drm:drm_dp_dpcd_probe] AMDGPU DM aux hw bus 0: 0x00000 AUX -> (ret=  1) 11
[    1.132978] amdgpu 0000:04:00.0: [drm:drm_dp_dpcd_read] AMDGPU DM aux hw bus 0: 0x00100 AUX -> (ret=  1) 0a
[    1.133260] amdgpu 0000:04:00.0: [drm:drm_dp_dpcd_probe] AMDGPU DM aux hw bus 0: 0x00000 AUX -> (ret=  1) 11
[    1.133542] amdgpu 0000:04:00.0: [drm:drm_dp_dpcd_read] AMDGPU DM aux hw bus 0: 0x00003 AUX -> (ret=  1) 41
[    1.139347] [drm:update_display_info] Supported Monitor Refresh rate range is 0 Hz - 0 Hz
[    1.139351] [drm:update_display_info] eDP-1: Assigning EDID-1.4 digital sink color depth as 8 bpc.
[    1.139359] [drm:drm_edid_to_sad] Found 0 Short Audio Descriptors
[    1.139640] amdgpu 0000:04:00.0: [drm:drm_dp_dpcd_probe] AMDGPU DM aux hw bus 0: 0x00000 AUX -> (ret=  1) 11
[    1.139922] amdgpu 0000:04:00.0: [drm:drm_dp_dpcd_read] AMDGPU DM aux hw bus 0: 0x00201 AUX -> (ret=  1) 00
[    1.140204] amdgpu 0000:04:00.0: [drm:drm_dp_dpcd_probe] AMDGPU DM aux hw bus 0: 0x00000 AUX -> (ret=  1) 11
[    1.140486] amdgpu 0000:04:00.0: [drm:drm_dp_dpcd_read] AMDGPU DM aux hw bus 0: 0x00218 AUX -> (ret=  1) 00
[    1.140490] amdgpu 0000:04:00.0: [drm:drm_dp_send_real_edid_checksum] AMDGPU DM aux hw bus 0: Source DUT does not support TEST_EDID_READ
[    1.140773] amdgpu 0000:04:00.0: [drm:drm_dp_dpcd_probe] AMDGPU DM aux hw bus 0: 0x00000 AUX -> (ret=  1) 11
[    1.141079] amdgpu 0000:04:00.0: [drm:drm_dp_dpcd_read] AMDGPU DM aux hw bus 0: 0x6921d AUX -> (ret=  3) 00 00 00
[    1.141082] [drm:dc_link_detect] : [Block 0]
[    1.141084] [drm:dc_link_detect] detect_link_and_local_sink: manufacturer_id = AE0D, product_id = 14F5, serial_number = 0, manufacture_week = 16, manufacture_year = 28, display_name = , speaker_flag = 0, audio_mode_count = 0
[    1.141088] [drm:dc_link_detect] link=0, dc_sink_in=00000000edded883 is now Connected prev_sink=0000000000000000 edid same=0
[    1.141096] [drm:amdgpu_dm_update_connector_after_detect] DCHPD: connector_id=0: Old sink=0000000000000000 New sink=00000000edded883
[    1.141382] amdgpu 0000:04:00.0: [drm:drm_dp_dpcd_probe] AMDGPU DM aux hw bus 0: 0x00000 AUX -> (ret=  1) 11
[    1.141665] amdgpu 0000:04:00.0: [drm:drm_dp_dpcd_read] AMDGPU DM aux hw bus 0: 0x03000 AUX -> (ret=  1) 00
[    1.141668] [drm:update_display_info] Supported Monitor Refresh rate range is 0 Hz - 0 Hz
[    1.141670] [drm:update_display_info] eDP-1: Assigning EDID-1.4 digital sink color depth as 8 bpc.
[    1.141672] [drm:drm_mode_object_put] OBJ ID: 83 (1)
[    1.141956] amdgpu 0000:04:00.0: [drm:drm_dp_dpcd_probe] AMDGPU DM aux hw bus 0: 0x00000 AUX -> (ret=  1) 11
[    1.142238] amdgpu 0000:04:00.0: [drm:drm_dp_dpcd_read] AMDGPU DM aux hw bus 0: 0x00007 AUX -> (ret=  1) 40
[    1.142290] [drm:dm_hw_init] DM: Registered Backlight device: amdgpu_bl0
[    1.142293] [drm] PSR support 0, DC PSR ver -1, sink PSR ver 0 DPCD caps 0x0 su_y_granularity 0
[    1.142297] [drm:update_display_info] Supported Monitor Refresh rate range is 0 Hz - 0 Hz
[    1.142299] [drm:update_display_info] eDP-1: Assigning EDID-1.4 digital sink color depth as 8 bpc.
[    1.142301] [drm:_drm_edid_connector_update] ELD monitor
[    1.142303] [drm:_drm_edid_connector_update] ELD size 20, SAD count 0
[    1.142602] amdgpu 0000:04:00.0: [drm:drm_dp_dpcd_probe] AMDGPU DM aux hw bus 0: 0x00000 AUX -> (ret=  1) 11
[    1.142885] amdgpu 0000:04:00.0: [drm:drm_dp_dpcd_read] AMDGPU DM aux hw bus 0: 0x00007 AUX -> (ret=  1) 40
[    1.142897] [drm:dm_hw_init] amdgpu_dm_connector_init()
[    1.142973] [drm:dc_link_detect] link=1, dc_sink_in=0000000000000000 is now Disconnected prev_sink=0000000000000000 edid same=0
[    1.142975] [drm:amdgpu_dm_update_connector_after_detect] DCHPD: connector_id=1: dc_sink didn't change.
[    1.142980] [drm:dm_hw_init] amdgpu_dm_connector_init()
[    1.143069] [drm] DP Alt mode state on HPD: 1
[    1.149305] amdgpu 0000:04:00.0: [drm:drm_dp_dpcd_probe] AMDGPU DM aux hw bus 2: 0x00000 AUX -> (ret=  1) 12
[    1.149929] amdgpu 0000:04:00.0: [drm:drm_dp_dpcd_read] AMDGPU DM aux hw bus 2: 0xf0000 AUX -> (ret=  8) 00 00 00 00 00 00 00 00
[    1.150471] amdgpu 0000:04:00.0: [drm:drm_dp_dpcd_probe] AMDGPU DM aux hw bus 2: 0x00000 AUX -> (ret=  1) 12
[    1.151036] amdgpu 0000:04:00.0: [drm:drm_dp_dpcd_read] AMDGPU DM aux hw bus 2: 0xe000d AUX -> (ret=  3) 00 00 00
[    1.151573] amdgpu 0000:04:00.0: [drm:drm_dp_dpcd_probe] AMDGPU DM aux hw bus 2: 0x00000 AUX -> (ret=  1) 12
[    1.152139] amdgpu 0000:04:00.0: [drm:drm_dp_dpcd_read] AMDGPU DM aux hw bus 2: 0xe001b AUX -> (ret=  5) 00 00 00 00 00
[    1.152669] amdgpu 0000:04:00.0: [drm:drm_dp_dpcd_probe] AMDGPU DM aux hw bus 2: 0x00000 AUX -> (ret=  1) 12
[    1.153198] amdgpu 0000:04:00.0: [drm:drm_dp_dpcd_read] AMDGPU DM aux hw bus 2: 0x00600 AUX -> (ret=  1) 02
[    1.154739] amdgpu 0000:04:00.0: [drm:drm_dp_dpcd_probe] AMDGPU DM aux hw bus 2: 0x00000 AUX -> (ret=  1) 12
[    1.155302] amdgpu 0000:04:00.0: [drm:drm_dp_dpcd_read] AMDGPU DM aux hw bus 2: 0x00300 AUX -> (ret=  3) 00 00 1a
[    1.155903] amdgpu 0000:04:00.0: [drm:drm_dp_dpcd_write] AMDGPU DM aux hw bus 2: 0x00303 AUX <- (ret=  9) 06 15 00 00 00 00 19 00 00
[    1.156432] amdgpu 0000:04:00.0: [drm:drm_dp_dpcd_write] AMDGPU DM aux hw bus 2: 0x00340 AUX <- (ret=  1) 50
[    1.189190] amdgpu 0000:04:00.0: [drm:drm_dp_dpcd_probe] AMDGPU DM aux hw bus 2: 0x00000 AUX -> (ret=  1) 12
[    1.189880] amdgpu 0000:04:00.0: [drm:drm_dp_dpcd_read] AMDGPU DM aux hw bus 2: 0x00000 AUX -> (ret= 16) 12 14 c2 81 01 1d 01 81 38 2d 04 00 00 00 84 00
[    1.190426] amdgpu 0000:04:00.0: [drm:drm_dp_dpcd_probe] AMDGPU DM aux hw bus 2: 0x00000 AUX -> (ret=  1) 12
[    1.191094] amdgpu 0000:04:00.0: [drm:drm_dp_dpcd_read] AMDGPU DM aux hw bus 2: 0x02200 AUX -> (ret= 16) 14 1e c2 81 01 1d 01 81 38 2d 04 00 00 00 84 00
[    1.191640] amdgpu 0000:04:00.0: [drm:drm_dp_dpcd_probe] AMDGPU DM aux hw bus 2: 0x00000 AUX -> (ret=  1) 12
[    1.192168] amdgpu 0000:04:00.0: [drm:drm_dp_dpcd_read] AMDGPU DM aux hw bus 2: 0x02210 AUX -> (ret=  1) 08
[    1.192697] amdgpu 0000:04:00.0: [drm:drm_dp_dpcd_probe] AMDGPU DM aux hw bus 2: 0x00000 AUX -> (ret=  1) 12
[    1.193300] amdgpu 0000:04:00.0: [drm:drm_dp_dpcd_read] AMDGPU DM aux hw bus 2: 0x00500 AUX -> (ret=  9) 00 e0 4c 44 70 31 2e 32 00
[    1.193829] amdgpu 0000:04:00.0: [drm:drm_dp_dpcd_probe] AMDGPU DM aux hw bus 2: 0x00000 AUX -> (ret=  1) 12
[    1.194369] amdgpu 0000:04:00.0: [drm:drm_dp_dpcd_read] AMDGPU DM aux hw bus 2: 0x00000 AUX -> (ret=  1) 12
[    1.194898] amdgpu 0000:04:00.0: [drm:drm_dp_dpcd_probe] AMDGPU DM aux hw bus 2: 0x00000 AUX -> (ret=  1) 12
[    1.195441] amdgpu 0000:04:00.0: [drm:drm_dp_dpcd_read] AMDGPU DM aux hw bus 2: 0x00021 AUX -> (ret=  1) 00
[    1.195980] amdgpu 0000:04:00.0: [drm:drm_dp_dpcd_probe] AMDGPU DM aux hw bus 2: 0x00000 AUX -> (ret=  1) 12
[    1.196654] amdgpu 0000:04:00.0: [drm:drm_dp_dpcd_read] AMDGPU DM aux hw bus 2: 0x00080 AUX -> (ret= 16) 0b f0 02 16 00 00 00 00 00 00 00 00 00 00 00 00
[    1.197184] amdgpu 0000:04:00.0: [drm:drm_dp_dpcd_probe] AMDGPU DM aux hw bus 2: 0x00000 AUX -> (ret=  1) 12
[    1.197713] amdgpu 0000:04:00.0: [drm:drm_dp_dpcd_read] AMDGPU DM aux hw bus 2: 0x03036 AUX -> (ret=  1) 00
[    1.198243] amdgpu 0000:04:00.0: [drm:drm_dp_dpcd_probe] AMDGPU DM aux hw bus 2: 0x00000 AUX -> (ret=  1) 12
[    1.198795] amdgpu 0000:04:00.0: [drm:drm_dp_dpcd_read] AMDGPU DM aux hw bus 2: 0x00509 AUX -> (ret=  3) 00 00 00
[    1.199324] amdgpu 0000:04:00.0: [drm:drm_dp_dpcd_probe] AMDGPU DM aux hw bus 2: 0x00000 AUX -> (ret=  1) 12
[    1.199950] amdgpu 0000:04:00.0: [drm:drm_dp_dpcd_read] AMDGPU DM aux hw bus 2: 0x000a3 AUX -> (ret= 12) 00 00 00 00 00 00 00 00 00 00 00 00
[    1.199954] [drm:get_active_converter_info] DFP capability extension is read at link 2
[    1.199959] [drm:get_active_converter_info]  dfp_cap_ext.supported = false
[    1.199962] [drm:get_active_converter_info]  dfp_cap_ext.max_pixel_rate_in_mps = 0
[    1.199964] [drm:get_active_converter_info]  dfp_cap_ext.max_video_h_active_width = 0
[    1.199967] [drm:get_active_converter_info]  dfp_cap_ext.max_video_v_active_height = 0
[    1.200501] amdgpu 0000:04:00.0: [drm:drm_dp_dpcd_probe] AMDGPU DM aux hw bus 2: 0x00000 AUX -> (ret=  1) 12
[    1.201040] amdgpu 0000:04:00.0: [drm:drm_dp_dpcd_read] AMDGPU DM aux hw bus 2: 0x00200 AUX -> (ret=  1) 41
[    1.201576] amdgpu 0000:04:00.0: [drm:drm_dp_dpcd_probe] AMDGPU DM aux hw bus 2: 0x00000 AUX -> (ret=  1) 12
[    1.202178] amdgpu 0000:04:00.0: [drm:drm_dp_dpcd_read] AMDGPU DM aux hw bus 2: 0x00400 AUX -> (ret=  9) 00 00 00 00 00 00 00 00 00
[    1.202708] amdgpu 0000:04:00.0: [drm:drm_dp_dpcd_probe] AMDGPU DM aux hw bus 2: 0x00000 AUX -> (ret=  1) 12
[    1.203260] amdgpu 0000:04:00.0: [drm:drm_dp_dpcd_read] AMDGPU DM aux hw bus 2: 0x00409 AUX -> (ret=  3) 00 00 00
[    1.203790] amdgpu 0000:04:00.0: [drm:drm_dp_dpcd_probe] AMDGPU DM aux hw bus 2: 0x00000 AUX -> (ret=  1) 12
[    1.204318] amdgpu 0000:04:00.0: [drm:drm_dp_dpcd_read] AMDGPU DM aux hw bus 2: 0x00090 AUX -> (ret=  1) 00
[    1.204848] amdgpu 0000:04:00.0: [drm:drm_dp_dpcd_probe] AMDGPU DM aux hw bus 2: 0x00000 AUX -> (ret=  1) 12
[    1.205510] amdgpu 0000:04:00.0: [drm:drm_dp_dpcd_read] AMDGPU DM aux hw bus 2: 0x00060 AUX -> (ret= 16) 00 00 00 00 00 00 00 00 00 00 00 00 00 00 00 00
[    1.206040] amdgpu 0000:04:00.0: [drm:drm_dp_dpcd_probe] AMDGPU DM aux hw bus 2: 0x00000 AUX -> (ret=  1) 12
[    1.206590] amdgpu 0000:04:00.0: [drm:drm_dp_dpcd_read] AMDGPU DM aux hw bus 2: 0x000a0 AUX -> (ret=  3) 00 00 00
[    1.206601] [drm:retrieve_link_cap] DSC branch decoder capability is read at link 2
[    1.206608] [drm:retrieve_link_cap]  BRANCH_OVERALL_THROUGHPUT_0 = 0x00
[    1.206615] [drm:retrieve_link_cap]  BRANCH_OVERALL_THROUGHPUT_1 = 0x00
[    1.206621] [drm:retrieve_link_cap]  BRANCH_MAX_LINE_WIDTH 0x00
[    1.207159] amdgpu 0000:04:00.0: [drm:drm_dp_dpcd_probe] AMDGPU DM aux hw bus 2: 0x00000 AUX -> (ret=  1) 12
[    1.207700] amdgpu 0000:04:00.0: [drm:drm_dp_dpcd_read] AMDGPU DM aux hw bus 2: 0x00317 AUX -> (ret=  1) 00
[    1.208230] amdgpu 0000:04:00.0: [drm:drm_dp_dpcd_probe] AMDGPU DM aux hw bus 2: 0x00000 AUX -> (ret=  1) 12
[    1.208758] amdgpu 0000:04:00.0: [drm:drm_dp_dpcd_read] AMDGPU DM aux hw bus 2: 0x02217 AUX -> (ret=  1) 00
[    1.209512] [drm:retrieve_link_cap] Rx Caps:
[    1.209515] SRINI----- custom's print from func is_dp_active_dongle : 4698  DISPLAY_DONGLE_DP_VGA_CONVERTER
[    1.226113] [drm:update_display_info] Supported Monitor Refresh rate range is 0 Hz - 0 Hz
[    1.226122] [drm:update_display_info] HDMI: DVI dual 0, max TMDS clock 170000 kHz
[    1.226128] [drm:update_display_info] DP-1: No deep color support on this HDMI sink.
[    1.226132] [drm:update_display_info] CEA VCDB 0x2b
[    1.226147] [drm:drm_edid_to_sad] Found 0 Short Audio Descriptors
[    1.226686] amdgpu 0000:04:00.0: [drm:drm_dp_dpcd_probe] AMDGPU DM aux hw bus 2: 0x00000 AUX -> (ret=  1) 12
[    1.227215] amdgpu 0000:04:00.0: [drm:drm_dp_dpcd_read] AMDGPU DM aux hw bus 2: 0x00201 AUX -> (ret=  1) 00
[    1.227756] amdgpu 0000:04:00.0: [drm:drm_dp_dpcd_probe] AMDGPU DM aux hw bus 2: 0x00000 AUX -> (ret=  1) 12
[    1.230376] amdgpu 0000:04:00.0: [drm:drm_dp_dpcd_read] AMDGPU DM aux hw bus 2: 0x00218 AUX -> (ret=  1) 00
[    1.230405] amdgpu 0000:04:00.0: [drm:drm_dp_send_real_edid_checksum] AMDGPU DM aux hw bus 2: Source DUT does not support TEST_EDID_READ
[    1.230955] amdgpu 0000:04:00.0: [drm:drm_dp_dpcd_probe] AMDGPU DM aux hw bus 2: 0x00000 AUX -> (ret=  1) 12
[    1.231521] amdgpu 0000:04:00.0: [drm:drm_dp_dpcd_read] AMDGPU DM aux hw bus 2: 0x6921d AUX -> (ret=  3) 02 00 03
[    1.232051] amdgpu 0000:04:00.0: [drm:drm_dp_dpcd_probe] AMDGPU DM aux hw bus 2: 0x00000 AUX -> (ret=  1) 12
[    1.232580] amdgpu 0000:04:00.0: [drm:drm_dp_dpcd_read] AMDGPU DM aux hw bus 2: 0x68028 AUX -> (ret=  1) 03
[    1.232583] [drm:dc_link_detect] HP E243: [Block 0]
[    1.232587] [drm:dc_link_detect] HP E243: [Block 1]
[    1.232588] [drm:dc_link_detect] detect_link_and_local_sink: manufacturer_id = E22, product_id = 3469, serial_number = 1010101, manufacture_week = 28, manufacture_year = 28, display_name = HP E243, speaker_flag = 0, audio_mode_count = 0
[    1.232592] [drm:dc_link_detect] link=2, dc_sink_in=0000000088d26da6 is now Connected prev_sink=0000000000000000 edid same=0
[    1.233195] amdgpu 0000:04:00.0: [drm:drm_dp_dpcd_write] AMDGPU DM aux hw bus 2: 0x00600 AUX <- (ret=  1) 02
[    1.233199] [drm:dcn31_link_encoder_disable_output] dcn31_link_encoder_disable_output: enc_id(2)
[    1.233219] [drm:dcn31_link_encoder_enable_dp_output] dcn31_link_encoder_enable_dp_output: enc_id(2)
[    1.235049] amdgpu 0000:04:00.0: [drm:drm_dp_dpcd_write] AMDGPU DM aux hw bus 2: 0x00600 AUX <- (ret=  1) 01
[    1.235579] amdgpu 0000:04:00.0: [drm:drm_dp_dpcd_probe] AMDGPU DM aux hw bus 2: 0x00000 AUX -> (ret=  1) 12
[    1.236109] amdgpu 0000:04:00.0: [drm:drm_dp_dpcd_read] AMDGPU DM aux hw bus 2: 0x0000e AUX -> (ret=  1) 84
[    1.236639] amdgpu 0000:04:00.0: [drm:drm_dp_dpcd_probe] AMDGPU DM aux hw bus 2: 0x00000 AUX -> (ret=  1) 12
[    1.237168] amdgpu 0000:04:00.0: [drm:drm_dp_dpcd_read] AMDGPU DM aux hw bus 2: 0x0000e AUX -> (ret=  1) 84
[    1.237698] amdgpu 0000:04:00.0: [drm:drm_dp_dpcd_write] AMDGPU DM aux hw bus 2: 0x00102 AUX <- (ret=  1) 00
