    +----------------------------------------------------------------------+
    ¦                 • MobaXterm Personal Edition v21.5 •                 ¦
    ¦               (SSH client, X server and network tools)               ¦
    ¦                                                                      ¦
    ¦ ? SSH session to srishanm@10.138.129.9                               ¦
    ¦   • Direct SSH      :  ?                                             ¦
    ¦   • SSH compression :  ?                                             ¦
    ¦   • SSH-browser     :  ?                                             ¦
    ¦   • X11-forwarding  :  ?  (remote display is forwarded through SSH)  ¦
    ¦                                                                      ¦
    ¦ ? For more info, ctrl+click on help or visit our website.            ¦
    +----------------------------------------------------------------------+

Welcome to Ubuntu 20.04.4 LTS (GNU/Linux 5.15.0-56-generic x86_64)

 * Documentation:  https://help.ubuntu.com
 * Management:     https://landscape.canonical.com
 * Support:        https://ubuntu.com/advantage

108 updates can be applied immediately.
To see these additional updates run: apt list --upgradable

New release '22.04.1 LTS' available.
Run 'do-release-upgrade' to upgrade to it.

Your Hardware Enablement Stack (HWE) is supported until April 2025.
*** System restart required ***
Last login: Mon Feb 13 14:23:18 2023 from 10.136.38.122
srishanm@TRX40-1:~$ ssh root@10.136.9.122
Password:
localhost ~ # cd /
localhost / # modetest | grep "#0"
  #0 1920x1080 60.01 1920 1968 2000 2250 1080 1083 1088 1132 152840 flags: nhsync, nvsync; type: preferred, driver
  #0 1920x1080 60.00 1920 2008 2052 2200 1080 1084 1089 1125 148500 flags: phsync, pvsync; type: preferred, driver
  #0 1920x1080 60.01 1920 1968 2000 2250 1080 1083 1088 1132 152840 flags: nhsync, nvsync; type: preferred, driver
  #0 1920x1080 60.00 1920 2008 2052 2200 1080 1084 1089 1125 148500 flags: phsync, pvsync; type: preferred, driver
  #0  -nan 0 0 0 0 0 0 0 0 0 flags: ; type:
  #0  -nan 0 0 0 0 0 0 0 0 0 flags: ; type:
localhost / #
localhost / # dmesg -w
[    0.000000] Linux version 5.15.89-15899-g3f5b246a25a2-dirty (srishanm@TRX40-1) (Chromium OS 15.0_pre465103_p20220825-r3 clang version 15.0.0 (/var/tmp/portage/sys-devel/llvm-15.0_pre465103_p20220825-r3/work/llvm-15.0_pre465103_p20220825/clang db1978b67431ca3462ad8935bf662c15750b8252), LLD 15.0.0) #64 SMP PREEMPT Wed Feb 8 18:21:47 IST 2023
[    0.000000] Command line: cros_secure console= loglevel=7 init=/sbin/init cros_secure drm.trace=0x106 root=PARTUUID=bdf929fd-305a-4c4b-9749-8752614e538d/PARTNROFF=1 rootwait rw dm_verity.error_behavior=3 dm_verity.max_bios=-1 dm_verity.dev_wait=0 dm="1 vroot none ro 1,0 5324800 verity payload=ROOT_DEV hashtree=HASH_DEV hashstart=5324800 alg=sha256 root_hexdigest=ddd391d2b48112249bff6272c04a7063386f5f699c7a242cf29f3fb51afcf1c6 salt=2865b5e366b3caa615851897e77216f91a279a3d71f783fdea545e6130252497" noinitrd cros_debug vt.global_cursor_default=0 kern_guid=bdf929fd-305a-4c4b-9749-8752614e538d add_efi_memmap boot=local noresume noswap i915.modeset=1 amdgpu.abmlevel=0x4 amdgpu.dcfeaturemask=0x8 rtc-cmos.use_acpi_alarm=1 amd-pmc.enable_stb=1 drm.debug=0x1FF log_buf_len=256M
[    0.000000] KERNEL supported cpus:
[    0.000000]   AMD AuthenticAMD
[    0.000000] x86/fpu: Supporting XSAVE feature 0x001: 'x87 floating point registers'
[    0.000000] x86/fpu: Supporting XSAVE feature 0x002: 'SSE registers'
[    0.000000] x86/fpu: Supporting XSAVE feature 0x004: 'AVX registers'
[    0.000000] x86/fpu: xstate_offset[2]:  576, xstate_sizes[2]:  256
[    0.000000] x86/fpu: Enabled xstate features 0x7, context size is 832 bytes, using 'compacted' format.
[    0.000000] signal: max sigframe size: 1776
[    0.000000] BIOS-provided physical RAM map:
[    0.000000] BIOS-e820: [mem 0x0000000000000000-0x0000000000000fff] reserved
[    0.000000] BIOS-e820: [mem 0x0000000000001000-0x000000000009ffff] usable
[    0.000000] BIOS-e820: [mem 0x00000000000a0000-0x00000000000fffff] reserved
[    0.000000] BIOS-e820: [mem 0x0000000000100000-0x0000000001ffffff] usable
[    0.000000] BIOS-e820: [mem 0x0000000002000000-0x0000000002181fff] reserved
[    0.000000] BIOS-e820: [mem 0x0000000002182000-0x00000000b826bfff] usable
[    0.000000] BIOS-e820: [mem 0x00000000b826c000-0x00000000bfffffff] reserved
[    0.000000] BIOS-e820: [mem 0x00000000f8000000-0x00000000fbffffff] reserved
[    0.000000] BIOS-e820: [mem 0x00000000fec10000-0x00000000fec10fff] reserved
[    0.000000] BIOS-e820: [mem 0x00000000fedc2000-0x00000000fedc5fff] reserved
[    0.000000] BIOS-e820: [mem 0x00000000fedc9000-0x00000000fedcafff] reserved
[    0.000000] BIOS-e820: [mem 0x0000000100000000-0x000000023e33ffff] usable
[    0.000000] BIOS-e820: [mem 0x000000023e340000-0x000000023fffffff] reserved
[    0.000000] NX (Execute Disable) protection: active
[    0.000000] SMBIOS 3.0 present.
[    0.000000] DMI:  XXXXXX/XXXXXX, BIOS _XXXXXX
[    0.000000] tsc: Fast TSC calibration using PIT
[    0.000000] tsc: Detected 1197.845 MHz processor
[    0.000316] e820: update [mem 0x00000000-0x00000fff] usable ==> reserved
[    0.000318] e820: remove [mem 0x000a0000-0x000fffff] usable
[    0.000323] last_pfn = 0x23e340 max_arch_pfn = 0x400000000
[    0.000560] x86/PAT: Configuration [0-7]: WB  WC  UC- UC  WB  WP  UC- WT
[    0.000983] last_pfn = 0xb826c max_arch_pfn = 0x400000000
[    0.004113] Using GB pages for direct mapping
[    0.288525] printk: log_buf_len: 268435456 bytes
[    0.288530] printk: early log buf free: 258952(98%)
[    0.288534] ACPI: Early table checksum verification disabled
[    0.288539] ACPI: RSDP 0x00000000000F0000 000024 (v02 COREv4)
[    0.288544] ACPI: XSDT 0x00000000B82840E0 00006C (v01 COREv4 COREBOOT 00000000 CORE 20220331)
[    0.288549] ACPI: FACP 0x00000000B8288870 000114 (v06 COREv4 COREBOOT 00000000 CORE 20220331)
[    0.288554] ACPI: DSDT 0x00000000B8284280 0045ED (v02 COREv4 COREBOOT 00010001 INTL 20220331)
[    0.288556] ACPI: FACS 0x00000000B8284240 000040
[    0.288558] ACPI: FACS 0x00000000B8284240 000040
[    0.288560] ACPI: SSDT 0x00000000B8288990 00324B (v02 COREv4 COREBOOT 0000002A CORE 20220331)
[    0.288562] ACPI: MCFG 0x00000000B828BBE0 00003C (v01 COREv4 COREBOOT 00000000 CORE 20220331)
[    0.288564] ACPI: TPM2 0x00000000B828BC20 00004C (v04 COREv4 COREBOOT 00000000 CORE 20220331)
[    0.288566] ACPI: APIC 0x00000000B828BC70 00007E (v03 COREv4 COREBOOT 00000000 CORE 20220331)
[    0.288568] ACPI: SSDT 0x00000000B828BCF0 007D72 (v02 AMD    AmdTable 00000002 MSFT 04000000)
[    0.288571] ACPI: IVRS 0x00000000B8293A70 000186 (v02 COREv4 COREBOOT 00000000 CORE 20220331)
[    0.288573] ACPI: HPET 0x00000000B8293C00 000038 (v01 COREv4 COREBOOT 00000000 CORE 20220331)
[    0.288575] ACPI: VFCT 0x00000000B8293C40 00AE69 (v01 COREv4 COREBOOT 00000000 CORE 20220331)
[    0.288577] ACPI: Reserving FACP table memory at [mem 0xb8288870-0xb8288983]
[    0.288579] ACPI: Reserving DSDT table memory at [mem 0xb8284280-0xb828886c]
[    0.288580] ACPI: Reserving FACS table memory at [mem 0xb8284240-0xb828427f]
[    0.288580] ACPI: Reserving FACS table memory at [mem 0xb8284240-0xb828427f]
[    0.288581] ACPI: Reserving SSDT table memory at [mem 0xb8288990-0xb828bbda]
[    0.288582] ACPI: Reserving MCFG table memory at [mem 0xb828bbe0-0xb828bc1b]
[    0.288583] ACPI: Reserving TPM2 table memory at [mem 0xb828bc20-0xb828bc6b]
[    0.288584] ACPI: Reserving APIC table memory at [mem 0xb828bc70-0xb828bced]
[    0.288585] ACPI: Reserving SSDT table memory at [mem 0xb828bcf0-0xb8293a61]
[    0.288585] ACPI: Reserving IVRS table memory at [mem 0xb8293a70-0xb8293bf5]
[    0.288586] ACPI: Reserving HPET table memory at [mem 0xb8293c00-0xb8293c37]
[    0.288587] ACPI: Reserving VFCT table memory at [mem 0xb8293c40-0xb829eaa8]
[    0.288619] Zone ranges:
[    0.288620]   DMA      [mem 0x0000000000001000-0x0000000000ffffff]
[    0.288622]   DMA32    [mem 0x0000000001000000-0x00000000ffffffff]
[    0.288623]   Normal   [mem 0x0000000100000000-0x000000023e33ffff]
[    0.288624] Movable zone start for each node
[    0.288625] Early memory node ranges
[    0.288626]   node   0: [mem 0x0000000000001000-0x000000000009ffff]
[    0.288627]   node   0: [mem 0x0000000000100000-0x0000000001ffffff]
[    0.288628]   node   0: [mem 0x0000000002182000-0x00000000b826bfff]
[    0.288629]   node   0: [mem 0x0000000100000000-0x000000023e33ffff]
[    0.288631] Initmem setup node 0 [mem 0x0000000000001000-0x000000023e33ffff]
[    0.288637] On node 0, zone DMA: 1 pages in unavailable ranges
[    0.288675] On node 0, zone DMA: 96 pages in unavailable ranges
[    0.295251] On node 0, zone DMA32: 386 pages in unavailable ranges
[    0.307030] On node 0, zone Normal: 32148 pages in unavailable ranges
[    0.307102] On node 0, zone Normal: 7360 pages in unavailable ranges
[    0.307513] ACPI: PM-Timer IO Port: 0x408
[    0.307520] ACPI: LAPIC_NMI (acpi_id[0xff] high edge lint[0x1])
[    0.307533] IOAPIC[0]: apic_id 0, version 33, address 0xfec00000, GSI 0-23
[    0.307538] IOAPIC[1]: apic_id 1, version 33, address 0xfec01000, GSI 24-55
[    0.307540] ACPI: INT_SRC_OVR (bus 0 bus_irq 0 global_irq 2 dfl dfl)
[    0.307542] ACPI: INT_SRC_OVR (bus 0 bus_irq 9 global_irq 9 low level)
[    0.307546] ACPI: Using ACPI (MADT) for SMP configuration information
[    0.307547] ACPI: HPET id: 0x10228201 base: 0xfed00000
[    0.307552] smpboot: Allowing 4 CPUs, 0 hotplug CPUs
[    0.307564] [mem 0xc0000000-0xf7ffffff] available for PCI devices
[    0.307567] clocksource: refined-jiffies: mask: 0xffffffff max_cycles: 0xffffffff, max_idle_ns: 1910969940391419 ns
[    0.311870] setup_percpu: NR_CPUS:64 nr_cpumask_bits:64 nr_cpu_ids:4 nr_node_ids:1
[    0.312137] percpu: Embedded 49 pages/cpu s161304 r8192 d31208 u524288
[    0.312142] pcpu-alloc: s161304 r8192 d31208 u524288 alloc=1*2097152
[    0.312144] pcpu-alloc: [0] 0 1 2 3
[    0.312158] Built 1 zonelists, mobility grouping on.  Total pages: 2024857
[    0.312161] Kernel command line: cros_secure console= loglevel=7 init=/sbin/init cros_secure drm.trace=0x106 root=PARTUUID=bdf929fd-305a-4c4b-9749-8752614e538d/PARTNROFF=1 rootwait rw dm_verity.error_behavior=3 dm_verity.max_bios=-1 dm_verity.dev_wait=0 dm="1 vroot none ro 1,0 5324800 verity payload=ROOT_DEV hashtree=HASH_DEV hashstart=5324800 alg=sha256 root_hexdigest=ddd391d2b48112249bff6272c04a7063386f5f699c7a242cf29f3fb51afcf1c6 salt=2865b5e366b3caa615851897e77216f91a279a3d71f783fdea545e6130252497" noinitrd cros_debug vt.global_cursor_default=0 kern_guid=bdf929fd-305a-4c4b-9749-8752614e538d add_efi_memmap boot=local noresume noswap i915.modeset=1 amdgpu.abmlevel=0x4 amdgpu.dcfeaturemask=0x8 rtc-cmos.use_acpi_alarm=1 amd-pmc.enable_stb=1 drm.debug=0x1FF log_buf_len=256M
[    0.312342] Unknown kernel command line parameters "cros_secure cros_debug noresume noswap dm=1 vroot none ro 1,0 5324800 verity payload=ROOT_DEV hashtree=HASH_DEV hashstart=5324800 alg=sha256 root_hexdigest=ddd391d2b48112249bff6272c04a7063386f5f699c7a242cf29f3fb51afcf1c6 salt=2865b5e366b3caa615851897e77216f91a279a3d71f783fdea545e6130252497 boot=local", will be passed to user space.
[    0.313223] Dentry cache hash table entries: 1048576 (order: 11, 8388608 bytes, linear)
[    0.313704] Inode-cache hash table entries: 524288 (order: 10, 4194304 bytes, linear)
[    0.313952] mem auto-init: stack:all(zero), heap alloc:off, heap free:off
[    0.349922] Memory: 6794540K/8228644K available (18442K kernel code, 2430K rwdata, 9892K rodata, 1840K init, 2940K bss, 1433844K reserved, 0K cma-reserved)
[    0.358541] SLUB: HWalign=64, Order=0-3, MinObjects=0, CPUs=4, Nodes=1
[    0.358903] ftrace: allocating 56387 entries in 221 pages
[    0.373912] ftrace: allocated 221 pages with 6 groups
[    0.374907] rcu: Preemptible hierarchical RCU implementation.
[    0.374908] rcu:     RCU restricting CPUs from NR_CPUS=64 to nr_cpu_ids=4.
[    0.374910]  Trampoline variant of Tasks RCU enabled.
[    0.374911]  Rude variant of Tasks RCU enabled.
[    0.374912]  Tracing variant of Tasks RCU enabled.
[    0.374913] rcu: RCU calculated value of scheduler-enlistment delay is 100 jiffies.
[    0.374914] rcu: Adjusting geometry for rcu_fanout_leaf=16, nr_cpu_ids=4
[    0.388220] NR_IRQS: 4352, nr_irqs: 1000, preallocated irqs: 16
[    0.388488] rcu:     Note: kernel parameter 'rcu_nocbs=', 'nohz_full', or 'isolcpus=' contains nonexistent CPUs.
[    0.388490] rcu:     Offload RCU callbacks from CPUs: 0-3.
[    0.388558] kfence: initialized - using 2097152 bytes for 255 objects at 0x(____ptrval____)-0x(____ptrval____)
[    0.388853] random: crng init done
[    0.388874] Console: colour dummy device 80x25
[    0.388881] ACPI: Core revision 20210730
[    0.388977] clocksource: hpet: mask: 0xffffffff max_cycles: 0xffffffff, max_idle_ns: 133484873504 ns
[    0.388998] APIC: Switch to symmetric I/O mode setup
[    0.389703] AMD-Vi: ivrs, add hid:AMDI0040, uid:, rdevid:152
[    0.390789] ..TIMER: vector=0x30 apic1=0 pin1=2 apic2=-1 pin2=-1
[    0.395003] clocksource: tsc-early: mask: 0xffffffffffffffff max_cycles: 0x114427f39d1, max_idle_ns: 440795218691 ns
[    0.395006] Calibrating delay loop (skipped), value calculated using timer frequency.. 2395.69 BogoMIPS (lpj=1197845)
[    0.395008] pid_max: default: 32768 minimum: 301
[    0.395024] LSM: Security Framework initializing
[    0.395032] landlock: Up and running.
[    0.395033] Yama: becoming mindful.
[    0.395036] LoadPin: ready to pin (currently enforcing)
[    0.395040] Chromium OS LSM: enabled
[    0.395041] SELinux:  Initializing.
[    0.395078] Mount-cache hash table entries: 16384 (order: 5, 131072 bytes, linear)
[    0.395093] Mountpoint-cache hash table entries: 16384 (order: 5, 131072 bytes, linear)
[    0.395309] x86/cpu: User Mode Instruction Prevention (UMIP) activated
[    0.395588] LVT offset 1 assigned for vector 0xf9
[    0.395653] LVT offset 2 assigned for vector 0xf4
[    0.395667] Last level iTLB entries: 4KB 1024, 2MB 1024, 4MB 512
[    0.395669] Last level dTLB entries: 4KB 2048, 2MB 2048, 4MB 1024, 1GB 0
[    0.395671] Spectre V1 : Mitigation: usercopy/swapgs barriers and __user pointer sanitization
[    0.395676] Spectre V2 : Mitigation: Retpolines
[    0.395677] Spectre V2 : Spectre v2 / SpectreRSB mitigation: Filling RSB on context switch
[    0.395678] Spectre V2 : Spectre v2 / SpectreRSB : Filling RSB on VMEXIT
[    0.395678] Spectre V2 : Enabling Speculation Barrier for firmware calls
[    0.395679] RETBleed: Mitigation: untrained return thunk
[    0.395683] Spectre V2 : mitigation: Enabling conditional Indirect Branch Prediction Barrier
[    0.395688] Speculative Store Bypass: Mitigation: Speculative Store Bypass disabled via prctl and seccomp
[    0.403777] Freeing SMP alternatives memory: 36K
[    0.506795] smpboot: CPU0: AMD Ryzen 3 7320Ce with Radeon Graphics (family: 0x17, model: 0xa0, stepping: 0x0)
[    0.506962] Performance Events: Fam17h+ core perfctr, AMD PMU driver.
[    0.506968] ... version:                0
[    0.506969] ... bit width:              48
[    0.506970] ... generic registers:      6
[    0.506971] ... value mask:             0000ffffffffffff
[    0.506972] ... max period:             00007fffffffffff
[    0.506973] ... fixed-purpose events:   0
[    0.506973] ... event mask:             000000000000003f
[    0.507005] rcu: Hierarchical SRCU implementation.
[    0.507005] MCE: In-kernel MCE decoding enabled.
[    0.507005] NMI watchdog: Enabled. Permanently consumes one hw-PMU counter.
[    0.507005] smp: Bringing up secondary CPUs ...
[    0.507005] x86: Booting SMP configuration:
[    0.507005] .... node  #0, CPUs:      #1
[    0.002492] rdrand: disabled
[    0.508111]  #2 #3
[    0.510044] smp: Brought up 1 node, 4 CPUs
[    0.510044] smpboot: Max logical packages: 1
[    0.510044] smpboot: Total of 4 processors activated (9582.76 BogoMIPS)
[    0.511151] devtmpfs: initialized
[    0.511221] clocksource: jiffies: mask: 0xffffffff max_cycles: 0xffffffff, max_idle_ns: 1911260446275000 ns
[    0.511221] futex hash table entries: 1024 (order: 4, 65536 bytes, linear)
[    0.511221] pinctrl core: initialized pinctrl subsystem
[    0.511246] PM: RTC time: 08:55:05, date: 2023-02-13
[    0.511353] NET: Registered PF_NETLINK/PF_ROUTE protocol family
[    0.511499] audit: initializing netlink subsys (disabled)
[    0.511513] audit: type=2000 audit(1676278505.121:1): state=initialized audit_enabled=0 res=1
[    0.512038] thermal_sys: Registered thermal governor 'bang_bang'
[    0.512039] thermal_sys: Registered thermal governor 'step_wise'
[    0.512048] cpuidle: using governor ladder
[    0.512052] cpuidle: using governor menu
[    0.512056] NET: Registered PF_QIPCRTR protocol family
[    0.512113] ACPI: bus type PCI registered
[    0.512143] PCI: MMCONFIG for domain 0000 [bus 00-3f] at [mem 0xf8000000-0xfbffffff] (base 0xf8000000)
[    0.512147] PCI: MMCONFIG at [mem 0xf8000000-0xfbffffff] reserved in E820
[    0.512156] PCI: Using configuration type 1 for base access
[    0.514784] Kprobes globally optimized
[    0.515073] cryptd: max_cpu_qlen set to 1000
[    0.515073] ACPI: Added _OSI(Module Device)
[    0.515073] ACPI: Added _OSI(Processor Device)
[    0.515073] ACPI: Added _OSI(3.0 _SCP Extensions)
[    0.515073] ACPI: Added _OSI(Processor Aggregator Device)
[    0.515073] ACPI: Added _OSI(Linux-Dell-Video)
[    0.515073] ACPI: Added _OSI(Linux-Lenovo-NV-HDMI-Audio)
[    0.515073] ACPI: Added _OSI(Linux-HPI-Hybrid-Graphics)
[    0.519504] ACPI: 3 ACPI AML tables successfully acquired and loaded
[    0.520726] ACPI: EC: EC started
[    0.520726] ACPI: EC: interrupt blocked
[    0.529610] ACPI: EC: EC_CMD/EC_SC=0x66, EC_DATA=0x62
[    0.529612] ACPI: \_SB_.PCI0.LPCB.EC0_: Boot DSDT EC used to handle transactions
[    0.529613] ACPI: Interpreter enabled
[    0.529624] ACPI: PM: (supports S0 S1 S5)
[    0.529625] ACPI: Using IOAPIC for interrupt routing
[    0.529636] PCI: Using host bridge windows from ACPI; if necessary, use "pci=nocrs" and report a bug
[    0.530373] ACPI: PM: Power Resource [AOAC]
[    0.530475] ACPI: PM: Power Resource [AOAC]
[    0.530565] ACPI: PM: Power Resource [PR01]
[    0.535256] ACPI: PM: Power Resource [AOAC]
[    0.535449] ACPI: PM: Power Resource [AOAC]
[    0.535632] ACPI: PM: Power Resource [AOAC]
[    0.535815] ACPI: PM: Power Resource [AOAC]
[    0.536226] ACPI: PM: Power Resource [AOAC]
[    0.536432] ACPI: PM: Power Resource [PR00]
[    0.561336] ACPI: PM: Power Resource [AOAC]
[    0.564051] ACPI: PM: Power Resource [PR03]
[    0.586427] ACPI: PM: Power Resource [PR02]
[    0.589445] ACPI: PCI: Interrupt link INTA configured for IRQ 0
[    0.589447] ACPI: PCI: Interrupt link INTA disabled
[    0.589502] ACPI: PCI: Interrupt link INTB configured for IRQ 0
[    0.589503] ACPI: PCI: Interrupt link INTB disabled
[    0.589556] ACPI: PCI: Interrupt link INTC configured for IRQ 0
[    0.589557] ACPI: PCI: Interrupt link INTC disabled
[    0.589610] ACPI: PCI: Interrupt link INTD configured for IRQ 0
[    0.589611] ACPI: PCI: Interrupt link INTD disabled
[    0.589664] ACPI: PCI: Interrupt link INTE configured for IRQ 0
[    0.589665] ACPI: PCI: Interrupt link INTE disabled
[    0.589718] ACPI: PCI: Interrupt link INTF configured for IRQ 0
[    0.589719] ACPI: PCI: Interrupt link INTF disabled
[    0.589771] ACPI: PCI: Interrupt link INTG configured for IRQ 0
[    0.589772] ACPI: PCI: Interrupt link INTG disabled
[    0.589825] ACPI: PCI: Interrupt link INTH configured for IRQ 0
[    0.589826] ACPI: PCI: Interrupt link INTH disabled
[    0.590411] ACPI: PCI Root Bridge [PCI0] (domain 0000 [bus 00-3f])
[    0.590416] acpi PNP0A08:00: _OSC: OS supports [ExtendedConfig ASPM ClockPM Segments MSI HPX-Type3]
[    0.590440] acpi PNP0A08:00: _OSC: OS now controls [PCIeHotplug PME AER PCIeCapability LTR]
[    0.590488] PCI host bridge to bus 0000:00
[    0.590490] pci_bus 0000:00: root bus resource [io  0x0000-0x0cf7 window]
[    0.590492] pci_bus 0000:00: root bus resource [io  0x0d00-0xffff window]
[    0.590493] pci_bus 0000:00: root bus resource [mem 0x000a0000-0x000bffff]
[    0.590495] pci_bus 0000:00: root bus resource [mem 0x000c0000-0x000dffff]
[    0.590496] pci_bus 0000:00: root bus resource [mem 0xc0000000-0xf7ffffff]
[    0.590497] pci_bus 0000:00: root bus resource [bus 00-3f]
[    0.590521] pci 0000:00:00.0: [1022:14b5] type 00 class 0x060000
[    0.590616] pci 0000:00:00.2: [1022:14b6] type 00 class 0x080600
[    0.590706] pci 0000:00:01.0: [1022:14b7] type 00 class 0x060000
[    0.590790] pci 0000:00:02.0: [1022:14b7] type 00 class 0x060000
[    0.590879] pci 0000:00:02.1: [1022:14ba] type 01 class 0x060400
[    0.590986] pci 0000:00:02.1: PME# supported from D0 D3hot D3cold
[    0.591114] pci 0000:00:02.2: [1022:14ba] type 01 class 0x060400
[    0.591220] pci 0000:00:02.2: PME# supported from D0 D3hot D3cold
[    0.591338] pci 0000:00:02.3: [1022:14ba] type 01 class 0x060400
[    0.591446] pci 0000:00:02.3: PME# supported from D0 D3hot D3cold
[    0.591553] pci 0000:00:08.0: [1022:14b7] type 00 class 0x060000
[    0.591635] pci 0000:00:08.1: [1022:14b9] type 01 class 0x060400
[    0.591662] pci 0000:00:08.1: enabling Extended Tags
[    0.591707] pci 0000:00:08.1: PME# supported from D0 D3hot D3cold
[    0.591801] pci 0000:00:08.3: [1022:14b9] type 01 class 0x060400
[    0.591828] pci 0000:00:08.3: enabling Extended Tags
[    0.591874] pci 0000:00:08.3: PME# supported from D0 D3hot D3cold
[    0.591976] pci 0000:00:14.0: [1022:790b] type 00 class 0x0c0500
[    0.592108] pci 0000:00:14.3: [1022:790e] type 00 class 0x060100
[    0.592248] pci 0000:00:18.0: [1022:1724] type 00 class 0x060000
[    0.592314] pci 0000:00:18.1: [1022:1725] type 00 class 0x060000
[    0.592380] pci 0000:00:18.2: [1022:1726] type 00 class 0x060000
[    0.592445] pci 0000:00:18.3: [1022:1727] type 00 class 0x060000
[    0.592511] pci 0000:00:18.4: [1022:1728] type 00 class 0x060000
[    0.592578] pci 0000:00:18.5: [1022:1729] type 00 class 0x060000
[    0.592640] pci 0000:00:18.6: [1022:172a] type 00 class 0x060000
[    0.592706] pci 0000:00:18.7: [1022:172b] type 00 class 0x060000
[    0.592823] pci 0000:01:00.0: [10ec:c852] type 00 class 0x028000
[    0.592841] pci 0000:01:00.0: reg 0x10: [io  0x1000-0x10ff]
[    0.592864] pci 0000:01:00.0: reg 0x18: [mem 0xd0600000-0xd06fffff 64bit]
[    0.592971] pci 0000:01:00.0: PME# supported from D0 D3hot D3cold
[    0.593090] pci 0000:00:02.1: PCI bridge to [bus 01]
[    0.593095] pci 0000:00:02.1:   bridge window [io  0x1000-0x1fff]
[    0.593099] pci 0000:00:02.1:   bridge window [mem 0xd0600000-0xd06fffff]
[    0.593257] pci 0000:02:00.0: [17a0:9750] type 00 class 0x080501
[    0.593372] pci 0000:02:00.0: reg 0x10: [mem 0xd0700000-0xd0700fff]
[    0.594078] pci 0000:02:00.0: supports D1 D2
[    0.594081] pci 0000:02:00.0: PME# supported from D1 D2 D3hot D3cold
[    0.594444] pci 0000:00:02.2: PCI bridge to [bus 02]
[    0.594450] pci 0000:00:02.2:   bridge window [mem 0xd0700000-0xd07fffff]
[    0.594646] pci 0000:03:00.0: [1d97:2263] type 00 class 0x010802
[    0.594668] pci 0000:03:00.0: reg 0x10: [mem 0xd0800000-0xd0803fff 64bit]
[    0.594838] pci 0000:03:00.0: 15.752 Gb/s available PCIe bandwidth, limited by 8.0 GT/s PCIe x2 link at 0000:00:02.3 (capable of 31.504 Gb/s with 8.0 GT/s PCIe x4 link)
[    0.594953] pci 0000:00:02.3: PCI bridge to [bus 03]
[    0.594959] pci 0000:00:02.3:   bridge window [mem 0xd0800000-0xd08fffff]
[    0.595016] pci 0000:04:00.0: [1002:1506] type 00 class 0x030000
[    0.595030] pci 0000:04:00.0: reg 0x10: [mem 0xc0000000-0xcfffffff 64bit pref]
[    0.595039] pci 0000:04:00.0: reg 0x18: [mem 0xd0000000-0xd01fffff 64bit pref]
[    0.595046] pci 0000:04:00.0: reg 0x20: [io  0x2000-0x20ff]
[    0.595052] pci 0000:04:00.0: reg 0x24: [mem 0xd0500000-0xd057ffff]
[    0.595062] pci 0000:04:00.0: enabling Extended Tags
[    0.595078] pci 0000:04:00.0: Video device with shadowed ROM at [mem 0x000c0000-0x000dffff]
[    0.595131] pci 0000:04:00.0: PME# supported from D1 D2 D3hot D3cold
[    0.595222] pci 0000:04:00.1: [1002:1640] type 00 class 0x040300
[    0.595232] pci 0000:04:00.1: reg 0x10: [mem 0xd05c0000-0xd05c3fff]
[    0.595267] pci 0000:04:00.1: enabling Extended Tags
[    0.595305] pci 0000:04:00.1: PME# supported from D1 D2 D3hot D3cold
[    0.595368] pci 0000:04:00.2: [1022:1649] type 00 class 0x108000
[    0.595389] pci 0000:04:00.2: reg 0x18: [mem 0xd0200000-0xd02fffff]
[    0.595405] pci 0000:04:00.2: reg 0x24: [mem 0xd05c4000-0xd05c5fff]
[    0.595416] pci 0000:04:00.2: enabling Extended Tags
[    0.595515] pci 0000:04:00.3: [1022:1503] type 00 class 0x0c0330
[    0.595529] pci 0000:04:00.3: reg 0x10: [mem 0xd0300000-0xd03fffff 64bit]
[    0.595559] pci 0000:04:00.3: enabling Extended Tags
[    0.595600] pci 0000:04:00.3: PME# supported from D0 D3hot D3cold
[    0.595677] pci 0000:04:00.4: [1022:1504] type 00 class 0x0c0330
[    0.595691] pci 0000:04:00.4: reg 0x10: [mem 0xd0400000-0xd04fffff 64bit]
[    0.595721] pci 0000:04:00.4: enabling Extended Tags
[    0.595762] pci 0000:04:00.4: PME# supported from D0 D3hot D3cold
[    0.595845] pci 0000:04:00.5: [1022:15e2] type 00 class 0x048000
[    0.595856] pci 0000:04:00.5: reg 0x10: [mem 0xd0580000-0xd05bffff]
[    0.595891] pci 0000:04:00.5: enabling Extended Tags
[    0.595929] pci 0000:04:00.5: PME# supported from D0 D3hot D3cold
[    0.596002] pci 0000:04:00.7: [1022:164a] type 00 class 0x118000
[    0.596019] pci 0000:04:00.7: reg 0x18: [mem 0x00000000-0x000fffff]
[    0.596032] pci 0000:04:00.7: reg 0x24: [mem 0x00000000-0x00001fff]
[    0.596041] pci 0000:04:00.7: enabling Extended Tags
[    0.596166] pci 0000:00:08.1: PCI bridge to [bus 04]
[    0.596169] pci 0000:00:08.1:   bridge window [io  0x2000-0x2fff]
[    0.596172] pci 0000:00:08.1:   bridge window [mem 0xd0200000-0xd05fffff]
[    0.596176] pci 0000:00:08.1:   bridge window [mem 0xc0000000-0xd01fffff 64bit pref]
[    0.596224] pci 0000:05:00.0: [1022:1505] type 00 class 0x0c0330
[    0.596240] pci 0000:05:00.0: reg 0x10: [mem 0xd0900000-0xd09fffff 64bit]
[    0.596274] pci 0000:05:00.0: enabling Extended Tags
[    0.596326] pci 0000:05:00.0: PME# supported from D0 D3hot D3cold
[    0.596425] pci 0000:00:08.3: PCI bridge to [bus 05]
[    0.596430] pci 0000:00:08.3:   bridge window [mem 0xd0900000-0xd09fffff]
[    0.596461] pci_bus 0000:00: on NUMA node 0
[    0.598706] ACPI: EC: interrupt unblocked
[    0.598707] ACPI: EC: event unblocked
[    0.598714] ACPI: EC: EC_CMD/EC_SC=0x66, EC_DATA=0x62
[    0.598715] ACPI: EC: GPE=0x18
[    0.598716] ACPI: \_SB_.PCI0.LPCB.EC0_: Boot DSDT EC initialization complete
[    0.598718] ACPI: \_SB_.PCI0.LPCB.EC0_: EC: Used to handle transactions and events
[    0.598769] iommu: Default domain type: Translated
[    0.598769] iommu: DMA domain TLB invalidation policy: lazy mode
[    0.598769] SCSI subsystem initialized
[    0.598769] ACPI: bus type USB registered
[    0.599007] usbcore: registered new interface driver usbfs
[    0.599012] usbcore: registered new interface driver hub
[    0.599019] usbcore: registered new device driver usb
[    0.600085] i2c_designware AMDI0010:00: GPIO lookup for consumer scl
[    0.600086] i2c_designware AMDI0010:00: using ACPI for GPIO lookup
[    0.600088] acpi AMDI0010:00: GPIO: looking up scl-gpios
[    0.600090] acpi AMDI0010:00: GPIO: looking up scl-gpio
[    0.600091] i2c_designware AMDI0010:00: using lookup tables for GPIO lookup
[    0.600092] i2c_designware AMDI0010:00: No GPIO consumer scl found
[    0.602071] i2c_designware AMDI0010:01: GPIO lookup for consumer scl
[    0.602073] i2c_designware AMDI0010:01: using ACPI for GPIO lookup
[    0.602074] acpi AMDI0010:01: GPIO: looking up scl-gpios
[    0.602074] acpi AMDI0010:01: GPIO: looking up scl-gpio
[    0.602075] i2c_designware AMDI0010:01: using lookup tables for GPIO lookup
[    0.602076] i2c_designware AMDI0010:01: No GPIO consumer scl found
[    0.604033] i2c_designware AMDI0010:02: GPIO lookup for consumer scl
[    0.604034] i2c_designware AMDI0010:02: using ACPI for GPIO lookup
[    0.604035] acpi AMDI0010:02: GPIO: looking up scl-gpios
[    0.604037] acpi AMDI0010:02: GPIO: looking up scl-gpio
[    0.604037] i2c_designware AMDI0010:02: using lookup tables for GPIO lookup
[    0.604038] i2c_designware AMDI0010:02: No GPIO consumer scl found
[    0.605069] i2c_designware AMDI0019:00: I2C bus managed by AMD PSP
[    0.605161] i2c_designware AMDI0019:00: GPIO lookup for consumer scl
[    0.605162] i2c_designware AMDI0019:00: using ACPI for GPIO lookup
[    0.605163] acpi AMDI0019:00: GPIO: looking up scl-gpios
[    0.605163] acpi AMDI0019:00: GPIO: looking up scl-gpio
[    0.605164] i2c_designware AMDI0019:00: using lookup tables for GPIO lookup
[    0.605165] i2c_designware AMDI0019:00: No GPIO consumer scl found
[    0.605229] mc: Linux media interface: v0.10
[    0.605233] videodev: Linux video capture interface: v2.00
[    0.606019] EDAC MC: Ver: 3.0.0
[    0.606187] chromeos_acpi: registering CHSW 0
[    0.606187] chromeos_acpi: registering VBNV 0
[    0.606187] chromeos_acpi: registering VBNV 1
[    0.606262] chromeos_acpi: truncating buffer from 3072 to 1336
[    0.606366] chromeos_acpi: installed
[    0.606386] Advanced Linux Sound Architecture Driver Initialized.
[    0.606517] PCI: Using ACPI for IRQ routing
[    0.609083] PCI: pci_cache_line_size set to 64 bytes
[    0.609327] e820: reserve RAM buffer [mem 0x02000000-0x03ffffff]
[    0.609329] e820: reserve RAM buffer [mem 0xb826c000-0xbbffffff]
[    0.609330] e820: reserve RAM buffer [mem 0x23e340000-0x23fffffff]
[    0.609332] hpet0: at MMIO 0xfed00000, IRQs 2, 8, 0
[    0.609332] hpet0: 3 comparators, 32-bit 14.318180 MHz counter
[    0.611161] clocksource: Switched to clocksource tsc-early
[    0.622603] VFS: Disk quotas dquot_6.6.0
[    0.622629] VFS: Dquot-cache hash table entries: 512 (order 0, 4096 bytes)
[    0.622694] pnp: PnP ACPI init
[    0.623079] system 00:00: [mem 0xfec10000-0xfec10fff] has been reserved
[    0.623083] system 00:00: [mem 0xfec20000-0xfec20fff] has been reserved
[    0.623161] system 00:03: [io  0x0900-0x09fe] has been reserved
[    0.623189] system 00:04: [io  0x0200] has been reserved
[    0.623190] system 00:04: [io  0x0204] has been reserved
[    0.623191] system 00:04: [io  0x0800-0x087f] has been reserved
[    0.623193] system 00:04: [io  0x0880-0x08ff] has been reserved
[    0.624247] pnp: PnP ACPI: found 6 devices
[    0.630635] clocksource: acpi_pm: mask: 0xffffff max_cycles: 0xffffff, max_idle_ns: 2085701024 ns
[    0.630786] NET: Registered PF_INET protocol family
[    0.630999] IP idents hash table entries: 131072 (order: 8, 1048576 bytes, linear)
[    0.632445] tcp_listen_portaddr_hash hash table entries: 4096 (order: 4, 65536 bytes, linear)
[    0.632463] Table-perturb hash table entries: 65536 (order: 6, 262144 bytes, linear)
[    0.632470] TCP established hash table entries: 65536 (order: 7, 524288 bytes, linear)
[    0.632620] TCP bind hash table entries: 65536 (order: 8, 1048576 bytes, linear)
[    0.632809] TCP: Hash tables configured (established 65536 bind 65536)
[    0.632846] UDP hash table entries: 4096 (order: 5, 131072 bytes, linear)
[    0.632868] UDP-Lite hash table entries: 4096 (order: 5, 131072 bytes, linear)
[    0.632916] NET: Registered PF_UNIX/PF_LOCAL protocol family
[    0.632933] pci 0000:00:02.1: bridge window [mem 0x00100000-0x000fffff 64bit pref] to [bus 01] add_size 200000 add_align 100000
[    0.632938] pci 0000:00:02.2: bridge window [io  0x1000-0x0fff] to [bus 02] add_size 1000
[    0.632941] pci 0000:00:02.2: bridge window [mem 0x00100000-0x000fffff 64bit pref] to [bus 02] add_size 200000 add_align 100000
[    0.632944] pci 0000:00:02.3: bridge window [io  0x1000-0x0fff] to [bus 03] add_size 1000
[    0.632945] pci 0000:00:02.3: bridge window [mem 0x00100000-0x000fffff 64bit pref] to [bus 03] add_size 200000 add_align 100000
[    0.632959] pci 0000:00:02.1: BAR 9: assigned [mem 0xd0a00000-0xd0bfffff 64bit pref]
[    0.632961] pci 0000:00:02.2: BAR 9: assigned [mem 0xd0c00000-0xd0dfffff 64bit pref]
[    0.632963] pci 0000:00:02.3: BAR 9: assigned [mem 0xd0e00000-0xd0ffffff 64bit pref]
[    0.632966] pci 0000:00:02.2: BAR 7: assigned [io  0x3000-0x3fff]
[    0.632968] pci 0000:00:02.3: BAR 7: assigned [io  0x4000-0x4fff]
[    0.632971] pci 0000:00:02.1: PCI bridge to [bus 01]
[    0.632975] pci 0000:00:02.1:   bridge window [io  0x1000-0x1fff]
[    0.632979] pci 0000:00:02.1:   bridge window [mem 0xd0600000-0xd06fffff]
[    0.632982] pci 0000:00:02.1:   bridge window [mem 0xd0a00000-0xd0bfffff 64bit pref]
[    0.632986] pci 0000:00:02.2: PCI bridge to [bus 02]
[    0.632988] pci 0000:00:02.2:   bridge window [io  0x3000-0x3fff]
[    0.632991] pci 0000:00:02.2:   bridge window [mem 0xd0700000-0xd07fffff]
[    0.632994] pci 0000:00:02.2:   bridge window [mem 0xd0c00000-0xd0dfffff 64bit pref]
[    0.632999] pci 0000:00:02.3: PCI bridge to [bus 03]
[    0.633001] pci 0000:00:02.3:   bridge window [io  0x4000-0x4fff]
[    0.633004] pci 0000:00:02.3:   bridge window [mem 0xd0800000-0xd08fffff]
[    0.633007] pci 0000:00:02.3:   bridge window [mem 0xd0e00000-0xd0ffffff 64bit pref]
[    0.633014] pci 0000:04:00.7: BAR 2: no space for [mem size 0x00100000]
[    0.633016] pci 0000:04:00.7: BAR 2: failed to assign [mem size 0x00100000]
[    0.633018] pci 0000:04:00.7: BAR 5: assigned [mem 0xd05c6000-0xd05c7fff]
[    0.633027] pci 0000:00:08.1: PCI bridge to [bus 04]
[    0.633028] pci 0000:00:08.1:   bridge window [io  0x2000-0x2fff]
[    0.633031] pci 0000:00:08.1:   bridge window [mem 0xd0200000-0xd05fffff]
[    0.633033] pci 0000:00:08.1:   bridge window [mem 0xc0000000-0xd01fffff 64bit pref]
[    0.633038] pci 0000:00:08.3: PCI bridge to [bus 05]
[    0.633041] pci 0000:00:08.3:   bridge window [mem 0xd0900000-0xd09fffff]
[    0.633048] pci_bus 0000:00: Some PCI device resources are unassigned, try booting with pci=realloc
[    0.633049] pci_bus 0000:00: resource 4 [io  0x0000-0x0cf7 window]
[    0.633051] pci_bus 0000:00: resource 5 [io  0x0d00-0xffff window]
[    0.633052] pci_bus 0000:00: resource 6 [mem 0x000a0000-0x000bffff]
[    0.633054] pci_bus 0000:00: resource 7 [mem 0x000c0000-0x000dffff]
[    0.633055] pci_bus 0000:00: resource 8 [mem 0xc0000000-0xf7ffffff]
[    0.633056] pci_bus 0000:01: resource 0 [io  0x1000-0x1fff]
[    0.633057] pci_bus 0000:01: resource 1 [mem 0xd0600000-0xd06fffff]
[    0.633058] pci_bus 0000:01: resource 2 [mem 0xd0a00000-0xd0bfffff 64bit pref]
[    0.633060] pci_bus 0000:02: resource 0 [io  0x3000-0x3fff]
[    0.633061] pci_bus 0000:02: resource 1 [mem 0xd0700000-0xd07fffff]
[    0.633062] pci_bus 0000:02: resource 2 [mem 0xd0c00000-0xd0dfffff 64bit pref]
[    0.633064] pci_bus 0000:03: resource 0 [io  0x4000-0x4fff]
[    0.633065] pci_bus 0000:03: resource 1 [mem 0xd0800000-0xd08fffff]
[    0.633066] pci_bus 0000:03: resource 2 [mem 0xd0e00000-0xd0ffffff 64bit pref]
[    0.633067] pci_bus 0000:04: resource 0 [io  0x2000-0x2fff]
[    0.633068] pci_bus 0000:04: resource 1 [mem 0xd0200000-0xd05fffff]
[    0.633069] pci_bus 0000:04: resource 2 [mem 0xc0000000-0xd01fffff 64bit pref]
[    0.633071] pci_bus 0000:05: resource 1 [mem 0xd0900000-0xd09fffff]
[    0.633268] pci 0000:04:00.1: D0 power state depends on 0000:04:00.0
[    0.633330] pci 0000:00:08.1: can't derive routing for PCI INT A
[    0.633332] pci 0000:00:08.1: PCI INT A: no GSI
[    0.633571] pci 0000:00:08.3: can't derive routing for PCI INT A
[    0.633572] pci 0000:00:08.3: PCI INT A: no GSI
[    0.633632] PCI: CLS 64 bytes, default 64
[    0.633645] pci 0000:00:00.2: AMD-Vi: IOMMU performance counters supported
[    0.633668] pci 0000:00:00.2: can't derive routing for PCI INT A
[    0.633669] pci 0000:00:00.2: PCI INT A: no GSI
[    0.633688] pci 0000:00:01.0: Adding to iommu group 0
[    0.633706] pci 0000:00:02.0: Adding to iommu group 1
[    0.633719] pci 0000:00:02.1: Adding to iommu group 2
[    0.633731] pci 0000:00:02.2: Adding to iommu group 3
[    0.633744] pci 0000:00:02.3: Adding to iommu group 4
[    0.633759] pci 0000:00:08.0: Adding to iommu group 5
[    0.633772] pci 0000:00:08.1: Adding to iommu group 6
[    0.633784] pci 0000:00:08.3: Adding to iommu group 7
[    0.633800] pci 0000:00:14.0: Adding to iommu group 8
[    0.633808] pci 0000:00:14.3: Adding to iommu group 8
[    0.633836] pci 0000:00:18.0: Adding to iommu group 9
[    0.633844] pci 0000:00:18.1: Adding to iommu group 9
[    0.633853] pci 0000:00:18.2: Adding to iommu group 9
[    0.633861] pci 0000:00:18.3: Adding to iommu group 9
[    0.633876] pci 0000:00:18.4: Adding to iommu group 9
[    0.633885] pci 0000:00:18.5: Adding to iommu group 9
[    0.633894] pci 0000:00:18.6: Adding to iommu group 9
[    0.633902] pci 0000:00:18.7: Adding to iommu group 9
[    0.633913] pci 0000:01:00.0: Adding to iommu group 10
[    0.633924] pci 0000:02:00.0: Adding to iommu group 11
[    0.633936] pci 0000:03:00.0: Adding to iommu group 12
[    0.633958] pci 0000:04:00.0: Adding to iommu group 13
[    0.633970] pci 0000:04:00.1: Adding to iommu group 14
[    0.633982] pci 0000:04:00.2: Adding to iommu group 15
[    0.633994] pci 0000:04:00.3: Adding to iommu group 16
[    0.634012] pci 0000:04:00.4: Adding to iommu group 17
[    0.634025] pci 0000:04:00.5: Adding to iommu group 18
[    0.634036] pci 0000:04:00.7: Adding to iommu group 19
[    0.634047] pci 0000:05:00.0: Adding to iommu group 20
[    0.635544] pci 0000:00:00.2: AMD-Vi: Found IOMMU cap 0x40
[    0.635550] AMD-Vi: Extended features (0x246577efa2254afe): PPR X2APIC NX GT [5] IA GA PC GA_vAPIC
[    0.635556] AMD-Vi: Interrupt remapping enabled
[    0.635557] AMD-Vi: X2APIC enabled
[    0.654225] AMD-Vi: Virtual APIC enabled
[    0.654450] PCI-DMA: Using software bounce buffering for IO (SWIOTLB)
[    0.654453] software IO TLB: mapped [mem 0x00000000b426c000-0x00000000b826c000] (64MB)
[    0.654861] RAPL PMU: API unit is 2^-32 Joules, 1 fixed counters, 163840 ms ovfl timer
[    0.654862] RAPL PMU: hw unit of domain package 2^-16 Joules
[    0.654865] LVT offset 0 assigned for vector 0x400
[    0.654940] perf: AMD IBS detected (0x000003ff)
[    0.654943] amd_uncore: 4  amd_df counters detected
[    0.654945] amd_uncore: 6  amd_l3 counters detected
[    0.655086] perf/amd_iommu: Detected AMD IOMMU #0 (2 banks, 4 counters/bank).
[    0.655183] kvm: Nested Virtualization enabled
[    0.655184] SVM: kvm: Nested Paging enabled
[    0.655186] SEV supported: 14 ASIDs
[    0.655191] SVM: Virtual VMLOAD VMSAVE supported
[    0.655192] SVM: Virtual GIF supported
[    0.658761] Initialise system trusted keyrings
[    0.658787] workingset: timestamp_bits=62 max_order=21 bucket_order=0
[    0.659921] squashfs: version 4.0 (2009/01/31) Phillip Lougher
[    0.660000] Registering esdfs 0.2
[    0.660035] alt_syscall: table 'read_write_test' available.
[    0.660042] alt_syscall: table 'android' available.
[    0.660047] alt_syscall: table 'android_permissive' available.
[    0.660056] alt_syscall: table 'third_party' available.
[    0.660060] alt_syscall: table 'third_party_permissive' available.
[    0.660065] alt_syscall: table 'complete' available.
[    0.660068] alt_syscall: table 'complete_permissive' available.
[    0.662661] Key type asymmetric registered
[    0.662663] Asymmetric key parser 'x509' registered
[    0.662678] Block layer SCSI generic (bsg) driver version 0.4 loaded (major 246)
[    0.662680] io scheduler mq-deadline registered
[    0.662682] io scheduler kyber registered
[    0.662713] io scheduler bfq registered
[    0.663441] gpiochip_find_base: found new base at 768
[    0.663820] gpio gpiochip0: Persistence not supported for GPIO 44
[    0.663886] gpio gpiochip0: (AMD0030:00): added GPIO chardev (254:0)
[    0.663900] gpio gpiochip0: registered GPIOs 768 to 1023 on AMD0030:00
[    0.663902] gpio gpiochip0: (AMD0030:00): created GPIO range 0->255 ==> AMD0030:00 PIN 0->255
[    0.663973] pci 0000:00:02.1: attach allowed to drvr pcieport [internal device]
[    0.664075] pcieport 0000:00:02.1: PME: Signaling with IRQ 26
[    0.664172] pcieport 0000:00:02.1: AER: enabled with IRQ 26
[    0.664189] pcieport 0000:00:02.1: pciehp: Slot #0 AttnBtn- PwrCtrl- MRL- AttnInd- PwrInd- HotPlug+ Surprise- Interlock- NoCompl+ IbPresDis- LLActRep+
[    0.664323] pci 0000:00:02.2: attach allowed to drvr pcieport [internal device]
[    0.664333] pcieport 0000:00:02.2: enabling device (0006 -> 0007)
[    0.664409] pcieport 0000:00:02.2: PME: Signaling with IRQ 27
[    0.664483] pcieport 0000:00:02.2: AER: enabled with IRQ 27
[    0.664503] pcieport 0000:00:02.2: pciehp: Slot #0 AttnBtn- PwrCtrl- MRL- AttnInd- PwrInd- HotPlug+ Surprise- Interlock- NoCompl+ IbPresDis- LLActRep+
[    0.664598] pci 0000:00:02.3: attach allowed to drvr pcieport [internal device]
[    0.664609] pcieport 0000:00:02.3: enabling device (0006 -> 0007)
[    0.664679] pcieport 0000:00:02.3: PME: Signaling with IRQ 28
[    0.664738] pcieport 0000:00:02.3: AER: enabled with IRQ 28
[    0.664752] pcieport 0000:00:02.3: pciehp: Slot #0 AttnBtn- PwrCtrl- MRL- AttnInd- PwrInd- HotPlug+ Surprise- Interlock- NoCompl+ IbPresDis- LLActRep+
[    0.664845] pci 0000:00:08.1: attach allowed to drvr pcieport [internal device]
[    0.664910] pcieport 0000:00:08.1: PME: Signaling with IRQ 29
[    0.664969] pci 0000:00:08.3: attach allowed to drvr pcieport [internal device]
[    0.665032] pcieport 0000:00:08.3: PME: Signaling with IRQ 30
[    0.665078] pcieport 0000:00:08.3: AER: enabled with IRQ 30
[    0.665214] input: Lid Switch as /devices/LNXSYSTM:00/LNXSYBUS:00/PNP0A08:00/device:00/PNP0C09:00/PNP0C0D:00/input/input0
[    0.666384] ACPI: button: Lid Switch [LID0]
[    0.666468] input: Power Button as /devices/LNXSYSTM:00/LNXPWRBN:00/input/input1
[    0.667321] ACPI: button: Power Button [PWRF]
[    0.667386] input: Sleep Button as /devices/LNXSYSTM:00/LNXSLPBN:00/input/input2
[    0.667418] ACPI: button: Sleep Button [SLPF]
[    0.667426] ACPI Error: Could not enable SleepButton event (20210730/evxfevnt-182)
[    0.667434] ACPI Warning: Could not enable fixed event - SleepButton (3) (20210730/evxface-618)
[    0.667488] button: probe of LNXSLPBN:00 failed with error -22
[    0.667581] Monitor-Mwait will be used to enter C-1 state
[    0.667588] ACPI: \_SB_.CP00: Found 3 idle states
[    0.667753] ACPI: \_SB_.CP01: Found 3 idle states
[    0.667838] ACPI: \_SB_.CP02: Found 3 idle states
[    0.667922] ACPI: \_SB_.CP03: Found 3 idle states
[    0.668207] thermal LNXTHERM:00: registered as thermal_zone0
[    0.668209] ACPI: thermal: Thermal Zone [TM00] (37 C)
[    0.668354] thermal LNXTHERM:01: registered as thermal_zone1
[    0.668355] ACPI: thermal: Thermal Zone [TM01] (43 C)
[    0.668496] thermal LNXTHERM:02: registered as thermal_zone2
[    0.668497] ACPI: thermal: Thermal Zone [TM02] (56 C)
[    0.668640] thermal LNXTHERM:03: registered as thermal_zone3
[    0.668641] ACPI: thermal: Thermal Zone [TM03] (43 C)
[    0.668720] Serial: 8250/16550 driver, 4 ports, IRQ sharing disabled
[    0.669157] ACPI: battery: Slot [BAT0] (battery present)
[    0.669194] dw-apb-uart AMDI0020:00: GPIO lookup for consumer rs485-term
[    0.669196] dw-apb-uart AMDI0020:00: using ACPI for GPIO lookup
[    0.669198] acpi AMDI0020:00: GPIO: looking up rs485-term-gpios
[    0.669199] acpi AMDI0020:00: GPIO: looking up rs485-term-gpio
[    0.669200] dw-apb-uart AMDI0020:00: using lookup tables for GPIO lookup
[    0.669201] dw-apb-uart AMDI0020:00: No GPIO consumer rs485-term found
[    0.669203] AMDI0020:00: ttyS0 at MMIO 0xfedc9000 (irq = 4, base_baud = 3000000) is a 16550A
[    0.669542] dw-apb-uart AMDI0020:01: GPIO lookup for consumer rs485-term
[    0.669543] dw-apb-uart AMDI0020:01: using ACPI for GPIO lookup
[    0.669544] acpi AMDI0020:01: GPIO: looking up rs485-term-gpios
[    0.669545] acpi AMDI0020:01: GPIO: looking up rs485-term-gpio
[    0.669546] dw-apb-uart AMDI0020:01: using lookup tables for GPIO lookup
[    0.669546] dw-apb-uart AMDI0020:01: No GPIO consumer rs485-term found
[    0.669548] AMDI0020:01: ttyS1 at MMIO 0xfedca000 (irq = 3, base_baud = 3000000) is a 16550A
[    0.669596] serial serial0: tty port ttyS1 registered
[    0.670442] acpi AMDI0020:02: GPIO: looking up 0 in _CRS
[    0.670464] dw-apb-uart AMDI0020:02: IRQ index 0 not found
[    0.672266] acpi AMDI0020:03: GPIO: looking up 0 in _CRS
[    0.672312] dw-apb-uart AMDI0020:03: IRQ index 0 not found
[    0.675372] acpi AMDI0020:04: GPIO: looking up 0 in _CRS
[    0.675416] dw-apb-uart AMDI0020:04: IRQ index 0 not found
[    0.677122] Non-volatile memory driver v1.3
[    0.677256] acpi GOOG0005:00: GPIO: looking up 0 in _CRS
[    0.677280] gpio gpiochip0: Persistence not supported for GPIO 18
[    0.678736] cr50_i2c i2c-GOOG0005:00: ti50 TPM 2.0 (i2c 0x50 irq 31 id 0x504a)
[    0.741540] AMD-Vi: AMD IOMMUv2 loaded and initialized
[    0.755356] ACPI: bus type drm_connector registered
[    0.755370] [drm:drm_core_init] Initialized
[    0.755403] [drm] amdgpu kernel modesetting enabled.
[    0.755544] amdgpu: CRAT table not found
[    0.755549] amdgpu: Virtual CRAT table created for CPU
[    0.755566] amdgpu: Topology: Add CPU node
[    0.755629] pci 0000:04:00.0: attach allowed to drvr amdgpu [internal device]
[    0.755810] [drm] initializing kernel modesetting (IP DISCOVERY 0x1002:0x1506 0x1002:0x1506 0xDC).
[    0.755822] [drm] register mmio base: 0xD0500000
[    0.755823] [drm] register mmio size: 524288
[    0.757491] [drm:amdgpu_discovery_set_ip_blocks] number of dies: 1
[    0.757497] [drm:amdgpu_discovery_set_ip_blocks] number of hardware IPs on die0: 32
[    0.757499] [drm:amdgpu_discovery_set_ip_blocks] ACP(14) #0 v6.0.0:
[    0.757502] [drm:amdgpu_discovery_set_ip_blocks]     0x00480000
[    0.757504] [drm:amdgpu_discovery_set_ip_blocks]     0x02403800
[    0.757506] [drm:amdgpu_discovery_set_ip_blocks] ATHUB(35) #0 v2.4.0:
[    0.757508] [drm:amdgpu_discovery_set_ip_blocks]     0x00000c00
[    0.757509] [drm:amdgpu_discovery_set_ip_blocks]     0x00013300
[    0.757511] [drm:amdgpu_discovery_set_ip_blocks]     0x02408c00
[    0.757512] [drm:amdgpu_discovery_set_ip_blocks] set register base offset for ATHUB
[    0.757514] [drm:amdgpu_discovery_set_ip_blocks] CLKA(6) #0 v13.0.8:
[    0.757516] [drm:amdgpu_discovery_set_ip_blocks]     0x00016c00
[    0.757517] [drm:amdgpu_discovery_set_ip_blocks]     0x02401800
[    0.757519] [drm:amdgpu_discovery_set_ip_blocks] set register base offset for CLKA
[    0.757520] [drm:amdgpu_discovery_set_ip_blocks] CLKA(6) #1 v13.0.8:
[    0.757522] [drm:amdgpu_discovery_set_ip_blocks]     0x00016e00
[    0.757523] [drm:amdgpu_discovery_set_ip_blocks]     0x02401c00
[    0.757525] [drm:amdgpu_discovery_set_ip_blocks] set register base offset for CLKA
[    0.757526] [drm:amdgpu_discovery_set_ip_blocks] CLKA(6) #2 v13.0.8:
[    0.757528] [drm:amdgpu_discovery_set_ip_blocks]     0x00017000
[    0.757529] [drm:amdgpu_discovery_set_ip_blocks]     0x02402000
[    0.757531] [drm:amdgpu_discovery_set_ip_blocks] set register base offset for CLKA
[    0.757532] [drm:amdgpu_discovery_set_ip_blocks] CLKA(6) #3 v13.0.8:
[    0.757534] [drm:amdgpu_discovery_set_ip_blocks]     0x00017200
[    0.757535] [drm:amdgpu_discovery_set_ip_blocks]     0x02402400
[    0.757537] [drm:amdgpu_discovery_set_ip_blocks] set register base offset for CLKA
[    0.757538] [drm:amdgpu_discovery_set_ip_blocks] CLKA(6) #4 v13.0.8:
[    0.757540] [drm:amdgpu_discovery_set_ip_blocks]     0x0001b000
[    0.757541] [drm:amdgpu_discovery_set_ip_blocks]     0x0242d800
[    0.757543] [drm:amdgpu_discovery_set_ip_blocks] set register base offset for CLKA
[    0.757544] [drm:amdgpu_discovery_set_ip_blocks] CLKA(6) #5 v13.0.8:
[    0.757546] [drm:amdgpu_discovery_set_ip_blocks]     0x0001b200
[    0.757547] [drm:amdgpu_discovery_set_ip_blocks]     0x0242dc00
[    0.757548] [drm:amdgpu_discovery_set_ip_blocks] set register base offset for CLKA
[    0.757550] [drm:amdgpu_discovery_set_ip_blocks] CLKA(6) #6 v13.0.8:
[    0.757552] [drm:amdgpu_discovery_set_ip_blocks]     0x0001b400
[    0.757553] [drm:amdgpu_discovery_set_ip_blocks]     0x0242e000
[    0.757554] [drm:amdgpu_discovery_set_ip_blocks] set register base offset for CLKA
[    0.757556] [drm:amdgpu_discovery_set_ip_blocks] DBGU_IO(45) #0 v2.0.1:
[    0.757558] [drm:amdgpu_discovery_set_ip_blocks]     0x000001e0
[    0.757559] [drm:amdgpu_discovery_set_ip_blocks]     0x00000260
[    0.757561] [drm:amdgpu_discovery_set_ip_blocks]     0x00000280
[    0.757562] [drm:amdgpu_discovery_set_ip_blocks]     0x0240b400
[    0.757563] [drm:amdgpu_discovery_set_ip_blocks]     0x02413c00
[    0.757565] [drm:amdgpu_discovery_set_ip_blocks]     0x02416000
[    0.757566] [drm:amdgpu_discovery_set_ip_blocks] DMU(271) #0 v3.1.6:
[    0.757568] [drm:amdgpu_discovery_set_ip_blocks]     0x00000012
[    0.757569] [drm:amdgpu_discovery_set_ip_blocks]     0x000000c0
[    0.757571] [drm:amdgpu_discovery_set_ip_blocks]     0x000034c0
[    0.757572] [drm:amdgpu_discovery_set_ip_blocks]     0x00009000
[    0.757574] [drm:amdgpu_discovery_set_ip_blocks]     0x02403c00
[    0.757575] [drm:amdgpu_discovery_set_ip_blocks] set register base offset for DMU
[    0.757576] [drm:amdgpu_discovery_set_ip_blocks] DF(46) #0 v3.0.3:
[    0.757578] [drm:amdgpu_discovery_set_ip_blocks]     0x00007000
[    0.757580] [drm:amdgpu_discovery_set_ip_blocks]     0x00c00000
[    0.757581] [drm:amdgpu_discovery_set_ip_blocks]     0x0240b800
[    0.757583] [drm:amdgpu_discovery_set_ip_blocks]     0x02447800
[    0.757584] [drm:amdgpu_discovery_set_ip_blocks]     0x03640000
[    0.757585] [drm:amdgpu_discovery_set_ip_blocks] set register base offset for DF
[    0.757587] [drm:amdgpu_discovery_set_ip_blocks] FCH(48) #0 v8.1.1:
[    0.757589] [drm:amdgpu_discovery_set_ip_blocks]     0x00b40000
[    0.757590] [drm:amdgpu_discovery_set_ip_blocks]     0x0240c000
[    0.757591] [drm:amdgpu_discovery_set_ip_blocks]     0x11000000
[    0.757593] [drm:amdgpu_discovery_set_ip_blocks] FUSE(5) #0 v13.0.8:
[    0.757595] [drm:amdgpu_discovery_set_ip_blocks]     0x00017400
[    0.757596] [drm:amdgpu_discovery_set_ip_blocks]     0x02401400
[    0.757598] [drm:amdgpu_discovery_set_ip_blocks] GC(11) #0 v10.3.7:
[    0.757599] [drm:amdgpu_discovery_set_ip_blocks]     0x00001260
[    0.757601] [drm:amdgpu_discovery_set_ip_blocks]     0x0000a000
[    0.757602] [drm:amdgpu_discovery_set_ip_blocks]     0x02402c00
[    0.757604] [drm:amdgpu_discovery_set_ip_blocks] set register base offset for GC
[    0.757605] [drm:amdgpu_discovery_set_ip_blocks] HDP(41) #0 v5.2.0:
[    0.757607] [drm:amdgpu_discovery_set_ip_blocks]     0x00000f20
[    0.757608] [drm:amdgpu_discovery_set_ip_blocks]     0x0240a400
[    0.757610] [drm:amdgpu_discovery_set_ip_blocks] set register base offset for HDP
[    0.757611] [drm:amdgpu_discovery_set_ip_blocks] IOHC(24) #0 v7.0.1:
[    0.757613] [drm:amdgpu_discovery_set_ip_blocks]     0x00010000
[    0.757614] [drm:amdgpu_discovery_set_ip_blocks]     0x02406000
[    0.757616] [drm:amdgpu_discovery_set_ip_blocks]     0x04ec0000
[    0.757617] [drm:amdgpu_discovery_set_ip_blocks] MMHUB(34) #0 v2.4.0:
[    0.757619] [drm:amdgpu_discovery_set_ip_blocks]     0x00013200
[    0.757620] [drm:amdgpu_discovery_set_ip_blocks]     0x0001a000
[    0.757622] [drm:amdgpu_discovery_set_ip_blocks]     0x02408800
[    0.757623] [drm:amdgpu_discovery_set_ip_blocks] set register base offset for MMHUB
[    0.757625] [drm:amdgpu_discovery_set_ip_blocks] MP0(255) #0 v13.0.8:
[    0.757626] [drm:amdgpu_discovery_set_ip_blocks]     0x00016000
[    0.757628] [drm:amdgpu_discovery_set_ip_blocks]     0x00dc0000
[    0.757629] [drm:amdgpu_discovery_set_ip_blocks]     0x00e00000
[    0.757631] [drm:amdgpu_discovery_set_ip_blocks]     0x00e40000
[    0.757632] [drm:amdgpu_discovery_set_ip_blocks]     0x0243fc00
[    0.757633] [drm:amdgpu_discovery_set_ip_blocks] set register base offset for MP0
[    0.757635] [drm:amdgpu_discovery_set_ip_blocks] MP1(1) #0 v13.0.8:
[    0.757637] [drm:amdgpu_discovery_set_ip_blocks]     0x00016000
[    0.757638] [drm:amdgpu_discovery_set_ip_blocks]     0x00dc0000
[    0.757639] [drm:amdgpu_discovery_set_ip_blocks]     0x00e00000
[    0.757641] [drm:amdgpu_discovery_set_ip_blocks]     0x00e40000
[    0.757642] [drm:amdgpu_discovery_set_ip_blocks]     0x0243fc00
[    0.757644] [drm:amdgpu_discovery_set_ip_blocks] set register base offset for MP1
[    0.757645] [drm:amdgpu_discovery_set_ip_blocks] MP2(2) #0 v13.0.8:
[    0.757647] [drm:amdgpu_discovery_set_ip_blocks]     0x00016000
[    0.757648] [drm:amdgpu_discovery_set_ip_blocks]     0x00dc0000
[    0.757649] [drm:amdgpu_discovery_set_ip_blocks]     0x00e00000
[    0.757651] [drm:amdgpu_discovery_set_ip_blocks]     0x00e40000
[    0.757652] [drm:amdgpu_discovery_set_ip_blocks]     0x0243fc00
[    0.757654] [drm:amdgpu_discovery_set_ip_blocks] NBIF(108) #0 v7.5.1:
[    0.757656] [drm:amdgpu_discovery_set_ip_blocks]     0x00000000
[    0.757657] [drm:amdgpu_discovery_set_ip_blocks]     0x00000014
[    0.757658] [drm:amdgpu_discovery_set_ip_blocks]     0x00000d20
[    0.757660] [drm:amdgpu_discovery_set_ip_blocks]     0x00010400
[    0.757661] [drm:amdgpu_discovery_set_ip_blocks]     0x0241b000
[    0.757663] [drm:amdgpu_discovery_set_ip_blocks]     0x04040000
[    0.757665] [drm:amdgpu_discovery_set_ip_blocks] set register base offset for NBIF
[    0.757666] [drm:amdgpu_discovery_set_ip_blocks] set register base offset for NBIF
[    0.757668] [drm:amdgpu_discovery_set_ip_blocks] OSSSYS(40) #0 v5.2.1:
[    0.757669] [drm:amdgpu_discovery_set_ip_blocks]     0x000010a0
[    0.757671] [drm:amdgpu_discovery_set_ip_blocks]     0x0240a000
[    0.757672] [drm:amdgpu_discovery_set_ip_blocks] set register base offset for OSSSYS
[    0.757674] [drm:amdgpu_discovery_set_ip_blocks] PCIE(70) #0 v6.0.1:
[    0.757676] [drm:amdgpu_discovery_set_ip_blocks]     0x00000000
[    0.757677] [drm:amdgpu_discovery_set_ip_blocks]     0x00000014
[    0.757678] [drm:amdgpu_discovery_set_ip_blocks]     0x00000d20
[    0.757680] [drm:amdgpu_discovery_set_ip_blocks]     0x00010400
[    0.757681] [drm:amdgpu_discovery_set_ip_blocks]     0x0241b000
[    0.757683] [drm:amdgpu_discovery_set_ip_blocks]     0x04040000
[    0.757684] [drm:amdgpu_discovery_set_ip_blocks] set register base offset for PCIE
[    0.757685] [drm:amdgpu_discovery_set_ip_blocks] PCIE(70) #1 v6.0.1:
[    0.757687] [drm:amdgpu_discovery_set_ip_blocks]     0x00000000
[    0.757688] [drm:amdgpu_discovery_set_ip_blocks]     0x00000014
[    0.757690] [drm:amdgpu_discovery_set_ip_blocks]     0x00000d20
[    0.757691] [drm:amdgpu_discovery_set_ip_blocks]     0x00010400
[    0.757693] [drm:amdgpu_discovery_set_ip_blocks]     0x0241b000
[    0.757694] [drm:amdgpu_discovery_set_ip_blocks]     0x04040000
[    0.757695] [drm:amdgpu_discovery_set_ip_blocks] set register base offset for PCIE
[    0.757697] [drm:amdgpu_discovery_set_ip_blocks] SDMA0(42) #0 v5.2.7:
[    0.757699] [drm:amdgpu_discovery_set_ip_blocks]     0x00001260
[    0.757700] [drm:amdgpu_discovery_set_ip_blocks]     0x0000a000
[    0.757701] [drm:amdgpu_discovery_set_ip_blocks]     0x02402c00
[    0.757703] [drm:amdgpu_discovery_set_ip_blocks] set register base offset for SDMA0
[    0.757704] [drm:amdgpu_discovery_set_ip_blocks] SMUIO(4) #0 v13.0.9:
[    0.757706] [drm:amdgpu_discovery_set_ip_blocks]     0x00016800
[    0.757707] [drm:amdgpu_discovery_set_ip_blocks]     0x00016a00
[    0.757709] [drm:amdgpu_discovery_set_ip_blocks]     0x0001bc00
[    0.757710] [drm:amdgpu_discovery_set_ip_blocks]     0x00440000
[    0.757712] [drm:amdgpu_discovery_set_ip_blocks]     0x02401000
[    0.757713] [drm:amdgpu_discovery_set_ip_blocks]     0x0242d400
[    0.757714] [drm:amdgpu_discovery_set_ip_blocks] set register base offset for SMUIO
[    0.757716] [drm:amdgpu_discovery_set_ip_blocks] THM(3) #0 v13.0.8:
[    0.757718] [drm:amdgpu_discovery_set_ip_blocks]     0x00016600
[    0.757719] [drm:amdgpu_discovery_set_ip_blocks]     0x02400c00
[    0.757720] [drm:amdgpu_discovery_set_ip_blocks] set register base offset for THM
[    0.757722] [drm:amdgpu_discovery_set_ip_blocks] UMC(150) #0 v10.0.1:
[    0.757724] [drm:amdgpu_discovery_set_ip_blocks]     0x00014000
[    0.757725] [drm:amdgpu_discovery_set_ip_blocks]     0x02425800
[    0.757727] [drm:amdgpu_discovery_set_ip_blocks]     0x02447c00
[    0.757728] [drm:amdgpu_discovery_set_ip_blocks]     0x03680000
[    0.757730] [drm:amdgpu_discovery_set_ip_blocks] set register base offset for UMC
[    0.757731] [drm:amdgpu_discovery_set_ip_blocks] UMC(150) #1 v10.0.1:
[    0.757733] [drm:amdgpu_discovery_set_ip_blocks]     0x00054000
[    0.757734] [drm:amdgpu_discovery_set_ip_blocks]     0x02425c00
[    0.757735] [drm:amdgpu_discovery_set_ip_blocks]     0x02448000
[    0.757737] [drm:amdgpu_discovery_set_ip_blocks]     0x036c0000
[    0.757738] [drm:amdgpu_discovery_set_ip_blocks] set register base offset for UMC
[    0.757740] [drm:amdgpu_discovery_set_ip_blocks] UVD(12) #0 v3.1.1:
[    0.757742] [drm:amdgpu_discovery_set_ip_blocks]     0x00007800
[    0.757743] [drm:amdgpu_discovery_set_ip_blocks]     0x00007e00
[    0.757744] [drm:amdgpu_discovery_set_ip_blocks]     0x02403000
[    0.757746] [drm:amdgpu_discovery_set_ip_blocks] set register base offset for UVD
[    0.757747] [drm:amdgpu_discovery_set_ip_blocks] XGBE(216) #0 v1.1.0:
[    0.757749] [drm:amdgpu_discovery_set_ip_blocks]     0x02436000
[    0.757750] [drm:amdgpu_discovery_set_ip_blocks]     0x058c0000
[    0.757755] [drm:amdgpu_discovery_set_ip_blocks] number of dies: 1
[    0.757760] [drm:amdgpu_discovery_set_ip_blocks] num_ips:32
[    0.757762] [drm:amdgpu_discovery_set_ip_blocks] match:1 @ ip_offset:520
[    0.757771] [drm:amdgpu_discovery_set_ip_blocks] match:2 @ ip_offset:548
[    0.757778] [drm:amdgpu_discovery_set_ip_blocks] match:3 @ ip_offset:740
[    0.757783] [drm:amdgpu_discovery_set_ip_blocks] match:4 @ ip_offset:708
[    0.757789] [drm:amdgpu_discovery_set_ip_blocks] match:5 @ ip_offset:400
[    0.757794] [drm:amdgpu_discovery_set_ip_blocks] match:6 @ ip_offset:180
[    0.757799] [drm:amdgpu_discovery_set_ip_blocks] match:6 @ ip_offset:196
[    0.757804] [drm:amdgpu_discovery_set_ip_blocks] match:6 @ ip_offset:212
[    0.757808] [drm:amdgpu_discovery_set_ip_blocks] match:6 @ ip_offset:228
[    0.757812] [drm:amdgpu_discovery_set_ip_blocks] match:6 @ ip_offset:244
[    0.757817] [drm:amdgpu_discovery_set_ip_blocks] match:6 @ ip_offset:260
[    0.757822] [drm:amdgpu_discovery_set_ip_blocks] match:6 @ ip_offset:276
[    0.757827] [drm:amdgpu_discovery_set_ip_blocks] match:11 @ ip_offset:416
[    0.757834] [drm:amdgpu_discovery_set_ip_blocks] match:12 @ ip_offset:804
[    0.757838] [drm:amdgpu_discovery_set_ip_blocks] match:14 @ ip_offset:144
[    0.757845] [drm:amdgpu_discovery_set_ip_blocks] match:24 @ ip_offset:452
[    0.757851] [drm:amdgpu_discovery_set_ip_blocks] match:34 @ ip_offset:472
[    0.757856] [drm:amdgpu_discovery_set_ip_blocks] match:35 @ ip_offset:160
[    0.757861] [drm:amdgpu_discovery_set_ip_blocks] match:40 @ ip_offset:608
[    0.757867] [drm:amdgpu_discovery_set_ip_blocks] match:41 @ ip_offset:436
[    0.757872] [drm:amdgpu_discovery_set_ip_blocks] match:42 @ ip_offset:688
[    0.757877] [drm:amdgpu_discovery_set_ip_blocks] match:45 @ ip_offset:292
[    0.757882] [drm:amdgpu_discovery_set_ip_blocks] match:46 @ ip_offset:352
[    0.757887] [drm:amdgpu_discovery_set_ip_blocks] match:48 @ ip_offset:380
[    0.757894] [drm:amdgpu_discovery_set_ip_blocks] match:70 @ ip_offset:624
[    0.757901] [drm:amdgpu_discovery_set_ip_blocks] match:70 @ ip_offset:656
[    0.757909] [drm:amdgpu_discovery_set_ip_blocks] match:108 @ ip_offset:576
[    0.757918] [drm:amdgpu_discovery_set_ip_blocks] match:150 @ ip_offset:756
[    0.757924] [drm:amdgpu_discovery_set_ip_blocks] match:150 @ ip_offset:780
[    0.757936] [drm:amdgpu_discovery_set_ip_blocks] match:216 @ ip_offset:824
[    0.757946] [drm:amdgpu_discovery_set_ip_blocks] match:255 @ ip_offset:492
[    0.757955] [drm:amdgpu_discovery_set_ip_blocks] match:271 @ ip_offset:324
[    0.757966] [drm] add ip block number 0 <nv_common>
[    0.757968] [drm] add ip block number 1 <gmc_v10_0>
[    0.757969] [drm] add ip block number 2 <navi10_ih>
[    0.757971] [drm] add ip block number 3 <psp>
[    0.757972] [drm] add ip block number 4 <smu>
[    0.757973] [drm] add ip block number 5 <dm>
[    0.757974] [drm] add ip block number 6 <gfx_v10_0>
[    0.757975] [drm] add ip block number 7 <sdma_v5_2>
[    0.757977] [drm] add ip block number 8 <vcn_v3_0>
[    0.757978] [drm] add ip block number 9 <jpeg_v3_0>
[    0.757998] [drm:check_atom_bios] ATOMBIOS detected
[    0.758000] amdgpu 0000:04:00.0: amdgpu: Fetched VBIOS from VFCT
[    0.758002] amdgpu: ATOM BIOS: 102-MENDOCINO-004
[    0.758005] [drm:amdgpu_atomfirmware_allocate_fb_scratch] atom firmware requested 0000f800 2048kb fw 0kb drv
[    0.758018] [drm] VCN(0) decode is enabled in VM mode
[    0.758019] [drm] VCN(0) encode is enabled in VM mode
[    0.758020] [drm] JPEG decode is enabled in VM mode
[    0.758021] amdgpu 0000:04:00.0: amdgpu: Trusted Memory Zone (TMZ) feature enabled
[    0.758024] amdgpu 0000:04:00.0: amdgpu: PCIE atomic ops is not supported
[    0.758057] [drm] vm size is 262144 GB, 4 levels, block size is 9-bit, fragment size is 9-bit
[    0.758063] amdgpu 0000:04:00.0: amdgpu: VRAM: 64M 0x000000F400000000 - 0x000000F403FFFFFF (64M used)
[    0.758065] amdgpu 0000:04:00.0: amdgpu: GART: 1024M 0x0000000000000000 - 0x000000003FFFFFFF
[    0.758066] amdgpu 0000:04:00.0: amdgpu: AGP: 267419648M 0x000000F800000000 - 0x0000FFFFFFFFFFFF
[    0.758072] [drm] Detected VRAM RAM=64M, BAR=64M
[    0.758074] [drm] RAM width 128bits LPDDR5
[    0.758095] [drm:amdgpu_ttm_init] memory training does not support!
[    0.758118] [drm] amdgpu: 64M of VRAM memory ready
[    0.758119] [drm] amdgpu: 3317M of GTT memory ready.
[    0.758129] [drm] GART: num cpu pages 262144, num gpu pages 262144
[    0.758529] [drm] PCIE GART of 1024M enabled (table at 0x000000F403C00000).
[    0.758636] [drm:amdgpu_irq_init] amdgpu: irq initialized.
[    0.758645] amdgpu 0000:04:00.0: amdgpu: PSP runtime database doesn't exist
[    0.758647] amdgpu 0000:04:00.0: amdgpu: PSP runtime database doesn't exist
[    0.758647] [drm:psp_sw_init] memory training is not supported!
[    0.758688] [drm] Loading DMUB firmware via PSP: version=0x00007000
[    0.758694] [drm:gfx_v10_0_me_init]
[    0.758731] amdgpu 0000:04:00.0: [drm:amdgpu_fence_driver_start_ring] fence driver on ring gfx_0.0.0 use gpu addr 0x0000000000401080
[    0.758757] amdgpu 0000:04:00.0: [drm:amdgpu_fence_driver_start_ring] fence driver on ring comp_1.0.0 use gpu addr 0x0000000000401120
[    0.758777] amdgpu 0000:04:00.0: [drm:amdgpu_fence_driver_start_ring] fence driver on ring comp_1.1.0 use gpu addr 0x00000000004011c0
[    0.758796] amdgpu 0000:04:00.0: [drm:amdgpu_fence_driver_start_ring] fence driver on ring comp_1.2.0 use gpu addr 0x0000000000401260
[    0.758816] amdgpu 0000:04:00.0: [drm:amdgpu_fence_driver_start_ring] fence driver on ring comp_1.3.0 use gpu addr 0x0000000000401300
[    0.758836] amdgpu 0000:04:00.0: [drm:amdgpu_fence_driver_start_ring] fence driver on ring comp_1.0.1 use gpu addr 0x00000000004013a0
[    0.758855] amdgpu 0000:04:00.0: [drm:amdgpu_fence_driver_start_ring] fence driver on ring comp_1.1.1 use gpu addr 0x0000000000401440
[    0.758875] amdgpu 0000:04:00.0: [drm:amdgpu_fence_driver_start_ring] fence driver on ring comp_1.2.1 use gpu addr 0x00000000004014e0
[    0.758895] amdgpu 0000:04:00.0: [drm:amdgpu_fence_driver_start_ring] fence driver on ring comp_1.3.1 use gpu addr 0x0000000000401580
[    0.758933] amdgpu 0000:04:00.0: [drm:amdgpu_fence_driver_start_ring] fence driver on ring kiq_2.1.0 use gpu addr 0x0000000000401620
[    0.759362] [drm:sdma_v5_2_sw_init]
[    0.759367] [drm:sdma_v5_2_sw_init] psp_load == 'true'
[    0.759369] [drm] use_doorbell being set to: [true]
[    0.759370] amdgpu 0000:04:00.0: [drm:amdgpu_fence_driver_start_ring] fence driver on ring sdma0 use gpu addr 0x00000000004016c0
[    0.759397] [drm] Found VCN firmware Version ENC: 1.23 DEC: 2 VEP: 0 Revision: 5
[    0.759403] amdgpu 0000:04:00.0: amdgpu: Will use PSP to load VCN firmware
[    0.759460] amdgpu 0000:04:00.0: [drm:amdgpu_fence_driver_start_ring] fence driver on ring vcn_dec_0 use gpu addr 0x0000000000401760
[    0.759487] amdgpu 0000:04:00.0: [drm:amdgpu_fence_driver_start_ring] fence driver on ring vcn_enc_0.0 use gpu addr 0x0000000000401800
[    0.759506] amdgpu 0000:04:00.0: [drm:amdgpu_fence_driver_start_ring] fence driver on ring vcn_enc_0.1 use gpu addr 0x00000000004018a0
[    0.759527] amdgpu 0000:04:00.0: [drm:amdgpu_fence_driver_start_ring] fence driver on ring jpeg_dec use gpu addr 0x0000000000401940
[    0.783708] [drm] reserve 0xa00000 from 0xf402000000 for PSP TMR
[    0.786698] [drm:amdgpu_ucode_print_sdma_hdr] SDMA
[    0.786710] [drm:amdgpu_ucode_print_common_hdr] size_bytes: 34048
[    0.786717] [drm:amdgpu_ucode_print_common_hdr] header_size_bytes: 48
[    0.786721] [drm:amdgpu_ucode_print_common_hdr] header_version_major: 1
[    0.786725] [drm:amdgpu_ucode_print_common_hdr] header_version_minor: 0
[    0.786728] [drm:amdgpu_ucode_print_common_hdr] ip_version_major: 5
[    0.786732] [drm:amdgpu_ucode_print_common_hdr] ip_version_minor: 2
[    0.786736] [drm:amdgpu_ucode_print_common_hdr] ucode_version: 0x00000001
[    0.786740] [drm:amdgpu_ucode_print_common_hdr] ucode_size_bytes: 33792
[    0.786744] [drm:amdgpu_ucode_print_common_hdr] ucode_array_offset_bytes: 256
[    0.786748] [drm:amdgpu_ucode_print_sdma_hdr] crc32: 0x2f844ded
[    0.786753] [drm:amdgpu_ucode_print_sdma_hdr] ucode_feature_version: 52
[    0.786757] [drm:amdgpu_ucode_print_sdma_hdr] ucode_change_version: 0
[    0.786760] [drm:amdgpu_ucode_print_sdma_hdr] jt_offset: 8192
[    0.786764] [drm:amdgpu_ucode_print_sdma_hdr] jt_size: 128
[    0.790699] [drm:amdgpu_ucode_print_gfx_hdr] GFX
[    0.790715] [drm:amdgpu_ucode_print_common_hdr] size_bytes: 263296
[    0.790721] [drm:amdgpu_ucode_print_common_hdr] header_size_bytes: 44
[    0.790725] [drm:amdgpu_ucode_print_common_hdr] header_version_major: 1
[    0.790729] [drm:amdgpu_ucode_print_common_hdr] header_version_minor: 0
[    0.790733] [drm:amdgpu_ucode_print_common_hdr] ip_version_major: 10
[    0.790737] [drm:amdgpu_ucode_print_common_hdr] ip_version_minor: 3
[    0.790740] [drm:amdgpu_ucode_print_common_hdr] ucode_version: 0x00000001
[    0.790745] [drm:amdgpu_ucode_print_common_hdr] ucode_size_bytes: 263040
[    0.790749] [drm:amdgpu_ucode_print_common_hdr] ucode_array_offset_bytes: 256
[    0.790753] [drm:amdgpu_ucode_print_gfx_hdr] crc32: 0x6c2217b8
[    0.790758] [drm:amdgpu_ucode_print_gfx_hdr] ucode_feature_version: 38
[    0.790762] [drm:amdgpu_ucode_print_gfx_hdr] jt_offset: 65536
[    0.790766] [drm:psp_load_non_psp_fw] jt_size: 96
[    0.802697] [drm:amdgpu_ucode_print_gfx_hdr] GFX
[    0.802705] [drm:amdgpu_ucode_print_common_hdr] size_bytes: 263424
[    0.802710] [drm:amdgpu_ucode_print_common_hdr] header_size_bytes: 44
[    0.802714] [drm:amdgpu_ucode_print_common_hdr] header_version_major: 1
[    0.802718] [drm:amdgpu_ucode_print_common_hdr] header_version_minor: 0
[    0.802721] [drm:amdgpu_ucode_print_common_hdr] ip_version_major: 10
[    0.802725] [drm:amdgpu_ucode_print_common_hdr] ip_version_minor: 3
[    0.802729] [drm:amdgpu_ucode_print_common_hdr] ucode_version: 0x00000005
[    0.802733] [drm:amdgpu_ucode_print_common_hdr] ucode_size_bytes: 263168
[    0.802737] [drm:amdgpu_ucode_print_common_hdr] ucode_array_offset_bytes: 256
[    0.802740] [drm:amdgpu_ucode_print_gfx_hdr] crc32: 0x95c6ee20
[    0.802744] [drm:amdgpu_ucode_print_gfx_hdr] ucode_feature_version: 38
[    0.802748] [drm:amdgpu_ucode_print_gfx_hdr] jt_offset: 65536
[    0.802752] [drm:psp_load_non_psp_fw] jt_size: 128
[    0.814697] [drm:amdgpu_ucode_print_gfx_hdr] GFX
[    0.814714] [drm:amdgpu_ucode_print_common_hdr] size_bytes: 263424
[    0.814720] [drm:amdgpu_ucode_print_common_hdr] header_size_bytes: 44
[    0.814725] [drm:amdgpu_ucode_print_common_hdr] header_version_major: 1
[    0.814729] [drm:amdgpu_ucode_print_common_hdr] header_version_minor: 0
[    0.814732] [drm:amdgpu_ucode_print_common_hdr] ip_version_major: 10
[    0.814736] [drm:amdgpu_ucode_print_common_hdr] ip_version_minor: 3
[    0.814740] [drm:amdgpu_ucode_print_common_hdr] ucode_version: 0x00000003
[    0.814744] [drm:amdgpu_ucode_print_common_hdr] ucode_size_bytes: 263168
[    0.814748] [drm:amdgpu_ucode_print_common_hdr] ucode_array_offset_bytes: 256
[    0.814753] [drm:amdgpu_ucode_print_gfx_hdr] crc32: 0x66bdf234
[    0.814757] [drm:amdgpu_ucode_print_gfx_hdr] ucode_feature_version: 38
[    0.814761] [drm:amdgpu_ucode_print_gfx_hdr] jt_offset: 65536
[    0.814765] [drm:psp_load_non_psp_fw] jt_size: 128
[    0.826698] [drm:amdgpu_ucode_print_gfx_hdr] GFX
[    0.826714] [drm:amdgpu_ucode_print_common_hdr] size_bytes: 268592
[    0.826720] [drm:amdgpu_ucode_print_common_hdr] header_size_bytes: 44
[    0.826725] [drm:amdgpu_ucode_print_common_hdr] header_version_major: 1
[    0.826729] [drm:amdgpu_ucode_print_common_hdr] header_version_minor: 0
[    0.826732] [drm:amdgpu_ucode_print_common_hdr] ip_version_major: 10
[    0.826736] [drm:amdgpu_ucode_print_common_hdr] ip_version_minor: 3
[    0.826740] [drm:amdgpu_ucode_print_common_hdr] ucode_version: 0x00000006
[    0.826745] [drm:amdgpu_ucode_print_common_hdr] ucode_size_bytes: 268336
[    0.826749] [drm:amdgpu_ucode_print_common_hdr] ucode_array_offset_bytes: 256
[    0.826753] [drm:amdgpu_ucode_print_gfx_hdr] crc32: 0xc63f6c11
[    0.826757] [drm:amdgpu_ucode_print_gfx_hdr] ucode_feature_version: 38
[    0.826761] [drm:amdgpu_ucode_print_gfx_hdr] jt_offset: 66860
[    0.826765] [drm:psp_load_non_psp_fw] jt_size: 224
[    0.871695] [drm:amdgpu_ucode_print_rlc_hdr] RLC
[    0.871711] [drm:amdgpu_ucode_print_common_hdr] size_bytes: 44992
[    0.871717] [drm:amdgpu_ucode_print_common_hdr] header_size_bytes: 172
[    0.871721] [drm:amdgpu_ucode_print_common_hdr] header_version_major: 2
[    0.871726] [drm:amdgpu_ucode_print_common_hdr] header_version_minor: 2
[    0.871729] [drm:amdgpu_ucode_print_common_hdr] ip_version_major: 10
[    0.871733] [drm:amdgpu_ucode_print_common_hdr] ip_version_minor: 3
[    0.871737] [drm:amdgpu_ucode_print_common_hdr] ucode_version: 0x0000000e
[    0.871741] [drm:amdgpu_ucode_print_common_hdr] ucode_size_bytes: 25088
[    0.871745] [drm:amdgpu_ucode_print_common_hdr] ucode_array_offset_bytes: 256
[    0.871750] [drm:amdgpu_ucode_print_rlc_hdr] crc32: 0x4f3a37ab
[    0.871754] [drm:amdgpu_ucode_print_rlc_hdr] ucode_feature_version: 1
[    0.871758] [drm:amdgpu_ucode_print_rlc_hdr] jt_offset: 0
[    0.871762] [drm:amdgpu_ucode_print_rlc_hdr] jt_size: 0
[    0.871766] [drm:amdgpu_ucode_print_rlc_hdr] save_and_restore_offset: 0
[    0.871769] [drm:amdgpu_ucode_print_rlc_hdr] clear_state_descriptor_offset: 0
[    0.871773] [drm:amdgpu_ucode_print_rlc_hdr] avail_scratch_ram_locations: 0
[    0.871777] [drm:amdgpu_ucode_print_rlc_hdr] reg_restore_list_size: 95
[    0.871781] [drm:amdgpu_ucode_print_rlc_hdr] reg_list_format_start: 96
[    0.871785] [drm:amdgpu_ucode_print_rlc_hdr] reg_list_format_separate_start: 182
[    0.871788] [drm:amdgpu_ucode_print_rlc_hdr] starting_offsets_start: 203
[    0.871792] [drm:amdgpu_ucode_print_rlc_hdr] reg_list_format_size_bytes: 0
[    0.871796] [drm:amdgpu_ucode_print_rlc_hdr] reg_list_format_array_offset_bytes: 25344
[    0.871800] [drm:amdgpu_ucode_print_rlc_hdr] reg_list_size_bytes: 0
[    0.871803] [drm:amdgpu_ucode_print_rlc_hdr] reg_list_array_offset_bytes: 25344
[    0.871807] [drm:amdgpu_ucode_print_rlc_hdr] reg_list_format_separate_size_bytes: 0
[    0.871811] [drm:amdgpu_ucode_print_rlc_hdr] reg_list_format_separate_array_offset_bytes: 0
[    0.871815] [drm:amdgpu_ucode_print_rlc_hdr] reg_list_separate_size_bytes: 0
[    0.871819] [drm:amdgpu_ucode_print_rlc_hdr] reg_list_separate_array_offset_bytes: 0
[    0.900107] [drm:amdgpu_ih_process] amdgpu_ih_process: rptr 0, wptr 32
[    0.900125] [drm:amdgpu_irq_dispatch] Unregistered interrupt client_id: 4 src_id: 5
[    0.934751] amdgpu 0000:04:00.0: amdgpu: RAS: optional ras ta ucode is not available
[    0.945895] amdgpu 0000:04:00.0: amdgpu: RAP: optional rap ta ucode is not available
[    0.945906] amdgpu 0000:04:00.0: amdgpu: SECUREDISPLAY: securedisplay ta ucode is not available
[    0.947253] amdgpu 0000:04:00.0: amdgpu: SMU is initialized successfully!
[    0.947258] [drm:amdgpu_dm_irq_init] DM_IRQ
[    0.947302] [drm:dal_firmware_parser_init_cmd_tbl] Don't have dig_encoder_control for v0
[    0.947311] [drm:dal_firmware_parser_init_cmd_tbl] Don't have transmitter_control for v0
[    0.947317] [drm:dal_firmware_parser_init_cmd_tbl] Don't have set_pixel_clock for v0
[    0.947323] [drm:dal_firmware_parser_init_cmd_tbl] Don't have set_crtc_timing for v0
[    0.947329] [drm:dal_firmware_parser_init_cmd_tbl] Don't have enable_crtc for v0
[    0.947336] [drm:dal_firmware_parser_init_cmd_tbl] Don't have set_dce_clock for v0
[    0.948128] [drm:create_links] BIOS object table - number of connectors: 5
[    0.948131] [drm:create_links] DC: create_links: connectors_num: physical:5, virtual:0
[    0.948134] [drm:create_links] BIOS object table - printing link object info for connector number: 0, link_index: 0
[    0.948137] [drm:link_create] BIOS object table - link_id: 20
[    0.948139] [drm:link_create] BIOS object table - is_internal_display: 0
[    0.948150] [drm:link_create] BIOS object table - hpd_gpio id: 3
[    0.948151] [drm:link_create] BIOS object table - hpd_gpio en: 0
[    0.948153] [drm:link_create] Connector[0] description:signal 128
[    0.948156] [drm:dal_ddc_service_create] BIOS object table - i2c_line: 0
[    0.948159] [drm:dal_ddc_service_create] BIOS object table - i2c_engine_id: 1
[    0.948163] [drm:link_create] BIOS object table - DP_IS_USB_C: 0
[    0.948165] [drm:link_create] BIOS object table - IS_DP2_CAPABLE: 0
[    0.948167] [drm:link_create] BIOS object table - device_tag.acpi_device: 0
[    0.948169] [drm:link_create] BIOS object table - device_tag.dev_id.device_type: 1
[    0.948170] [drm:link_create] BIOS object table - device_tag.dev_id.enum_id: 1
[    0.948172] [drm:link_create] BIOS object table - ddi_channel_mapping: 0x00E4
[    0.948174] [drm:link_create] BIOS object table - chip_caps: 0
[    0.948175] [drm:link_create] BIOS object table - dc_link_construct_legacy finished successfully.
[    0.948177] [drm:create_links] BIOS object table - printing link object info for connector number: 1, link_index: 1
[    0.948179] [drm:link_create] BIOS object table - link_id: 12
[    0.948180] [drm:link_create] BIOS object table - is_internal_display: 0
[    0.948184] [drm:link_create] BIOS object table - hpd_gpio id: 3
[    0.948185] [drm:link_create] BIOS object table - hpd_gpio en: 1
[    0.948187] [drm:link_create] Connector[1] description:signal 4
[    0.948189] [drm:dal_ddc_service_create] BIOS object table - i2c_line: 1
[    0.948190] [drm:dal_ddc_service_create] BIOS object table - i2c_engine_id: 1
[    0.948192] [drm:link_create] BIOS object table - DP_IS_USB_C: 0
[    0.948193] [drm:link_create] BIOS object table - IS_DP2_CAPABLE: 0
[    0.948194] [drm:link_create] BIOS object table - device_tag.acpi_device: 0
[    0.948196] [drm:link_create] BIOS object table - device_tag.dev_id.device_type: 3
[    0.948197] [drm:link_create] BIOS object table - device_tag.dev_id.enum_id: 3
[    0.948198] [drm:link_create] BIOS object table - ddi_channel_mapping: 0x00E4
[    0.948199] [drm:link_create] BIOS object table - chip_caps: 0
[    0.948207] [drm:link_create] BIOS object table - dc_link_construct_legacy finished successfully.
[    0.948208] [drm:create_links] BIOS object table - printing link object info for connector number: 2, link_index: 2
[    0.948210] [drm:link_create] BIOS object table - link_id: 19
[    0.948211] [drm:link_create] BIOS object table - is_internal_display: 0
[    0.948215] [drm:link_create] BIOS object table - hpd_gpio id: 3
[    0.948216] [drm:link_create] BIOS object table - hpd_gpio en: 2
[    0.948217] [drm:link_create] Connector[2] description:signal 32
[    0.948219] [drm:dal_ddc_service_create] BIOS object table - i2c_line: 2
[    0.948222] [drm:dal_ddc_service_create] BIOS object table - i2c_engine_id: 1
[    0.948224] [drm:link_create] BIOS object table - DP_IS_USB_C: 1
[    0.948225] [drm:link_create] BIOS object table - IS_DP2_CAPABLE: 1
[    0.948226] [drm:link_create] BIOS object table - device_tag.acpi_device: 0
[    0.948228] [drm:link_create] BIOS object table - device_tag.dev_id.device_type: 3
[    0.948229] [drm:link_create] BIOS object table - device_tag.dev_id.enum_id: 1
[    0.948230] [drm:link_create] BIOS object table - ddi_channel_mapping: 0x00E4
[    0.948231] [drm:link_create] BIOS object table - chip_caps: 256
[    0.948239] [drm:link_create] BIOS object table - dc_link_construct_legacy finished successfully.
[    0.948240] [drm:create_links] BIOS object table - printing link object info for connector number: 3, link_index: 3
[    0.948242] [drm:link_create] BIOS object table - link_id: 0
[    0.948243] [drm:link_create] BIOS object table - is_internal_display: 0
[    0.948244] [drm:link_create] dc_link_construct_legacy: Invalid Connector ObjectID from Adapter Service for connector index:3! type 0 expected 3
[    0.948246] [drm:link_create] BIOS object table - dc_link_construct_legacy failed.
[    0.948248] [drm:create_links] BIOS object table - printing link object info for connector number: 4, link_index: 3
[    0.948249] [drm:link_create] BIOS object table - link_id: 19
[    0.948250] [drm:link_create] BIOS object table - is_internal_display: 0
[    0.948254] [drm:link_create] BIOS object table - hpd_gpio id: 3
[    0.948256] [drm:link_create] BIOS object table - hpd_gpio en: 3
[    0.948257] [drm:link_create] Connector[4] description:signal 32
[    0.948259] [drm:dal_ddc_service_create] BIOS object table - i2c_line: 3
[    0.948260] [drm:dal_ddc_service_create] BIOS object table - i2c_engine_id: 1
[    0.948262] [drm:link_create] BIOS object table - DP_IS_USB_C: 1
[    0.948264] [drm:link_create] BIOS object table - IS_DP2_CAPABLE: 1
[    0.948265] [drm:link_create] BIOS object table - device_tag.acpi_device: 0
[    0.948266] [drm:link_create] BIOS object table - device_tag.dev_id.device_type: 3
[    0.948267] [drm:link_create] BIOS object table - device_tag.dev_id.enum_id: 2
[    0.948269] [drm:link_create] BIOS object table - ddi_channel_mapping: 0x00E4
[    0.948270] [drm:link_create] BIOS object table - chip_caps: 256
[    0.948277] [drm:link_create] BIOS object table - dc_link_construct_legacy finished successfully.
[    0.948279] [drm:create_links] BIOS object table - end
[    0.948281] [drm:dc_create] Display Core initialized
[    0.948284] [drm] Display Core initialized with v3.2.198!
[    0.949703] [drm] DMUB hardware initialized: version=0x00007000
[    0.949770] [drm:dce110_edp_power_control] dce110_edp_power_control: Skipping Panel Power action: On
[    0.977769] [drm:mpc2_assert_idle_mpcc] REG_WAIT taking a while: 7ms in mpc2_assert_idle_mpcc line:480
[    0.977787] [drm:dcn20_plane_atomic_disable] Power gated front end 0
[    0.977791] [drm:dcn10_init_pipes] Power down front end 0
[    0.977812] [drm:dcn20_plane_atomic_disable] Power gated front end 1
[    0.977814] [drm:dcn10_init_pipes] Power down front end 1
[    0.977834] [drm:dcn20_plane_atomic_disable] Power gated front end 2
[    0.977836] [drm:dcn10_init_pipes] Power down front end 2
[    0.977855] [drm:dcn20_plane_atomic_disable] Power gated front end 3
[    0.977858] [drm:dcn10_init_pipes] Power down front end 3
[    0.978550] [drm:dm_hw_init] amdgpu: freesync_module init done 00000000ea3545c6.
[    0.978635] [drm:dm_hw_init] amdgpu: hdcp_workqueue init done 00000000e8ed7fb5.
[    0.978784] [drm:amdgpu_dm_irq_register_interrupt] DM_IRQ: added irq handler: 00000000b07c8982 for: dal_src=96, irq context=0
[    0.978790] [drm:dm_hw_init] amdgpu_dm_connector_init()
[    0.978891] [drm:dce110_edp_power_control] dce110_edp_power_control: Skipping Panel Power action: On
[    0.978941] [drm:dce110_edp_power_control] dce110_edp_power_control: Skipping Panel Power action: On
[    0.979241] amdgpu 0000:04:00.0: [drm:drm_dp_dpcd_probe] AMDGPU DM aux hw bus 0: 0x00000 AUX -> (ret=  1) 11
[    0.979527] amdgpu 0000:04:00.0: [drm:drm_dp_dpcd_read] AMDGPU DM aux hw bus 0: 0x00101 AUX -> (ret=  1) 82
[    0.979809] amdgpu 0000:04:00.0: [drm:drm_dp_dpcd_probe] AMDGPU DM aux hw bus 0: 0x00000 AUX -> (ret=  1) 11
[    0.980091] amdgpu 0000:04:00.0: [drm:drm_dp_dpcd_read] AMDGPU DM aux hw bus 0: 0x00100 AUX -> (ret=  1) 0a
[    0.980373] amdgpu 0000:04:00.0: [drm:drm_dp_dpcd_probe] AMDGPU DM aux hw bus 0: 0x00000 AUX -> (ret=  1) 11
[    0.980655] amdgpu 0000:04:00.0: [drm:drm_dp_dpcd_read] AMDGPU DM aux hw bus 0: 0x00003 AUX -> (ret=  1) 41
[    0.980942] amdgpu 0000:04:00.0: [drm:drm_dp_dpcd_probe] AMDGPU DM aux hw bus 0: 0x00000 AUX -> (ret=  1) 11
[    0.981286] amdgpu 0000:04:00.0: [drm:drm_dp_dpcd_read] AMDGPU DM aux hw bus 0: 0xf0000 AUX -> (ret=  8) 00 00 00 00 00 00 00 00
[    0.981570] amdgpu 0000:04:00.0: [drm:drm_dp_dpcd_probe] AMDGPU DM aux hw bus 0: 0x00000 AUX -> (ret=  1) 11
[    0.981865] amdgpu 0000:04:00.0: [drm:drm_dp_dpcd_read] AMDGPU DM aux hw bus 0: 0xe000d AUX -> (ret=  3) 00 00 00
[    0.982147] amdgpu 0000:04:00.0: [drm:drm_dp_dpcd_probe] AMDGPU DM aux hw bus 0: 0x00000 AUX -> (ret=  1) 11
[    0.982465] amdgpu 0000:04:00.0: [drm:drm_dp_dpcd_read] AMDGPU DM aux hw bus 0: 0xe001b AUX -> (ret=  5) 00 00 00 00 00
[    0.982748] amdgpu 0000:04:00.0: [drm:drm_dp_dpcd_probe] AMDGPU DM aux hw bus 0: 0x00000 AUX -> (ret=  1) 11
[    0.983030] amdgpu 0000:04:00.0: [drm:drm_dp_dpcd_read] AMDGPU DM aux hw bus 0: 0x00600 AUX -> (ret=  1) 01
[    0.983313] amdgpu 0000:04:00.0: [drm:drm_dp_dpcd_probe] AMDGPU DM aux hw bus 0: 0x00000 AUX -> (ret=  1) 11
[    0.983608] amdgpu 0000:04:00.0: [drm:drm_dp_dpcd_read] AMDGPU DM aux hw bus 0: 0x00300 AUX -> (ret=  3) 00 00 1a
[    1.015024] amdgpu 0000:04:00.0: [drm:drm_dp_dpcd_access] AMDGPU DM aux hw bus 0: Too many retries, giving up. First error: -5
[    1.015034] amdgpu 0000:04:00.0: [drm:drm_dp_dpcd_write] AMDGPU DM aux hw bus 0: 0x00303 AUX <- (ret= -5)
[    1.046962] amdgpu 0000:04:00.0: [drm:drm_dp_dpcd_access] AMDGPU DM aux hw bus 0: Too many retries, giving up. First error: -5
[    1.046971] amdgpu 0000:04:00.0: [drm:drm_dp_dpcd_write] AMDGPU DM aux hw bus 0: 0x00340 AUX <- (ret= -5)
[    1.079175] amdgpu 0000:04:00.0: [drm:drm_dp_dpcd_probe] AMDGPU DM aux hw bus 0: 0x00000 AUX -> (ret=  1) 11
[    1.079617] amdgpu 0000:04:00.0: [drm:drm_dp_dpcd_read] AMDGPU DM aux hw bus 0: 0x00000 AUX -> (ret= 16) 11 0a 82 41 00 00 01 40 02 02 00 00 00 03 00 00
[    1.079923] amdgpu 0000:04:00.0: [drm:drm_dp_dpcd_probe] AMDGPU DM aux hw bus 0: 0x00000 AUX -> (ret=  1) 11
[    1.080292] amdgpu 0000:04:00.0: [drm:drm_dp_dpcd_read] AMDGPU DM aux hw bus 0: 0x00500 AUX -> (ret=  9) 00 00 00 00 00 00 00 00 00
[    1.080585] amdgpu 0000:04:00.0: [drm:drm_dp_dpcd_probe] AMDGPU DM aux hw bus 0: 0x00000 AUX -> (ret=  1) 11
[    1.080873] amdgpu 0000:04:00.0: [drm:drm_dp_dpcd_read] AMDGPU DM aux hw bus 0: 0x00000 AUX -> (ret=  1) 11
[    1.081156] amdgpu 0000:04:00.0: [drm:drm_dp_dpcd_probe] AMDGPU DM aux hw bus 0: 0x00000 AUX -> (ret=  1) 11
[    1.081438] amdgpu 0000:04:00.0: [drm:drm_dp_dpcd_read] AMDGPU DM aux hw bus 0: 0x00200 AUX -> (ret=  1) 41
[    1.081720] amdgpu 0000:04:00.0: [drm:drm_dp_dpcd_probe] AMDGPU DM aux hw bus 0: 0x00000 AUX -> (ret=  1) 11
[    1.082075] amdgpu 0000:04:00.0: [drm:drm_dp_dpcd_read] AMDGPU DM aux hw bus 0: 0x00400 AUX -> (ret=  9) 00 00 00 00 00 00 00 00 00
[    1.082357] amdgpu 0000:04:00.0: [drm:drm_dp_dpcd_probe] AMDGPU DM aux hw bus 0: 0x00000 AUX -> (ret=  1) 11
[    1.082652] amdgpu 0000:04:00.0: [drm:drm_dp_dpcd_read] AMDGPU DM aux hw bus 0: 0x00409 AUX -> (ret=  3) 00 00 00
[    1.082935] amdgpu 0000:04:00.0: [drm:drm_dp_dpcd_probe] AMDGPU DM aux hw bus 0: 0x00000 AUX -> (ret=  1) 11
[    1.083218] amdgpu 0000:04:00.0: [drm:drm_dp_dpcd_read] AMDGPU DM aux hw bus 0: 0x00317 AUX -> (ret=  1) 00
[    1.083500] amdgpu 0000:04:00.0: [drm:drm_dp_dpcd_probe] AMDGPU DM aux hw bus 0: 0x00000 AUX -> (ret=  1) 11
[    1.083782] amdgpu 0000:04:00.0: [drm:drm_dp_dpcd_read] AMDGPU DM aux hw bus 0: 0x02217 AUX -> (ret=  1) 00
[    1.083786] [drm:retrieve_link_cap] Rx Caps:
[    1.084070] amdgpu 0000:04:00.0: [drm:drm_dp_dpcd_probe] AMDGPU DM aux hw bus 0: 0x00000 AUX -> (ret=  1) 11
[    1.084353] amdgpu 0000:04:00.0: [drm:drm_dp_dpcd_read] AMDGPU DM aux hw bus 0: 0x00702 AUX -> (ret=  1) 00
[    1.084635] amdgpu 0000:04:00.0: [drm:drm_dp_dpcd_probe] AMDGPU DM aux hw bus 0: 0x00000 AUX -> (ret=  1) 11
[    1.084918] amdgpu 0000:04:00.0: [drm:drm_dp_dpcd_read] AMDGPU DM aux hw bus 0: 0x00701 AUX -> (ret=  1) 00
[    1.085200] amdgpu 0000:04:00.0: [drm:drm_dp_dpcd_probe] AMDGPU DM aux hw bus 0: 0x00000 AUX -> (ret=  1) 11
[    1.085482] amdgpu 0000:04:00.0: [drm:drm_dp_dpcd_read] AMDGPU DM aux hw bus 0: 0x00700 AUX -> (ret=  1) 01
[    1.085764] amdgpu 0000:04:00.0: [drm:drm_dp_dpcd_probe] AMDGPU DM aux hw bus 0: 0x00000 AUX -> (ret=  1) 11
[    1.086046] amdgpu 0000:04:00.0: [drm:drm_dp_dpcd_read] AMDGPU DM aux hw bus 0: 0x0002e AUX -> (ret=  1) 00
[    1.086329] amdgpu 0000:04:00.0: [drm:drm_dp_dpcd_probe] AMDGPU DM aux hw bus 0: 0x00000 AUX -> (ret=  1) 11
[    1.086611] amdgpu 0000:04:00.0: [drm:drm_dp_dpcd_read] AMDGPU DM aux hw bus 0: 0x00101 AUX -> (ret=  1) 82
[    1.086894] amdgpu 0000:04:00.0: [drm:drm_dp_dpcd_probe] AMDGPU DM aux hw bus 0: 0x00000 AUX -> (ret=  1) 11
[    1.087176] amdgpu 0000:04:00.0: [drm:drm_dp_dpcd_read] AMDGPU DM aux hw bus 0: 0x00100 AUX -> (ret=  1) 0a
[    1.087458] amdgpu 0000:04:00.0: [drm:drm_dp_dpcd_probe] AMDGPU DM aux hw bus 0: 0x00000 AUX -> (ret=  1) 11
[    1.087740] amdgpu 0000:04:00.0: [drm:drm_dp_dpcd_read] AMDGPU DM aux hw bus 0: 0x00003 AUX -> (ret=  1) 41
[    1.093598] [drm:update_display_info] Supported Monitor Refresh rate range is 0 Hz - 0 Hz
[    1.093602] [drm:update_display_info] eDP-1: Assigning EDID-1.4 digital sink color depth as 8 bpc.
[    1.093610] [drm:drm_edid_to_sad] Found 0 Short Audio Descriptors
[    1.093891] amdgpu 0000:04:00.0: [drm:drm_dp_dpcd_probe] AMDGPU DM aux hw bus 0: 0x00000 AUX -> (ret=  1) 11
[    1.094173] amdgpu 0000:04:00.0: [drm:drm_dp_dpcd_read] AMDGPU DM aux hw bus 0: 0x00201 AUX -> (ret=  1) 00
[    1.094455] amdgpu 0000:04:00.0: [drm:drm_dp_dpcd_probe] AMDGPU DM aux hw bus 0: 0x00000 AUX -> (ret=  1) 11
[    1.094737] amdgpu 0000:04:00.0: [drm:drm_dp_dpcd_read] AMDGPU DM aux hw bus 0: 0x00218 AUX -> (ret=  1) 00
[    1.094740] amdgpu 0000:04:00.0: [drm:drm_dp_send_real_edid_checksum] AMDGPU DM aux hw bus 0: Source DUT does not support TEST_EDID_READ
[    1.095023] amdgpu 0000:04:00.0: [drm:drm_dp_dpcd_probe] AMDGPU DM aux hw bus 0: 0x00000 AUX -> (ret=  1) 11
[    1.095319] amdgpu 0000:04:00.0: [drm:drm_dp_dpcd_read] AMDGPU DM aux hw bus 0: 0x6921d AUX -> (ret=  3) 00 00 00
[    1.095323] [drm:dc_link_detect] : [Block 0]
[    1.095325] [drm:dc_link_detect] detect_link_and_local_sink: manufacturer_id = AE0D, product_id = 14F5, serial_number = 0, manufacture_week = 16, manufacture_year = 28, display_name = , speaker_flag = 0, audio_mode_count = 0
[    1.095329] [drm:dc_link_detect] link=0, dc_sink_in=0000000090f4cc0f is now Connected prev_sink=0000000000000000 edid same=0
[    1.095336] [drm:amdgpu_dm_update_connector_after_detect] DCHPD: connector_id=0: Old sink=0000000000000000 New sink=0000000090f4cc0f
[    1.095622] amdgpu 0000:04:00.0: [drm:drm_dp_dpcd_probe] AMDGPU DM aux hw bus 0: 0x00000 AUX -> (ret=  1) 11
[    1.095905] amdgpu 0000:04:00.0: [drm:drm_dp_dpcd_read] AMDGPU DM aux hw bus 0: 0x03000 AUX -> (ret=  1) 00
[    1.095908] [drm:update_display_info] Supported Monitor Refresh rate range is 0 Hz - 0 Hz
[    1.095910] [drm:update_display_info] eDP-1: Assigning EDID-1.4 digital sink color depth as 8 bpc.
[    1.095912] [drm:drm_mode_object_put] OBJ ID: 83 (1)
[    1.096195] amdgpu 0000:04:00.0: [drm:drm_dp_dpcd_probe] AMDGPU DM aux hw bus 0: 0x00000 AUX -> (ret=  1) 11
[    1.096477] amdgpu 0000:04:00.0: [drm:drm_dp_dpcd_read] AMDGPU DM aux hw bus 0: 0x00007 AUX -> (ret=  1) 40
[    1.096523] [drm:dm_hw_init] DM: Registered Backlight device: amdgpu_bl0
[    1.096526] [drm] PSR support 0, DC PSR ver -1, sink PSR ver 0 DPCD caps 0x0 su_y_granularity 0
[    1.096530] [drm:update_display_info] Supported Monitor Refresh rate range is 0 Hz - 0 Hz
[    1.096532] [drm:update_display_info] eDP-1: Assigning EDID-1.4 digital sink color depth as 8 bpc.
[    1.096533] [drm:_drm_edid_connector_update] ELD monitor
[    1.096535] [drm:_drm_edid_connector_update] ELD size 20, SAD count 0
[    1.096835] amdgpu 0000:04:00.0: [drm:drm_dp_dpcd_probe] AMDGPU DM aux hw bus 0: 0x00000 AUX -> (ret=  1) 11
[    1.097117] amdgpu 0000:04:00.0: [drm:drm_dp_dpcd_read] AMDGPU DM aux hw bus 0: 0x00007 AUX -> (ret=  1) 40
[    1.097135] [drm:dm_hw_init] amdgpu_dm_connector_init()
[    1.097194] [drm:dc_link_detect] link=1, dc_sink_in=0000000000000000 is now Disconnected prev_sink=0000000000000000 edid same=0
[    1.097197] [drm:amdgpu_dm_update_connector_after_detect] DCHPD: connector_id=1: dc_sink didn't change.
[    1.097202] [drm:dm_hw_init] amdgpu_dm_connector_init()
[    1.097269] [drm:dc_link_detect] link=2, dc_sink_in=0000000000000000 is now Disconnected prev_sink=0000000000000000 edid same=0
[    1.097271] [drm:amdgpu_dm_update_connector_after_detect] DCHPD: connector_id=2: dc_sink didn't change.
[    1.097275] [drm:dm_hw_init] amdgpu_dm_connector_init()
[    1.097329] [drm:dc_link_detect] link=3, dc_sink_in=0000000000000000 is now Disconnected prev_sink=0000000000000000 edid same=0
[    1.097331] [drm:amdgpu_dm_update_connector_after_detect] DCHPD: connector_id=3: dc_sink didn't change.
[    1.097335] [drm:amdgpu_dm_irq_register_interrupt] DM_IRQ: added irq handler: 0000000058f9dc23 for: dal_src=78, irq context=1
[    1.097339] [drm:amdgpu_dm_irq_register_interrupt] DM_IRQ: added irq handler: 00000000161c0635 for: dal_src=79, irq context=1
[    1.097341] [drm:amdgpu_dm_irq_register_interrupt] DM_IRQ: added irq handler: 00000000ac7ca401 for: dal_src=80, irq context=1
[    1.097344] [drm:amdgpu_dm_irq_register_interrupt] DM_IRQ: added irq handler: 00000000d1912cff for: dal_src=81, irq context=1
[    1.097346] [drm:amdgpu_dm_irq_register_interrupt] DM_IRQ: added irq handler: 00000000c3547bee for: dal_src=72, irq context=1
[    1.097349] [drm:amdgpu_dm_irq_register_interrupt] DM_IRQ: added irq handler: 000000006c29d682 for: dal_src=73, irq context=1
[    1.097351] [drm:amdgpu_dm_irq_register_interrupt] DM_IRQ: added irq handler: 000000009cbd178a for: dal_src=74, irq context=1
[    1.097353] [drm:amdgpu_dm_irq_register_interrupt] DM_IRQ: added irq handler: 000000001a45ebff for: dal_src=75, irq context=1
[    1.097356] [drm:amdgpu_dm_irq_register_interrupt] DM_IRQ: added irq handler: 00000000a8ad8a00 for: dal_src=26, irq context=1
[    1.097358] [drm:amdgpu_dm_irq_register_interrupt] DM_IRQ: added irq handler: 00000000f0a3685c for: dal_src=27, irq context=1
[    1.097360] [drm:amdgpu_dm_irq_register_interrupt] DM_IRQ: added irq handler: 00000000167c5ae5 for: dal_src=28, irq context=1
[    1.097362] [drm:amdgpu_dm_irq_register_interrupt] DM_IRQ: added irq handler: 00000000d139b42f for: dal_src=29, irq context=1
[    1.097365] [drm:amdgpu_dm_irq_register_interrupt] DM_IRQ: added irq handler: 00000000508f7e42 for: dal_src=2, irq context=0
[    1.097367] [drm:amdgpu_dm_irq_register_interrupt] DM_IRQ: added irq handler: 000000004ed60743 for: dal_src=3, irq context=0
[    1.097369] [drm:amdgpu_dm_irq_register_interrupt] DM_IRQ: added irq handler: 00000000fdb77802 for: dal_src=9, irq context=0
[    1.097371] [drm:amdgpu_dm_irq_register_interrupt] DM_IRQ: added irq handler: 00000000f7e94312 for: dal_src=4, irq context=0
[    1.097373] [drm:amdgpu_dm_irq_register_interrupt] DM_IRQ: added irq handler: 00000000da7076cb for: dal_src=10, irq context=0
[    1.097762] [drm:dm_hw_init] KMS initialized.
[    1.098040] [drm] kiq ring mec 2 pipe 1 q 0
[    1.098194] amdgpu 0000:04:00.0: [drm:amdgpu_ring_test_helper] ring test on kiq_2.1.0 succeeded
[    1.098234] amdgpu 0000:04:00.0: [drm:amdgpu_ring_test_helper] ring test on kiq_2.1.0 succeeded
[    1.098290] amdgpu 0000:04:00.0: [drm:amdgpu_ring_test_helper] ring test on gfx_0.0.0 succeeded
[    1.098305] amdgpu 0000:04:00.0: [drm:amdgpu_ring_test_helper] ring test on comp_1.0.0 succeeded
[    1.098320] amdgpu 0000:04:00.0: [drm:amdgpu_ring_test_helper] ring test on comp_1.1.0 succeeded
[    1.098335] amdgpu 0000:04:00.0: [drm:amdgpu_ring_test_helper] ring test on comp_1.2.0 succeeded
[    1.098349] amdgpu 0000:04:00.0: [drm:amdgpu_ring_test_helper] ring test on comp_1.3.0 succeeded
[    1.098365] amdgpu 0000:04:00.0: [drm:amdgpu_ring_test_helper] ring test on comp_1.0.1 succeeded
[    1.098380] amdgpu 0000:04:00.0: [drm:amdgpu_ring_test_helper] ring test on comp_1.1.1 succeeded
[    1.098394] amdgpu 0000:04:00.0: [drm:amdgpu_ring_test_helper] ring test on comp_1.2.1 succeeded
[    1.098409] amdgpu 0000:04:00.0: [drm:amdgpu_ring_test_helper] ring test on comp_1.3.1 succeeded
[    1.098413] [drm:sdma_v5_2_soft_reset] GRBM_SOFT_RESET=0x00800000
[    1.098545] [drm:sdma_v5_2_ring_set_wptr] Setting write pointer
[    1.098547] [drm:sdma_v5_2_ring_set_wptr] Using doorbell -- wptr_offs == 0x000001a8 lower_32_bits(ring->wptr << 2) == 0x00000040 upper_32_bits(ring->wptr << 2) == 0x00000000
[    1.098549] [drm:sdma_v5_2_ring_set_wptr] calling WDOORBELL64(0x00000200, 0x0000000000000040)
[    1.101345] amdgpu 0000:04:00.0: [drm:amdgpu_ring_test_helper] ring test on vcn_dec_0 succeeded
[    1.101347] [drm:vcn_v3_0_pause_dpg_mode] dpg pause state changed 0 -> 1
[    1.101682] amdgpu 0000:04:00.0: [drm:amdgpu_ring_test_helper] ring test on vcn_enc_0.0 succeeded
[    1.101710] amdgpu 0000:04:00.0: [drm:amdgpu_ring_test_helper] ring test on vcn_enc_0.1 succeeded
[    1.101711] [drm] VCN decode and encode initialized successfully(under DPG Mode).
[    1.101745] amdgpu 0000:04:00.0: [drm:amdgpu_ring_test_helper] ring test on jpeg_dec succeeded
[    1.101747] [drm] JPEG decode initialized successfully.
[    1.103154] kfd kfd: amdgpu: Allocated 3969056 bytes on gart
[    1.103181] amdgpu: sdma_bitmap: 3
[    1.103257] amdgpu: Virtual CRAT table created for GPU
[    1.103749] amdgpu: Topology: Add dGPU node [0x1506:0x1002]
[    1.103752] kfd kfd: amdgpu: added device 1002:1506
[    1.103764] amdgpu 0000:04:00.0: amdgpu: SE 1, SH per SE 1, CU per SH 2, active_cu_number 2
[    1.103828] amdgpu 0000:04:00.0: amdgpu: ring gfx_0.0.0 uses VM inv eng 0 on hub 0
[    1.103829] amdgpu 0000:04:00.0: amdgpu: ring comp_1.0.0 uses VM inv eng 1 on hub 0
[    1.103831] amdgpu 0000:04:00.0: amdgpu: ring comp_1.1.0 uses VM inv eng 4 on hub 0
[    1.103832] amdgpu 0000:04:00.0: amdgpu: ring comp_1.2.0 uses VM inv eng 5 on hub 0
[    1.103833] amdgpu 0000:04:00.0: amdgpu: ring comp_1.3.0 uses VM inv eng 6 on hub 0
[    1.103834] amdgpu 0000:04:00.0: amdgpu: ring comp_1.0.1 uses VM inv eng 7 on hub 0
[    1.103835] amdgpu 0000:04:00.0: amdgpu: ring comp_1.1.1 uses VM inv eng 8 on hub 0
[    1.103836] amdgpu 0000:04:00.0: amdgpu: ring comp_1.2.1 uses VM inv eng 9 on hub 0
[    1.103837] amdgpu 0000:04:00.0: amdgpu: ring comp_1.3.1 uses VM inv eng 10 on hub 0
[    1.103839] amdgpu 0000:04:00.0: amdgpu: ring kiq_2.1.0 uses VM inv eng 11 on hub 0
[    1.103840] amdgpu 0000:04:00.0: amdgpu: ring sdma0 uses VM inv eng 12 on hub 0
[    1.103841] amdgpu 0000:04:00.0: amdgpu: ring vcn_dec_0 uses VM inv eng 0 on hub 1
[    1.103842] amdgpu 0000:04:00.0: amdgpu: ring vcn_enc_0.0 uses VM inv eng 1 on hub 1
[    1.103843] amdgpu 0000:04:00.0: amdgpu: ring vcn_enc_0.1 uses VM inv eng 4 on hub 1
[    1.103844] amdgpu 0000:04:00.0: amdgpu: ring jpeg_dec uses VM inv eng 5 on hub 1
[    1.104280] [drm:drm_minor_register]
[    1.104389] [drm:drm_minor_register] new minor registered 128
[    1.104391] [drm:drm_minor_register]
[    1.104439] [drm:drm_minor_register] new minor registered 0
[    1.104472] [drm:drm_sysfs_connector_add] adding "eDP-1" to sysfs
[    1.104535] [drm:drm_dp_aux_register_devnode] drm_dp_aux_dev: aux [AMDGPU DM aux hw bus 0] registered as minor 0
[    1.104587] amdgpu 0000:04:00.0: [drm:drm_sysfs_connector_hotplug_event] [CONNECTOR:78:eDP-1] generating connector hotplug event
[    1.104594] [drm:drm_sysfs_connector_add] adding "HDMI-A-1" to sysfs
[    1.104611] amdgpu 0000:04:00.0: [drm:drm_sysfs_connector_hotplug_event] [CONNECTOR:85:HDMI-A-1] generating connector hotplug event
[    1.104616] [drm:drm_sysfs_connector_add] adding "DP-1" to sysfs
[    1.104672] [drm:drm_dp_aux_register_devnode] drm_dp_aux_dev: aux [AMDGPU DM aux hw bus 2] registered as minor 1
[    1.104716] amdgpu 0000:04:00.0: [drm:drm_sysfs_connector_hotplug_event] [CONNECTOR:89:DP-1] generating connector hotplug event
[    1.104720] [drm:drm_sysfs_connector_add] adding "DP-2" to sysfs
[    1.104785] [drm:drm_dp_aux_register_devnode] drm_dp_aux_dev: aux [AMDGPU DM aux hw bus 3] registered as minor 2
[    1.104825] amdgpu 0000:04:00.0: [drm:drm_sysfs_connector_hotplug_event] [CONNECTOR:94:DP-2] generating connector hotplug event
[    1.104828] [drm] Initialized amdgpu 3.48.0 20150101 for 0000:04:00.0 on minor 0
[    1.104972] usbcore: registered new interface driver udl
[    1.106430] loop: module loaded
[    1.106495] lkdtm: No crash points registered, enable through debugfs
[    1.106740] pci 0000:03:00.0: attach allowed to drvr nvme [internal device]
[    1.106764] nvme 0000:03:00.0: platform quirk: setting simple suspend
[    1.106820] nvme nvme0: pci function 0000:03:00.0
[    1.106930] mdio_bus fixed-0: GPIO lookup for consumer reset
[    1.106931] mdio_bus fixed-0: using lookup tables for GPIO lookup
[    1.106932] mdio_bus fixed-0: No GPIO consumer reset found
[    1.106937] PPP generic driver version 2.4.2
[    1.106972] PPP MPPE Compression module registered
[    1.106996] ehci_hcd: USB 2.0 'Enhanced' Host Controller (EHCI) Driver
[    1.106997] ehci-pci: EHCI PCI platform driver
[    1.107004] uhci_hcd: USB Universal Host Controller Interface driver
